Archive member included to satisfy reference by file (symbol)

/home/c_epbori/BLE/tools/gcc-arm-none-eabi-6-2017-q2-update/bin/../lib/gcc/arm-none-eabi/6.3.1/thumb/v6-m/libgcc.a(_udivsi3.o)
                              /home/c_epbori/BLE/tools/nRF51_SDK/examples/ble_peripheral/ble_app_hrs/pca10028/s110/armgcc/_build/bsp.o (__aeabi_uidiv)
/home/c_epbori/BLE/tools/gcc-arm-none-eabi-6-2017-q2-update/bin/../lib/gcc/arm-none-eabi/6.3.1/thumb/v6-m/libgcc.a(_divsi3.o)
                              /home/c_epbori/BLE/tools/nRF51_SDK/examples/ble_peripheral/ble_app_hrs/pca10028/s110/armgcc/_build/pstorage.o (__aeabi_idiv)
/home/c_epbori/BLE/tools/gcc-arm-none-eabi-6-2017-q2-update/bin/../lib/gcc/arm-none-eabi/6.3.1/thumb/v6-m/libgcc.a(_dvmd_tls.o)
                              /home/c_epbori/BLE/tools/gcc-arm-none-eabi-6-2017-q2-update/bin/../lib/gcc/arm-none-eabi/6.3.1/thumb/v6-m/libgcc.a(_udivsi3.o) (__aeabi_idiv0)
/home/c_epbori/BLE/tools/gcc-arm-none-eabi-6-2017-q2-update/bin/../lib/gcc/arm-none-eabi/6.3.1/../../../../arm-none-eabi/lib/thumb/v6-m/libc.a(lib_a-exit.o)
                              /home/c_epbori/BLE/tools/gcc-arm-none-eabi-6-2017-q2-update/bin/../lib/gcc/arm-none-eabi/6.3.1/../../../../arm-none-eabi/lib/thumb/v6-m/crt0.o (exit)
/home/c_epbori/BLE/tools/gcc-arm-none-eabi-6-2017-q2-update/bin/../lib/gcc/arm-none-eabi/6.3.1/../../../../arm-none-eabi/lib/thumb/v6-m/libc.a(lib_a-impure.o)
                              /home/c_epbori/BLE/tools/gcc-arm-none-eabi-6-2017-q2-update/bin/../lib/gcc/arm-none-eabi/6.3.1/../../../../arm-none-eabi/lib/thumb/v6-m/libc.a(lib_a-exit.o) (_global_impure_ptr)
/home/c_epbori/BLE/tools/gcc-arm-none-eabi-6-2017-q2-update/bin/../lib/gcc/arm-none-eabi/6.3.1/../../../../arm-none-eabi/lib/thumb/v6-m/libc.a(lib_a-init.o)
                              /home/c_epbori/BLE/tools/gcc-arm-none-eabi-6-2017-q2-update/bin/../lib/gcc/arm-none-eabi/6.3.1/../../../../arm-none-eabi/lib/thumb/v6-m/crt0.o (__libc_init_array)
/home/c_epbori/BLE/tools/gcc-arm-none-eabi-6-2017-q2-update/bin/../lib/gcc/arm-none-eabi/6.3.1/../../../../arm-none-eabi/lib/thumb/v6-m/libc.a(lib_a-memcmp.o)
                              /home/c_epbori/BLE/tools/nRF51_SDK/examples/ble_peripheral/ble_app_hrs/pca10028/s110/armgcc/_build/device_manager_peripheral.o (memcmp)
/home/c_epbori/BLE/tools/gcc-arm-none-eabi-6-2017-q2-update/bin/../lib/gcc/arm-none-eabi/6.3.1/../../../../arm-none-eabi/lib/thumb/v6-m/libc.a(lib_a-memcpy-stub.o)
                              /home/c_epbori/BLE/tools/nRF51_SDK/examples/ble_peripheral/ble_app_hrs/pca10028/s110/armgcc/_build/ble_advdata.o (memcpy)
/home/c_epbori/BLE/tools/gcc-arm-none-eabi-6-2017-q2-update/bin/../lib/gcc/arm-none-eabi/6.3.1/../../../../arm-none-eabi/lib/thumb/v6-m/libc.a(lib_a-memmove.o)
                              /home/c_epbori/BLE/tools/nRF51_SDK/examples/ble_peripheral/ble_app_hrs/pca10028/s110/armgcc/_build/ble_hrs.o (memmove)
/home/c_epbori/BLE/tools/gcc-arm-none-eabi-6-2017-q2-update/bin/../lib/gcc/arm-none-eabi/6.3.1/../../../../arm-none-eabi/lib/thumb/v6-m/libc.a(lib_a-memset.o)
                              /home/c_epbori/BLE/tools/gcc-arm-none-eabi-6-2017-q2-update/bin/../lib/gcc/arm-none-eabi/6.3.1/../../../../arm-none-eabi/lib/thumb/v6-m/crt0.o (memset)
/home/c_epbori/BLE/tools/gcc-arm-none-eabi-6-2017-q2-update/bin/../lib/gcc/arm-none-eabi/6.3.1/../../../../arm-none-eabi/lib/thumb/v6-m/libc.a(lib_a-strlen-stub.o)
                              /home/c_epbori/BLE/tools/nRF51_SDK/examples/ble_peripheral/ble_app_hrs/pca10028/s110/armgcc/_build/ble_srv_common.o (strlen)
/home/c_epbori/BLE/tools/gcc-arm-none-eabi-6-2017-q2-update/bin/../lib/gcc/arm-none-eabi/6.3.1/../../../../arm-none-eabi/lib/thumb/v6-m/libc.a(lib_a-__call_atexit.o)
                              /home/c_epbori/BLE/tools/gcc-arm-none-eabi-6-2017-q2-update/bin/../lib/gcc/arm-none-eabi/6.3.1/../../../../arm-none-eabi/lib/thumb/v6-m/libc.a(lib_a-exit.o) (__call_exitprocs)
/home/c_epbori/BLE/tools/gcc-arm-none-eabi-6-2017-q2-update/bin/../lib/gcc/arm-none-eabi/6.3.1/../../../../arm-none-eabi/lib/thumb/v6-m/libc.a(lib_a-atexit.o)
                              /home/c_epbori/BLE/tools/gcc-arm-none-eabi-6-2017-q2-update/bin/../lib/gcc/arm-none-eabi/6.3.1/../../../../arm-none-eabi/lib/thumb/v6-m/libc.a(lib_a-__call_atexit.o) (atexit)
/home/c_epbori/BLE/tools/gcc-arm-none-eabi-6-2017-q2-update/bin/../lib/gcc/arm-none-eabi/6.3.1/../../../../arm-none-eabi/lib/thumb/v6-m/libc.a(lib_a-fini.o)
                              /home/c_epbori/BLE/tools/gcc-arm-none-eabi-6-2017-q2-update/bin/../lib/gcc/arm-none-eabi/6.3.1/../../../../arm-none-eabi/lib/thumb/v6-m/libc.a(lib_a-__call_atexit.o) (__libc_fini_array)
/home/c_epbori/BLE/tools/gcc-arm-none-eabi-6-2017-q2-update/bin/../lib/gcc/arm-none-eabi/6.3.1/../../../../arm-none-eabi/lib/thumb/v6-m/libc.a(lib_a-lock.o)
[...]
Memory Configuration

Name             Origin             Length             Attributes
FLASH            0x0000000000018000 0x0000000000028000 xr
RAM              0x0000000020002000 0x0000000000006000 xrw
*default*        0x0000000000000000 0xffffffffffffffff

Linker script and memory map

LOAD /home/c_epbori/BLE/tools/gcc-arm-none-eabi-6-2017-q2-update/bin/../lib/gcc/arm-none-eabi/6.3.1/thumb/v6-m/crti.o
LOAD /home/c_epbori/BLE/tools/gcc-arm-none-eabi-6-2017-q2-update/bin/../lib/gcc/arm-none-eabi/6.3.1/thumb/v6-m/crtbegin.o
LOAD /home/c_epbori/BLE/tools/gcc-arm-none-eabi-6-2017-q2-update/bin/../lib/gcc/arm-none-eabi/6.3.1/../../../../arm-none-eabi/lib/thumb/v6-m/crt0.o
LOAD main.o
LOAD /home/c_epbori/BLE/tools/nRF51_SDK/examples/ble_peripheral/ble_app_hrs/pca10028/s110/armgcc/_build/app_button.o
LOAD /home/c_epbori/BLE/tools/nRF51_SDK/examples/ble_peripheral/ble_app_hrs/pca10028/s110/armgcc/_build/app_error.o
LOAD /home/c_epbori/BLE/tools/nRF51_SDK/examples/ble_peripheral/ble_app_hrs/pca10028/s110/armgcc/_build/app_fifo.o
LOAD /home/c_epbori/BLE/tools/nRF51_SDK/examples/ble_peripheral/ble_app_hrs/pca10028/s110/armgcc/_build/app_timer.o
LOAD /home/c_epbori/BLE/tools/nRF51_SDK/examples/ble_peripheral/ble_app_hrs/pca10028/s110/armgcc/_build/app_trace.o
LOAD /home/c_epbori/BLE/tools/nRF51_SDK/examples/ble_peripheral/ble_app_hrs/pca10028/s110/armgcc/_build/app_uart_fifo.o
LOAD /home/c_epbori/BLE/tools/nRF51_SDK/examples/ble_peripheral/ble_app_hrs/pca10028/s110/armgcc/_build/ble_advdata.o
LOAD /home/c_epbori/BLE/tools/nRF51_SDK/examples/ble_peripheral/ble_app_hrs/pca10028/s110/armgcc/_build/ble_advertising.o
LOAD /home/c_epbori/BLE/tools/nRF51_SDK/examples/ble_peripheral/ble_app_hrs/pca10028/s110/armgcc/_build/ble_bas.o
LOAD /home/c_epbori/BLE/tools/nRF51_SDK/examples/ble_peripheral/ble_app_hrs/pca10028/s110/armgcc/_build/ble_conn_params.o
LOAD /home/c_epbori/BLE/tools/nRF51_SDK/examples/ble_peripheral/ble_app_hrs/pca10028/s110/armgcc/_build/ble_dis.o
LOAD /home/c_epbori/BLE/tools/nRF51_SDK/examples/ble_peripheral/ble_app_hrs/pca10028/s110/armgcc/_build/ble_hrs.o
LOAD /home/c_epbori/BLE/tools/nRF51_SDK/examples/ble_peripheral/ble_app_hrs/pca10028/s110/armgcc/_build/ble_srv_common.o
LOAD /home/c_epbori/BLE/tools/nRF51_SDK/examples/ble_peripheral/ble_app_hrs/pca10028/s110/armgcc/_build/bsp_btn_ble.o
LOAD /home/c_epbori/BLE/tools/nRF51_SDK/examples/ble_peripheral/ble_app_hrs/pca10028/s110/armgcc/_build/bsp.o
LOAD /home/c_epbori/BLE/tools/nRF51_SDK/examples/ble_peripheral/ble_app_hrs/pca10028/s110/armgcc/_build/device_manager_peripheral.o
LOAD /home/c_epbori/BLE/tools/nRF51_SDK/examples/ble_peripheral/ble_app_hrs/pca10028/s110/armgcc/_build/gcc_startup_nrf51.o
LOAD /home/c_epbori/BLE/tools/nRF51_SDK/examples/ble_peripheral/ble_app_hrs/pca10028/s110/armgcc/_build/nrf_assert.o
LOAD /home/c_epbori/BLE/tools/nRF51_SDK/examples/ble_peripheral/ble_app_hrs/pca10028/s110/armgcc/_build/nrf_delay.o
LOAD /home/c_epbori/BLE/tools/nRF51_SDK/examples/ble_peripheral/ble_app_hrs/pca10028/s110/armgcc/_build/nrf_drv_common.o
LOAD /home/c_epbori/BLE/tools/nRF51_SDK/examples/ble_peripheral/ble_app_hrs/pca10028/s110/armgcc/_build/nrf_drv_gpiote.o
LOAD /home/c_epbori/BLE/tools/nRF51_SDK/examples/ble_peripheral/ble_app_hrs/pca10028/s110/armgcc/_build/nrf_drv_uart.o
LOAD /home/c_epbori/BLE/tools/nRF51_SDK/examples/ble_peripheral/ble_app_hrs/pca10028/s110/armgcc/_build/pstorage.o
LOAD /home/c_epbori/BLE/tools/nRF51_SDK/examples/ble_peripheral/ble_app_hrs/pca10028/s110/armgcc/_build/retarget.o
LOAD /home/c_epbori/BLE/tools/nRF51_SDK/examples/ble_peripheral/ble_app_hrs/pca10028/s110/armgcc/_build/sensorsim.o
LOAD /home/c_epbori/BLE/tools/nRF51_SDK/examples/ble_peripheral/ble_app_hrs/pca10028/s110/armgcc/_build/softdevice_handler.o
LOAD /home/c_epbori/BLE/tools/nRF51_SDK/examples/ble_peripheral/ble_app_hrs/pca10028/s110/armgcc/_build/system_nrf51.o
START GROUP
LOAD /home/c_epbori/BLE/tools/gcc-arm-none-eabi-6-2017-q2-update/bin/../lib/gcc/arm-none-eabi/6.3.1/thumb/v6-m/libgcc.a
LOAD /home/c_epbori/BLE/tools/gcc-arm-none-eabi-6-2017-q2-update/bin/../lib/gcc/arm-none-eabi/6.3.1/../../../../arm-none-eabi/lib/thumb/v6-m/libc.a
END GROUP
LOAD /home/c_epbori/BLE/tools/gcc-arm-none-eabi-6-2017-q2-update/bin/../lib/gcc/arm-none-eabi/6.3.1/thumb/v6-m/crtend.o
LOAD /home/c_epbori/BLE/tools/gcc-arm-none-eabi-6-2017-q2-update/bin/../lib/gcc/arm-none-eabi/6.3.1/thumb/v6-m/crtn.o
START GROUP
LOAD /home/c_epbori/BLE/tools/gcc-arm-none-eabi-6-2017-q2-update/bin/../lib/gcc/arm-none-eabi/6.3.1/thumb/v6-m/libgcc.a
LOAD /home/c_epbori/BLE/tools/gcc-arm-none-eabi-6-2017-q2-update/bin/../lib/gcc/arm-none-eabi/6.3.1/../../../../arm-none-eabi/lib/thumb/v6-m/libc.a
LOAD /home/c_epbori/BLE/tools/gcc-arm-none-eabi-6-2017-q2-update/bin/../lib/gcc/arm-none-eabi/6.3.1/../../../../arm-none-eabi/lib/thumb/v6-m/libnosys.a
END GROUP

.fs_data_out    0x0000000000000000        0x0
                [!provide]                        PROVIDE (__start_fs_data, .)
 *(fs_data)
                [!provide]                        PROVIDE (__stop_fs_data, .)

.text           0x0000000000018000     0xfa9c
 *(.Vectors)
 .Vectors       0x0000000000018000       0xc0 /home/c_epbori/BLE/tools/nRF51_SDK/examples/ble_peripheral/ble_app_hrs/pca10028/s110/armgcc/_build/gcc_startup_nrf51.o
                0x0000000000018000                __Vectors
 *(.text*)
 .text          0x00000000000180c0        0x0 /home/c_epbori/BLE/tools/gcc-arm-none-eabi-6-2017-q2-update/bin/../lib/gcc/arm-none-eabi/6.3.1/thumb/v6-m/crti.o
 .text          0x00000000000180c0       0x60 /home/c_epbori/BLE/tools/gcc-arm-none-eabi-6-2017-q2-update/bin/../lib/gcc/arm-none-eabi/6.3.1/thumb/v6-m/crtbegin.o
 .text          0x0000000000018120       0x78 /home/c_epbori/BLE/tools/gcc-arm-none-eabi-6-2017-q2-update/bin/../lib/gcc/arm-none-eabi/6.3.1/../../../../arm-none-eabi/lib/thumb/v6-m/crt0.o
                0x0000000000018120                _mainCRTStartup
                0x0000000000018120                _start
 .text          0x0000000000018198      0x624 main.o
                0x000000000001878c                main
 .text          0x00000000000187bc        0x0 /home/c_epbori/BLE/tools/nRF51_SDK/examples/ble_peripheral/ble_app_hrs/pca10028/s110/armgcc/_build/app_button.o
 .text.detection_delay_timeout_handler
                0x00000000000187bc       0xe4 /home/c_epbori/BLE/tools/nRF51_SDK/examples/ble_peripheral/ble_app_hrs/pca10028/s110/armgcc/_build/app_button.o
 .text.gpiote_event_handler
                0x00000000000188a0       0xa4 /home/c_epbori/BLE/tools/nRF51_SDK/examples/ble_peripheral/ble_app_hrs/pca10028/s110/armgcc/_build/app_button.o
 .text.app_button_init
                0x0000000000018944      0x104 /home/c_epbori/BLE/tools/nRF51_SDK/examples/ble_peripheral/ble_app_hrs/pca10028/s110/armgcc/_build/app_button.o
                0x0000000000018944                app_button_init
 .text.app_button_enable
                0x0000000000018a48       0x44 /home/c_epbori/BLE/tools/nRF51_SDK/examples/ble_peripheral/ble_app_hrs/pca10028/s110/armgcc/_build/app_button.o
                0x0000000000018a48                app_button_enable
 .text.app_button_disable
                0x0000000000018a8c       0x50 /home/c_epbori/BLE/tools/nRF51_SDK/examples/ble_peripheral/ble_app_hrs/pca10028/s110/armgcc/_build/app_button.o
                0x0000000000018a8c                app_button_disable
 .text.app_button_is_pushed
                0x0000000000018adc       0x5c /home/c_epbori/BLE/tools/nRF51_SDK/examples/ble_peripheral/ble_app_hrs/pca10028/s110/armgcc/_build/app_button.o
                0x0000000000018adc                app_button_is_pushed
 .text          0x0000000000018b38        0x0 /home/c_epbori/BLE/tools/nRF51_SDK/examples/ble_peripheral/ble_app_hrs/pca10028/s110/armgcc/_build/app_error.o
 .text.NVIC_SystemReset
                0x0000000000018b38       0x1c /home/c_epbori/BLE/tools/nRF51_SDK/examples/ble_peripheral/ble_app_hrs/pca10028/s110/armgcc/_build/app_error.o
 .text.app_error_handler
                0x0000000000018b54       0x18 /home/c_epbori/BLE/tools/nRF51_SDK/examples/ble_peripheral/ble_app_hrs/pca10028/s110/armgcc/_build/app_error.o
                0x0000000000018b54                app_error_handler
 .text          0x0000000000018b6c        0x0 /home/c_epbori/BLE/tools/nRF51_SDK/examples/ble_peripheral/ble_app_hrs/pca10028/s110/armgcc/_build/app_fifo.o
 .text.fifo_length
                0x0000000000018b6c       0x1e /home/c_epbori/BLE/tools/nRF51_SDK/examples/ble_peripheral/ble_app_hrs/pca10028/s110/armgcc/_build/app_fifo.o
 .text.fifo_put
                0x0000000000018b8a       0x36 /home/c_epbori/BLE/tools/nRF51_SDK/examples/ble_peripheral/ble_app_hrs/pca10028/s110/armgcc/_build/app_fifo.o
 .text.fifo_get
                0x0000000000018bc0       0x32 /home/c_epbori/BLE/tools/nRF51_SDK/examples/ble_peripheral/ble_app_hrs/pca10028/s110/armgcc/_build/app_fifo.o
 .text.app_fifo_init
                0x0000000000018bf2       0x5a /home/c_epbori/BLE/tools/nRF51_SDK/examples/ble_peripheral/ble_app_hrs/pca10028/s110/armgcc/_build/app_fifo.o
                0x0000000000018bf2                app_fifo_init
 .text.app_fifo_put
                0x0000000000018c4c       0x3c /home/c_epbori/BLE/tools/nRF51_SDK/examples/ble_peripheral/ble_app_hrs/pca10028/s110/armgcc/_build/app_fifo.o
                0x0000000000018c4c                app_fifo_put
 .text.app_fifo_get
                0x0000000000018c88       0x30 /home/c_epbori/BLE/tools/nRF51_SDK/examples/ble_peripheral/ble_app_hrs/pca10028/s110/armgcc/_build/app_fifo.o
                0x0000000000018c88                app_fifo_get
 .text.app_fifo_flush
                0x0000000000018cb8       0x1a /home/c_epbori/BLE/tools/nRF51_SDK/examples/ble_peripheral/ble_app_hrs/pca10028/s110/armgcc/_build/app_fifo.o
                0x0000000000018cb8                app_fifo_flush
 .text.app_fifo_read
                0x0000000000018cd2       0x98 /home/c_epbori/BLE/tools/nRF51_SDK/examples/ble_peripheral/ble_app_hrs/pca10028/s110/armgcc/_build/app_fifo.o
                0x0000000000018cd2                app_fifo_read
 .text.app_fifo_write
                0x0000000000018d6a       0xa4 /home/c_epbori/BLE/tools/nRF51_SDK/examples/ble_peripheral/ble_app_hrs/pca10028/s110/armgcc/_build/app_fifo.o
                0x0000000000018d6a                app_fifo_write
 .text          0x0000000000018e0e        0x0 /home/c_epbori/BLE/tools/nRF51_SDK/examples/ble_peripheral/ble_app_hrs/pca10028/s110/armgcc/_build/app_timer.o
 .text.is_word_aligned
                0x0000000000018e0e       0x1c /home/c_epbori/BLE/tools/nRF51_SDK/examples/ble_peripheral/ble_app_hrs/pca10028/s110/armgcc/_build/app_timer.o
 *fill*         0x0000000000018e2a        0x2 
 .text.NVIC_EnableIRQ
                0x0000000000018e2c       0x2c /home/c_epbori/BLE/tools/nRF51_SDK/examples/ble_peripheral/ble_app_hrs/pca10028/s110/armgcc/_build/app_timer.o
 .text.NVIC_DisableIRQ
                0x0000000000018e58       0x30 /home/c_epbori/BLE/tools/nRF51_SDK/examples/ble_peripheral/ble_app_hrs/pca10028/s110/armgcc/_build/app_timer.o
 .text.NVIC_SetPendingIRQ
                0x0000000000018e88       0x34 /home/c_epbori/BLE/tools/nRF51_SDK/examples/ble_peripheral/ble_app_hrs/pca10028/s110/armgcc/_build/app_timer.o
 .text.NVIC_ClearPendingIRQ
                0x0000000000018ebc       0x34 /home/c_epbori/BLE/tools/nRF51_SDK/examples/ble_peripheral/ble_app_hrs/pca10028/s110/armgcc/_build/app_timer.o
 .text.NVIC_SetPriority
                0x0000000000018ef0       0xdc /home/c_epbori/BLE/tools/nRF51_SDK/examples/ble_peripheral/ble_app_hrs/pca10028/s110/armgcc/_build/app_timer.o
 .text.NVIC_GetPriority
                0x0000000000018fcc       0x7c /home/c_epbori/BLE/tools/nRF51_SDK/examples/ble_peripheral/ble_app_hrs/pca10028/s110/armgcc/_build/app_timer.o
 .text.sd_mutex_new
                0x0000000000019048        0x8 /home/c_epbori/BLE/tools/nRF51_SDK/examples/ble_peripheral/ble_app_hrs/pca10028/s110/armgcc/_build/app_timer.o
 .text.sd_mutex_acquire
                0x0000000000019050        0x8 /home/c_epbori/BLE/tools/nRF51_SDK/examples/ble_peripheral/ble_app_hrs/pca10028/s110/armgcc/_build/app_timer.o
 .text.sd_mutex_release
                0x0000000000019058        0x8 /home/c_epbori/BLE/tools/nRF51_SDK/examples/ble_peripheral/ble_app_hrs/pca10028/s110/armgcc/_build/app_timer.o
 .text.sd_nvic_EnableIRQ
                0x0000000000019060        0x8 /home/c_epbori/BLE/tools/nRF51_SDK/examples/ble_peripheral/ble_app_hrs/pca10028/s110/armgcc/_build/app_timer.o
 .text.sd_nvic_DisableIRQ
                0x0000000000019068        0x8 /home/c_epbori/BLE/tools/nRF51_SDK/examples/ble_peripheral/ble_app_hrs/pca10028/s110/armgcc/_build/app_timer.o
 .text.sd_nvic_GetPendingIRQ
                0x0000000000019070        0x8 /home/c_epbori/BLE/tools/nRF51_SDK/examples/ble_peripheral/ble_app_hrs/pca10028/s110/armgcc/_build/app_timer.o
 .text.sd_nvic_SetPendingIRQ
                0x0000000000019078        0x8 /home/c_epbori/BLE/tools/nRF51_SDK/examples/ble_peripheral/ble_app_hrs/pca10028/s110/armgcc/_build/app_timer.o
 .text.sd_nvic_ClearPendingIRQ
                0x0000000000019080        0x8 /home/c_epbori/BLE/tools/nRF51_SDK/examples/ble_peripheral/ble_app_hrs/pca10028/s110/armgcc/_build/app_timer.o
 .text.sd_nvic_SetPriority
                0x0000000000019088        0x8 /home/c_epbori/BLE/tools/nRF51_SDK/examples/ble_peripheral/ble_app_hrs/pca10028/s110/armgcc/_build/app_timer.o
 .text.sd_nvic_GetPriority
                0x0000000000019090        0x8 /home/c_epbori/BLE/tools/nRF51_SDK/examples/ble_peripheral/ble_app_hrs/pca10028/s110/armgcc/_build/app_timer.o
 .text.sd_nvic_SystemReset
                0x0000000000019098        0x8 /home/c_epbori/BLE/tools/nRF51_SDK/examples/ble_peripheral/ble_app_hrs/pca10028/s110/armgcc/_build/app_timer.o
 .text.sd_nvic_critical_region_enter
                0x00000000000190a0        0x8 /home/c_epbori/BLE/tools/nRF51_SDK/examples/ble_peripheral/ble_app_hrs/pca10028/s110/armgcc/_build/app_timer.o
 .text.sd_nvic_critical_region_exit
                0x00000000000190a8        0x8 /home/c_epbori/BLE/tools/nRF51_SDK/examples/ble_peripheral/ble_app_hrs/pca10028/s110/armgcc/_build/app_timer.o
 .text.sd_rand_application_pool_capacity_get
                0x00000000000190b0        0x8 /home/c_epbori/BLE/tools/nRF51_SDK/examples/ble_peripheral/ble_app_hrs/pca10028/s110/armgcc/_build/app_timer.o
 .text.sd_rand_application_bytes_available_get
                0x00000000000190b8        0x8 /home/c_epbori/BLE/tools/nRF51_SDK/examples/ble_peripheral/ble_app_hrs/pca10028/s110/armgcc/_build/app_timer.o
 .text.sd_rand_application_vector_get
                0x00000000000190c0        0x8 /home/c_epbori/BLE/tools/nRF51_SDK/examples/ble_peripheral/ble_app_hrs/pca10028/s110/armgcc/_build/app_timer.o
 .text.sd_power_reset_reason_get
                0x00000000000190c8        0x8 /home/c_epbori/BLE/tools/nRF51_SDK/examples/ble_peripheral/ble_app_hrs/pca10028/s110/armgcc/_build/app_timer.o
 .text.sd_power_reset_reason_clr
                0x00000000000190d0        0x8 /home/c_epbori/BLE/tools/nRF51_SDK/examples/ble_peripheral/ble_app_hrs/pca10028/s110/armgcc/_build/app_timer.o
 .text.sd_power_mode_set
                0x00000000000190d8        0x8 /home/c_epbori/BLE/tools/nRF51_SDK/examples/ble_peripheral/ble_app_hrs/pca10028/s110/armgcc/_build/app_timer.o
 .text.sd_power_system_off
                0x00000000000190e0        0x8 /home/c_epbori/BLE/tools/nRF51_SDK/examples/ble_peripheral/ble_app_hrs/pca10028/s110/armgcc/_build/app_timer.o
 .text.sd_power_pof_enable
                0x00000000000190e8        0x8 /home/c_epbori/BLE/tools/nRF51_SDK/examples/ble_peripheral/ble_app_hrs/pca10028/s110/armgcc/_build/app_timer.o
 .text.sd_power_pof_threshold_set
                0x00000000000190f0        0x8 /home/c_epbori/BLE/tools/nRF51_SDK/examples/ble_peripheral/ble_app_hrs/pca10028/s110/armgcc/_build/app_timer.o
 .text.sd_power_ramon_set
                0x00000000000190f8        0x8 /home/c_epbori/BLE/tools/nRF51_SDK/examples/ble_peripheral/ble_app_hrs/pca10028/s110/armgcc/_build/app_timer.o
 .text.sd_power_ramon_clr
                0x0000000000019100        0x8 /home/c_epbori/BLE/tools/nRF51_SDK/examples/ble_peripheral/ble_app_hrs/pca10028/s110/armgcc/_build/app_timer.o
 .text.sd_power_ramon_get
                0x0000000000019108        0x8 /home/c_epbori/BLE/tools/nRF51_SDK/examples/ble_peripheral/ble_app_hrs/pca10028/s110/armgcc/_build/app_timer.o
 .text.sd_power_gpregret_set
                0x0000000000019110        0x8 /home/c_epbori/BLE/tools/nRF51_SDK/examples/ble_peripheral/ble_app_hrs/pca10028/s110/armgcc/_build/app_timer.o
 .text.sd_power_gpregret_clr
                0x0000000000019118        0x8 /home/c_epbori/BLE/tools/nRF51_SDK/examples/ble_peripheral/ble_app_hrs/pca10028/s110/armgcc/_build/app_timer.o
 .text.sd_power_gpregret_get
                0x0000000000019120        0x8 /home/c_epbori/BLE/tools/nRF51_SDK/examples/ble_peripheral/ble_app_hrs/pca10028/s110/armgcc/_build/app_timer.o
 .text.sd_power_dcdc_mode_set
                0x0000000000019128        0x8 /home/c_epbori/BLE/tools/nRF51_SDK/examples/ble_peripheral/ble_app_hrs/pca10028/s110/armgcc/_build/app_timer.o
 .text.sd_clock_hfclk_request
                0x0000000000019130        0x8 /home/c_epbori/BLE/tools/nRF51_SDK/examples/ble_peripheral/ble_app_hrs/pca10028/s110/armgcc/_build/app_timer.o
 .text.sd_clock_hfclk_release
                0x0000000000019138        0x8 /home/c_epbori/BLE/tools/nRF51_SDK/examples/ble_peripheral/ble_app_hrs/pca10028/s110/armgcc/_build/app_timer.o
 .text.sd_clock_hfclk_is_running
                0x0000000000019140        0x8 /home/c_epbori/BLE/tools/nRF51_SDK/examples/ble_peripheral/ble_app_hrs/pca10028/s110/armgcc/_build/app_timer.o
 .text.sd_app_evt_wait
                0x0000000000019148        0x8 /home/c_epbori/BLE/tools/nRF51_SDK/examples/ble_peripheral/ble_app_hrs/pca10028/s110/armgcc/_build/app_timer.o
 .text.sd_ppi_channel_enable_get
                0x0000000000019150        0x8 /home/c_epbori/BLE/tools/nRF51_SDK/examples/ble_peripheral/ble_app_hrs/pca10028/s110/armgcc/_build/app_timer.o
 .text.sd_ppi_channel_enable_set
                0x0000000000019158        0x8 /home/c_epbori/BLE/tools/nRF51_SDK/examples/ble_peripheral/ble_app_hrs/pca10028/s110/armgcc/_build/app_timer.o
 .text.sd_ppi_channel_enable_clr
                0x0000000000019160        0x8 /home/c_epbori/BLE/tools/nRF51_SDK/examples/ble_peripheral/ble_app_hrs/pca10028/s110/armgcc/_build/app_timer.o
 .text.sd_ppi_channel_assign
                0x0000000000019168        0x8 /home/c_epbori/BLE/tools/nRF51_SDK/examples/ble_peripheral/ble_app_hrs/pca10028/s110/armgcc/_build/app_timer.o
 .text.sd_ppi_group_task_enable
                0x0000000000019170        0x8 /home/c_epbori/BLE/tools/nRF51_SDK/examples/ble_peripheral/ble_app_hrs/pca10028/s110/armgcc/_build/app_timer.o
 .text.sd_ppi_group_task_disable
                0x0000000000019178        0x8 /home/c_epbori/BLE/tools/nRF51_SDK/examples/ble_peripheral/ble_app_hrs/pca10028/s110/armgcc/_build/app_timer.o
 .text.sd_ppi_group_assign
                0x0000000000019180        0x8 /home/c_epbori/BLE/tools/nRF51_SDK/examples/ble_peripheral/ble_app_hrs/pca10028/s110/armgcc/_build/app_timer.o
 .text.sd_ppi_group_get
                0x0000000000019188        0x8 /home/c_epbori/BLE/tools/nRF51_SDK/examples/ble_peripheral/ble_app_hrs/pca10028/s110/armgcc/_build/app_timer.o
 .text.sd_radio_notification_cfg_set
                0x0000000000019190        0x8 /home/c_epbori/BLE/tools/nRF51_SDK/examples/ble_peripheral/ble_app_hrs/pca10028/s110/armgcc/_build/app_timer.o
 .text.sd_ecb_block_encrypt
                0x0000000000019198        0x8 /home/c_epbori/BLE/tools/nRF51_SDK/examples/ble_peripheral/ble_app_hrs/pca10028/s110/armgcc/_build/app_timer.o
 .text.sd_evt_get
                0x00000000000191a0        0x8 /home/c_epbori/BLE/tools/nRF51_SDK/examples/ble_peripheral/ble_app_hrs/pca10028/s110/armgcc/_build/app_timer.o
 .text.sd_temp_get
                0x00000000000191a8        0x8 /home/c_epbori/BLE/tools/nRF51_SDK/examples/ble_peripheral/ble_app_hrs/pca10028/s110/armgcc/_build/app_timer.o
 .text.sd_flash_write
                0x00000000000191b0        0x8 /home/c_epbori/BLE/tools/nRF51_SDK/examples/ble_peripheral/ble_app_hrs/pca10028/s110/armgcc/_build/app_timer.o
 .text.sd_flash_page_erase
                0x00000000000191b8        0x8 /home/c_epbori/BLE/tools/nRF51_SDK/examples/ble_peripheral/ble_app_hrs/pca10028/s110/armgcc/_build/app_timer.o
 .text.sd_flash_protect
                0x00000000000191c0        0x8 /home/c_epbori/BLE/tools/nRF51_SDK/examples/ble_peripheral/ble_app_hrs/pca10028/s110/armgcc/_build/app_timer.o
 .text.sd_radio_session_open
                0x00000000000191c8        0x8 /home/c_epbori/BLE/tools/nRF51_SDK/examples/ble_peripheral/ble_app_hrs/pca10028/s110/armgcc/_build/app_timer.o
 .text.sd_radio_session_close
                0x00000000000191d0        0x8 /home/c_epbori/BLE/tools/nRF51_SDK/examples/ble_peripheral/ble_app_hrs/pca10028/s110/armgcc/_build/app_timer.o
 .text.sd_radio_request
                0x00000000000191d8        0x8 /home/c_epbori/BLE/tools/nRF51_SDK/examples/ble_peripheral/ble_app_hrs/pca10028/s110/armgcc/_build/app_timer.o
 .text.current_int_priority_get
                0x00000000000191e0       0x3c /home/c_epbori/BLE/tools/nRF51_SDK/examples/ble_peripheral/ble_app_hrs/pca10028/s110/armgcc/_build/app_timer.o
 .text.rtc1_init
                0x000000000001921c       0x28 /home/c_epbori/BLE/tools/nRF51_SDK/examples/ble_peripheral/ble_app_hrs/pca10028/s110/armgcc/_build/app_timer.o
 .text.rtc1_start
                0x0000000000019244       0x6c /home/c_epbori/BLE/tools/nRF51_SDK/examples/ble_peripheral/ble_app_hrs/pca10028/s110/armgcc/_build/app_timer.o
 .text.rtc1_stop
                0x00000000000192b0       0x98 /home/c_epbori/BLE/tools/nRF51_SDK/examples/ble_peripheral/ble_app_hrs/pca10028/s110/armgcc/_build/app_timer.o
 .text.rtc1_counter_get
                0x0000000000019348       0x18 /home/c_epbori/BLE/tools/nRF51_SDK/examples/ble_peripheral/ble_app_hrs/pca10028/s110/armgcc/_build/app_timer.o
 .text.ticks_diff_get
                0x0000000000019360       0x1c /home/c_epbori/BLE/tools/nRF51_SDK/examples/ble_peripheral/ble_app_hrs/pca10028/s110/armgcc/_build/app_timer.o
 .text.rtc1_compare0_set
                0x000000000001937c       0x20 /home/c_epbori/BLE/tools/nRF51_SDK/examples/ble_peripheral/ble_app_hrs/pca10028/s110/armgcc/_build/app_timer.o
 .text.timer_list_insert
                0x000000000001939c       0xb0 /home/c_epbori/BLE/tools/nRF51_SDK/examples/ble_peripheral/ble_app_hrs/pca10028/s110/armgcc/_build/app_timer.o
 .text.timer_list_remove
                0x000000000001944c       0xa4 /home/c_epbori/BLE/tools/nRF51_SDK/examples/ble_peripheral/ble_app_hrs/pca10028/s110/armgcc/_build/app_timer.o
 .text.timer_timeouts_check_sched
                0x00000000000194f0       0x10 /home/c_epbori/BLE/tools/nRF51_SDK/examples/ble_peripheral/ble_app_hrs/pca10028/s110/armgcc/_build/app_timer.o
 .text.timer_list_handler_sched
                0x0000000000019500       0x10 /home/c_epbori/BLE/tools/nRF51_SDK/examples/ble_peripheral/ble_app_hrs/pca10028/s110/armgcc/_build/app_timer.o
 .text.timeout_handler_exec
                0x0000000000019510       0x54 /home/c_epbori/BLE/tools/nRF51_SDK/examples/ble_peripheral/ble_app_hrs/pca10028/s110/armgcc/_build/app_timer.o
 .text.timer_timeouts_check
                0x0000000000019564       0xcc /home/c_epbori/BLE/tools/nRF51_SDK/examples/ble_peripheral/ble_app_hrs/pca10028/s110/armgcc/_build/app_timer.o
 .text.elapsed_ticks_acquire
                0x0000000000019630       0x7c /home/c_epbori/BLE/tools/nRF51_SDK/examples/ble_peripheral/ble_app_hrs/pca10028/s110/armgcc/_build/app_timer.o
 .text.list_deletions_handler
                0x00000000000196ac       0xec /home/c_epbori/BLE/tools/nRF51_SDK/examples/ble_peripheral/ble_app_hrs/pca10028/s110/armgcc/_build/app_timer.o
 .text.expired_timers_handler
                0x0000000000019798       0x98 /home/c_epbori/BLE/tools/nRF51_SDK/examples/ble_peripheral/ble_app_hrs/pca10028/s110/armgcc/_build/app_timer.o
 .text.list_insertions_handler
                0x0000000000019830      0x194 /home/c_epbori/BLE/tools/nRF51_SDK/examples/ble_peripheral/ble_app_hrs/pca10028/s110/armgcc/_build/app_timer.o
 .text.compare_reg_update
                0x00000000000199c4       0xe4 /home/c_epbori/BLE/tools/nRF51_SDK/examples/ble_peripheral/ble_app_hrs/pca10028/s110/armgcc/_build/app_timer.o
 .text.timer_list_handler
                0x0000000000019aa8       0x90 /home/c_epbori/BLE/tools/nRF51_SDK/examples/ble_peripheral/ble_app_hrs/pca10028/s110/armgcc/_build/app_timer.o
 .text.user_op_enque
                0x0000000000019b38       0x1e /home/c_epbori/BLE/tools/nRF51_SDK/examples/ble_peripheral/ble_app_hrs/pca10028/s110/armgcc/_build/app_timer.o
 .text.user_op_alloc
                0x0000000000019b56       0x68 /home/c_epbori/BLE/tools/nRF51_SDK/examples/ble_peripheral/ble_app_hrs/pca10028/s110/armgcc/_build/app_timer.o
 *fill*         0x0000000000019bbe        0x2 
 .text.timer_start_op_schedule
                0x0000000000019bc0       0x84 /home/c_epbori/BLE/tools/nRF51_SDK/examples/ble_peripheral/ble_app_hrs/pca10028/s110/armgcc/_build/app_timer.o
 .text.timer_stop_op_schedule
                0x0000000000019c44       0x64 /home/c_epbori/BLE/tools/nRF51_SDK/examples/ble_peripheral/ble_app_hrs/pca10028/s110/armgcc/_build/app_timer.o
 .text.timer_stop_all_op_schedule
                0x0000000000019ca8       0x64 /home/c_epbori/BLE/tools/nRF51_SDK/examples/ble_peripheral/ble_app_hrs/pca10028/s110/armgcc/_build/app_timer.o
 .text.RTC1_IRQHandler
                0x0000000000019d0c       0x50 /home/c_epbori/BLE/tools/nRF51_SDK/examples/ble_peripheral/ble_app_hrs/pca10028/s110/armgcc/_build/app_timer.o
                0x0000000000019d0c                RTC1_IRQHandler
 .text.SWI0_IRQHandler
                0x0000000000019d5c        0xe /home/c_epbori/BLE/tools/nRF51_SDK/examples/ble_peripheral/ble_app_hrs/pca10028/s110/armgcc/_build/app_timer.o
                0x0000000000019d5c                SWI0_IRQHandler
 *fill*         0x0000000000019d6a        0x2 
 .text.app_timer_init
                0x0000000000019d6c      0x108 /home/c_epbori/BLE/tools/nRF51_SDK/examples/ble_peripheral/ble_app_hrs/pca10028/s110/armgcc/_build/app_timer.o
                0x0000000000019d6c                app_timer_init
 .text.app_timer_create
                0x0000000000019e74       0x6c /home/c_epbori/BLE/tools/nRF51_SDK/examples/ble_peripheral/ble_app_hrs/pca10028/s110/armgcc/_build/app_timer.o
                0x0000000000019e74                app_timer_create
 .text.user_id_get
                0x0000000000019ee0       0x32 /home/c_epbori/BLE/tools/nRF51_SDK/examples/ble_peripheral/ble_app_hrs/pca10028/s110/armgcc/_build/app_timer.o
 *fill*         0x0000000000019f12        0x2 
 .text.app_timer_start
                0x0000000000019f14       0x74 /home/c_epbori/BLE/tools/nRF51_SDK/examples/ble_peripheral/ble_app_hrs/pca10028/s110/armgcc/_build/app_timer.o
                0x0000000000019f14                app_timer_start
 .text.app_timer_stop
                0x0000000000019f88       0x50 /home/c_epbori/BLE/tools/nRF51_SDK/examples/ble_peripheral/ble_app_hrs/pca10028/s110/armgcc/_build/app_timer.o
                0x0000000000019f88                app_timer_stop
 .text.app_timer_stop_all
                0x0000000000019fd8       0x28 /home/c_epbori/BLE/tools/nRF51_SDK/examples/ble_peripheral/ble_app_hrs/pca10028/s110/armgcc/_build/app_timer.o
                0x0000000000019fd8                app_timer_stop_all
 .text.app_timer_cnt_get
                0x000000000001a000       0x1c /home/c_epbori/BLE/tools/nRF51_SDK/examples/ble_peripheral/ble_app_hrs/pca10028/s110/armgcc/_build/app_timer.o
                0x000000000001a000                app_timer_cnt_get
 .text.app_timer_cnt_diff_compute
                0x000000000001a01c       0x28 /home/c_epbori/BLE/tools/nRF51_SDK/examples/ble_peripheral/ble_app_hrs/pca10028/s110/armgcc/_build/app_timer.o
                0x000000000001a01c                app_timer_cnt_diff_compute
 .text          0x000000000001a044        0x0 /home/c_epbori/BLE/tools/nRF51_SDK/examples/ble_peripheral/ble_app_hrs/pca10028/s110/armgcc/_build/app_trace.o
 .text          0x000000000001a044        0x0 /home/c_epbori/BLE/tools/nRF51_SDK/examples/ble_peripheral/ble_app_hrs/pca10028/s110/armgcc/_build/app_uart_fifo.o
 .text.sd_mutex_new
                0x000000000001a044        0x8 /home/c_epbori/BLE/tools/nRF51_SDK/examples/ble_peripheral/ble_app_hrs/pca10028/s110/armgcc/_build/app_uart_fifo.o
 .text.sd_mutex_acquire
                0x000000000001a04c        0x8 /home/c_epbori/BLE/tools/nRF51_SDK/examples/ble_peripheral/ble_app_hrs/pca10028/s110/armgcc/_build/app_uart_fifo.o
 .text.sd_mutex_release
                0x000000000001a054        0x8 /home/c_epbori/BLE/tools/nRF51_SDK/examples/ble_peripheral/ble_app_hrs/pca10028/s110/armgcc/_build/app_uart_fifo.o
 .text.sd_nvic_EnableIRQ
                0x000000000001a05c        0x8 /home/c_epbori/BLE/tools/nRF51_SDK/examples/ble_peripheral/ble_app_hrs/pca10028/s110/armgcc/_build/app_uart_fifo.o
 .text.sd_nvic_DisableIRQ
                0x000000000001a064        0x8 /home/c_epbori/BLE/tools/nRF51_SDK/examples/ble_peripheral/ble_app_hrs/pca10028/s110/armgcc/_build/app_uart_fifo.o
 .text.sd_nvic_GetPendingIRQ
                0x000000000001a06c        0x8 /home/c_epbori/BLE/tools/nRF51_SDK/examples/ble_peripheral/ble_app_hrs/pca10028/s110/armgcc/_build/app_uart_fifo.o
 .text.sd_nvic_SetPendingIRQ
                0x000000000001a074        0x8 /home/c_epbori/BLE/tools/nRF51_SDK/examples/ble_peripheral/ble_app_hrs/pca10028/s110/armgcc/_build/app_uart_fifo.o
 .text.sd_nvic_ClearPendingIRQ
                0x000000000001a07c        0x8 /home/c_epbori/BLE/tools/nRF51_SDK/examples/ble_peripheral/ble_app_hrs/pca10028/s110/armgcc/_build/app_uart_fifo.o
 .text.sd_nvic_SetPriority
                0x000000000001a084        0x8 /home/c_epbori/BLE/tools/nRF51_SDK/examples/ble_peripheral/ble_app_hrs/pca10028/s110/armgcc/_build/app_uart_fifo.o
 .text.sd_nvic_GetPriority
                0x000000000001a08c        0x8 /home/c_epbori/BLE/tools/nRF51_SDK/examples/ble_peripheral/ble_app_hrs/pca10028/s110/armgcc/_build/app_uart_fifo.o
 .text.sd_nvic_SystemReset
                0x000000000001a094        0x8 /home/c_epbori/BLE/tools/nRF51_SDK/examples/ble_peripheral/ble_app_hrs/pca10028/s110/armgcc/_build/app_uart_fifo.o
 .text.sd_nvic_critical_region_enter
                0x000000000001a09c        0x8 /home/c_epbori/BLE/tools/nRF51_SDK/examples/ble_peripheral/ble_app_hrs/pca10028/s110/armgcc/_build/app_uart_fifo.o
 .text.sd_nvic_critical_region_exit
                0x000000000001a0a4        0x8 /home/c_epbori/BLE/tools/nRF51_SDK/examples/ble_peripheral/ble_app_hrs/pca10028/s110/armgcc/_build/app_uart_fifo.o
 .text.sd_rand_application_pool_capacity_get
                0x000000000001a0ac        0x8 /home/c_epbori/BLE/tools/nRF51_SDK/examples/ble_peripheral/ble_app_hrs/pca10028/s110/armgcc/_build/app_uart_fifo.o
 .text.sd_rand_application_bytes_available_get
                0x000000000001a0b4        0x8 /home/c_epbori/BLE/tools/nRF51_SDK/examples/ble_peripheral/ble_app_hrs/pca10028/s110/armgcc/_build/app_uart_fifo.o
 .text.sd_rand_application_vector_get
                0x000000000001a0bc        0x8 /home/c_epbori/BLE/tools/nRF51_SDK/examples/ble_peripheral/ble_app_hrs/pca10028/s110/armgcc/_build/app_uart_fifo.o
 .text.sd_power_reset_reason_get
                0x000000000001a0c4        0x8 /home/c_epbori/BLE/tools/nRF51_SDK/examples/ble_peripheral/ble_app_hrs/pca10028/s110/armgcc/_build/app_uart_fifo.o
 .text.sd_power_reset_reason_clr
                0x000000000001a0cc        0x8 /home/c_epbori/BLE/tools/nRF51_SDK/examples/ble_peripheral/ble_app_hrs/pca10028/s110/armgcc/_build/app_uart_fifo.o
 .text.sd_power_mode_set
                0x000000000001a0d4        0x8 /home/c_epbori/BLE/tools/nRF51_SDK/examples/ble_peripheral/ble_app_hrs/pca10028/s110/armgcc/_build/app_uart_fifo.o
 .text.sd_power_system_off
                0x000000000001a0dc        0x8 /home/c_epbori/BLE/tools/nRF51_SDK/examples/ble_peripheral/ble_app_hrs/pca10028/s110/armgcc/_build/app_uart_fifo.o
 .text.sd_power_pof_enable
                0x000000000001a0e4        0x8 /home/c_epbori/BLE/tools/nRF51_SDK/examples/ble_peripheral/ble_app_hrs/pca10028/s110/armgcc/_build/app_uart_fifo.o
 .text.sd_power_pof_threshold_set
                0x000000000001a0ec        0x8 /home/c_epbori/BLE/tools/nRF51_SDK/examples/ble_peripheral/ble_app_hrs/pca10028/s110/armgcc/_build/app_uart_fifo.o
 .text.sd_power_ramon_set
                0x000000000001a0f4        0x8 /home/c_epbori/BLE/tools/nRF51_SDK/examples/ble_peripheral/ble_app_hrs/pca10028/s110/armgcc/_build/app_uart_fifo.o
 .text.sd_power_ramon_clr
                0x000000000001a0fc        0x8 /home/c_epbori/BLE/tools/nRF51_SDK/examples/ble_peripheral/ble_app_hrs/pca10028/s110/armgcc/_build/app_uart_fifo.o
 .text.sd_power_ramon_get
                0x000000000001a104        0x8 /home/c_epbori/BLE/tools/nRF51_SDK/examples/ble_peripheral/ble_app_hrs/pca10028/s110/armgcc/_build/app_uart_fifo.o
 .text.sd_power_gpregret_set
                0x000000000001a10c        0x8 /home/c_epbori/BLE/tools/nRF51_SDK/examples/ble_peripheral/ble_app_hrs/pca10028/s110/armgcc/_build/app_uart_fifo.o
 .text.sd_power_gpregret_clr
                0x000000000001a114        0x8 /home/c_epbori/BLE/tools/nRF51_SDK/examples/ble_peripheral/ble_app_hrs/pca10028/s110/armgcc/_build/app_uart_fifo.o
 .text.sd_power_gpregret_get
                0x000000000001a11c        0x8 /home/c_epbori/BLE/tools/nRF51_SDK/examples/ble_peripheral/ble_app_hrs/pca10028/s110/armgcc/_build/app_uart_fifo.o
 .text.sd_power_dcdc_mode_set
                0x000000000001a124        0x8 /home/c_epbori/BLE/tools/nRF51_SDK/examples/ble_peripheral/ble_app_hrs/pca10028/s110/armgcc/_build/app_uart_fifo.o
 .text.sd_clock_hfclk_request
                0x000000000001a12c        0x8 /home/c_epbori/BLE/tools/nRF51_SDK/examples/ble_peripheral/ble_app_hrs/pca10028/s110/armgcc/_build/app_uart_fifo.o
 .text.sd_clock_hfclk_release
                0x000000000001a134        0x8 /home/c_epbori/BLE/tools/nRF51_SDK/examples/ble_peripheral/ble_app_hrs/pca10028/s110/armgcc/_build/app_uart_fifo.o
 .text.sd_clock_hfclk_is_running
                0x000000000001a13c        0x8 /home/c_epbori/BLE/tools/nRF51_SDK/examples/ble_peripheral/ble_app_hrs/pca10028/s110/armgcc/_build/app_uart_fifo.o
 .text.sd_app_evt_wait
                0x000000000001a144        0x8 /home/c_epbori/BLE/tools/nRF51_SDK/examples/ble_peripheral/ble_app_hrs/pca10028/s110/armgcc/_build/app_uart_fifo.o
 .text.sd_ppi_channel_enable_get
                0x000000000001a14c        0x8 /home/c_epbori/BLE/tools/nRF51_SDK/examples/ble_peripheral/ble_app_hrs/pca10028/s110/armgcc/_build/app_uart_fifo.o
 .text.sd_ppi_channel_enable_set
                0x000000000001a154        0x8 /home/c_epbori/BLE/tools/nRF51_SDK/examples/ble_peripheral/ble_app_hrs/pca10028/s110/armgcc/_build/app_uart_fifo.o
 .text.sd_ppi_channel_enable_clr
                0x000000000001a15c        0x8 /home/c_epbori/BLE/tools/nRF51_SDK/examples/ble_peripheral/ble_app_hrs/pca10028/s110/armgcc/_build/app_uart_fifo.o
 .text.sd_ppi_channel_assign
                0x000000000001a164        0x8 /home/c_epbori/BLE/tools/nRF51_SDK/examples/ble_peripheral/ble_app_hrs/pca10028/s110/armgcc/_build/app_uart_fifo.o
 .text.sd_ppi_group_task_enable
                0x000000000001a16c        0x8 /home/c_epbori/BLE/tools/nRF51_SDK/examples/ble_peripheral/ble_app_hrs/pca10028/s110/armgcc/_build/app_uart_fifo.o
 .text.sd_ppi_group_task_disable
                0x000000000001a174        0x8 /home/c_epbori/BLE/tools/nRF51_SDK/examples/ble_peripheral/ble_app_hrs/pca10028/s110/armgcc/_build/app_uart_fifo.o
 .text.sd_ppi_group_assign
                0x000000000001a17c        0x8 /home/c_epbori/BLE/tools/nRF51_SDK/examples/ble_peripheral/ble_app_hrs/pca10028/s110/armgcc/_build/app_uart_fifo.o
 .text.sd_ppi_group_get
                0x000000000001a184        0x8 /home/c_epbori/BLE/tools/nRF51_SDK/examples/ble_peripheral/ble_app_hrs/pca10028/s110/armgcc/_build/app_uart_fifo.o
 .text.sd_radio_notification_cfg_set
                0x000000000001a18c        0x8 /home/c_epbori/BLE/tools/nRF51_SDK/examples/ble_peripheral/ble_app_hrs/pca10028/s110/armgcc/_build/app_uart_fifo.o
 .text.sd_ecb_block_encrypt
                0x000000000001a194        0x8 /home/c_epbori/BLE/tools/nRF51_SDK/examples/ble_peripheral/ble_app_hrs/pca10028/s110/armgcc/_build/app_uart_fifo.o
 .text.sd_evt_get
                0x000000000001a19c        0x8 /home/c_epbori/BLE/tools/nRF51_SDK/examples/ble_peripheral/ble_app_hrs/pca10028/s110/armgcc/_build/app_uart_fifo.o
 .text.sd_temp_get
                0x000000000001a1a4        0x8 /home/c_epbori/BLE/tools/nRF51_SDK/examples/ble_peripheral/ble_app_hrs/pca10028/s110/armgcc/_build/app_uart_fifo.o
 .text.sd_flash_write
                0x000000000001a1ac        0x8 /home/c_epbori/BLE/tools/nRF51_SDK/examples/ble_peripheral/ble_app_hrs/pca10028/s110/armgcc/_build/app_uart_fifo.o
 .text.sd_flash_page_erase
                0x000000000001a1b4        0x8 /home/c_epbori/BLE/tools/nRF51_SDK/examples/ble_peripheral/ble_app_hrs/pca10028/s110/armgcc/_build/app_uart_fifo.o
 .text.sd_flash_protect
                0x000000000001a1bc        0x8 /home/c_epbori/BLE/tools/nRF51_SDK/examples/ble_peripheral/ble_app_hrs/pca10028/s110/armgcc/_build/app_uart_fifo.o
 .text.sd_radio_session_open
                0x000000000001a1c4        0x8 /home/c_epbori/BLE/tools/nRF51_SDK/examples/ble_peripheral/ble_app_hrs/pca10028/s110/armgcc/_build/app_uart_fifo.o
 .text.sd_radio_session_close
                0x000000000001a1cc        0x8 /home/c_epbori/BLE/tools/nRF51_SDK/examples/ble_peripheral/ble_app_hrs/pca10028/s110/armgcc/_build/app_uart_fifo.o
 .text.sd_radio_request
                0x000000000001a1d4        0x8 /home/c_epbori/BLE/tools/nRF51_SDK/examples/ble_peripheral/ble_app_hrs/pca10028/s110/armgcc/_build/app_uart_fifo.o
 .text.fifo_length
                0x000000000001a1dc       0x1e /home/c_epbori/BLE/tools/nRF51_SDK/examples/ble_peripheral/ble_app_hrs/pca10028/s110/armgcc/_build/app_uart_fifo.o
 *fill*         0x000000000001a1fa        0x2 
 .text.uart_event_handler
                0x000000000001a1fc      0x110 /home/c_epbori/BLE/tools/nRF51_SDK/examples/ble_peripheral/ble_app_hrs/pca10028/s110/armgcc/_build/app_uart_fifo.o
 .text.app_uart_init
                0x000000000001a30c      0x12c /home/c_epbori/BLE/tools/nRF51_SDK/examples/ble_peripheral/ble_app_hrs/pca10028/s110/armgcc/_build/app_uart_fifo.o
                0x000000000001a30c                app_uart_init
 .text.app_uart_flush
                0x000000000001a438       0x44 /home/c_epbori/BLE/tools/nRF51_SDK/examples/ble_peripheral/ble_app_hrs/pca10028/s110/armgcc/_build/app_uart_fifo.o
                0x000000000001a438                app_uart_flush
 .text.app_uart_get
                0x000000000001a47c       0x50 /home/c_epbori/BLE/tools/nRF51_SDK/examples/ble_peripheral/ble_app_hrs/pca10028/s110/armgcc/_build/app_uart_fifo.o
                0x000000000001a47c                app_uart_get
 .text.app_uart_put
                0x000000000001a4cc       0x4c /home/c_epbori/BLE/tools/nRF51_SDK/examples/ble_peripheral/ble_app_hrs/pca10028/s110/armgcc/_build/app_uart_fifo.o
                0x000000000001a4cc                app_uart_put
 .text.app_uart_close
                0x000000000001a518       0x10 /home/c_epbori/BLE/tools/nRF51_SDK/examples/ble_peripheral/ble_app_hrs/pca10028/s110/armgcc/_build/app_uart_fifo.o
                0x000000000001a518                app_uart_close
 .text          0x000000000001a528        0x0 /home/c_epbori/BLE/tools/nRF51_SDK/examples/ble_peripheral/ble_app_hrs/pca10028/s110/armgcc/_build/ble_advdata.o
 .text.sd_ble_gap_address_set
                0x000000000001a528        0x8 /home/c_epbori/BLE/tools/nRF51_SDK/examples/ble_peripheral/ble_app_hrs/pca10028/s110/armgcc/_build/ble_advdata.o
 .text.sd_ble_gap_address_get
                0x000000000001a530        0x8 /home/c_epbori/BLE/tools/nRF51_SDK/examples/ble_peripheral/ble_app_hrs/pca10028/s110/armgcc/_build/ble_advdata.o
 .text.sd_ble_gap_adv_data_set
                0x000000000001a538        0x8 /home/c_epbori/BLE/tools/nRF51_SDK/examples/ble_peripheral/ble_app_hrs/pca10028/s110/armgcc/_build/ble_advdata.o
 .text.sd_ble_gap_adv_start
                0x000000000001a540        0x8 /home/c_epbori/BLE/tools/nRF51_SDK/examples/ble_peripheral/ble_app_hrs/pca10028/s110/armgcc/_build/ble_advdata.o
 .text.sd_ble_gap_adv_stop
                0x000000000001a548        0x8 /home/c_epbori/BLE/tools/nRF51_SDK/examples/ble_peripheral/ble_app_hrs/pca10028/s110/armgcc/_build/ble_advdata.o
 .text.sd_ble_gap_conn_param_update
                0x000000000001a550        0x8 /home/c_epbori/BLE/tools/nRF51_SDK/examples/ble_peripheral/ble_app_hrs/pca10028/s110/armgcc/_build/ble_advdata.o
 .text.sd_ble_gap_disconnect
                0x000000000001a558        0x8 /home/c_epbori/BLE/tools/nRF51_SDK/examples/ble_peripheral/ble_app_hrs/pca10028/s110/armgcc/_build/ble_advdata.o
 .text.sd_ble_gap_tx_power_set
                0x000000000001a560        0x8 /home/c_epbori/BLE/tools/nRF51_SDK/examples/ble_peripheral/ble_app_hrs/pca10028/s110/armgcc/_build/ble_advdata.o
 .text.sd_ble_gap_appearance_set
                0x000000000001a568        0x8 /home/c_epbori/BLE/tools/nRF51_SDK/examples/ble_peripheral/ble_app_hrs/pca10028/s110/armgcc/_build/ble_advdata.o
 .text.sd_ble_gap_appearance_get
                0x000000000001a570        0x8 /home/c_epbori/BLE/tools/nRF51_SDK/examples/ble_peripheral/ble_app_hrs/pca10028/s110/armgcc/_build/ble_advdata.o
 .text.sd_ble_gap_ppcp_set
                0x000000000001a578        0x8 /home/c_epbori/BLE/tools/nRF51_SDK/examples/ble_peripheral/ble_app_hrs/pca10028/s110/armgcc/_build/ble_advdata.o
 .text.sd_ble_gap_ppcp_get
                0x000000000001a580        0x8 /home/c_epbori/BLE/tools/nRF51_SDK/examples/ble_peripheral/ble_app_hrs/pca10028/s110/armgcc/_build/ble_advdata.o
 .text.sd_ble_gap_device_name_set
                0x000000000001a588        0x8 /home/c_epbori/BLE/tools/nRF51_SDK/examples/ble_peripheral/ble_app_hrs/pca10028/s110/armgcc/_build/ble_advdata.o
 .text.sd_ble_gap_device_name_get
                0x000000000001a590        0x8 /home/c_epbori/BLE/tools/nRF51_SDK/examples/ble_peripheral/ble_app_hrs/pca10028/s110/armgcc/_build/ble_advdata.o
 .text.sd_ble_gap_authenticate
                0x000000000001a598        0x8 /home/c_epbori/BLE/tools/nRF51_SDK/examples/ble_peripheral/ble_app_hrs/pca10028/s110/armgcc/_build/ble_advdata.o
 .text.sd_ble_gap_sec_params_reply
                0x000000000001a5a0        0x8 /home/c_epbori/BLE/tools/nRF51_SDK/examples/ble_peripheral/ble_app_hrs/pca10028/s110/armgcc/_build/ble_advdata.o
 .text.sd_ble_gap_auth_key_reply
                0x000000000001a5a8        0x8 /home/c_epbori/BLE/tools/nRF51_SDK/examples/ble_peripheral/ble_app_hrs/pca10028/s110/armgcc/_build/ble_advdata.o
 .text.sd_ble_gap_encrypt
                0x000000000001a5b0        0x8 /home/c_epbori/BLE/tools/nRF51_SDK/examples/ble_peripheral/ble_app_hrs/pca10028/s110/armgcc/_build/ble_advdata.o
 .text.sd_ble_gap_sec_info_reply
                0x000000000001a5b8        0x8 /home/c_epbori/BLE/tools/nRF51_SDK/examples/ble_peripheral/ble_app_hrs/pca10028/s110/armgcc/_build/ble_advdata.o
 .text.sd_ble_gap_conn_sec_get
                0x000000000001a5c0        0x8 /home/c_epbori/BLE/tools/nRF51_SDK/examples/ble_peripheral/ble_app_hrs/pca10028/s110/armgcc/_build/ble_advdata.o
 .text.sd_ble_gap_rssi_start
                0x000000000001a5c8        0x8 /home/c_epbori/BLE/tools/nRF51_SDK/examples/ble_peripheral/ble_app_hrs/pca10028/s110/armgcc/_build/ble_advdata.o
 .text.sd_ble_gap_rssi_stop
                0x000000000001a5d0        0x8 /home/c_epbori/BLE/tools/nRF51_SDK/examples/ble_peripheral/ble_app_hrs/pca10028/s110/armgcc/_build/ble_advdata.o
 .text.sd_ble_gap_rssi_get
                0x000000000001a5d8        0x8 /home/c_epbori/BLE/tools/nRF51_SDK/examples/ble_peripheral/ble_app_hrs/pca10028/s110/armgcc/_build/ble_advdata.o
 .text.sd_ble_gap_scan_start
                0x000000000001a5e0        0x8 /home/c_epbori/BLE/tools/nRF51_SDK/examples/ble_peripheral/ble_app_hrs/pca10028/s110/armgcc/_build/ble_advdata.o
 .text.sd_ble_gap_scan_stop
                0x000000000001a5e8        0x8 /home/c_epbori/BLE/tools/nRF51_SDK/examples/ble_peripheral/ble_app_hrs/pca10028/s110/armgcc/_build/ble_advdata.o
 .text.sd_ble_gap_connect
                0x000000000001a5f0        0x8 /home/c_epbori/BLE/tools/nRF51_SDK/examples/ble_peripheral/ble_app_hrs/pca10028/s110/armgcc/_build/ble_advdata.o
 .text.sd_ble_gap_connect_cancel
                0x000000000001a5f8        0x8 /home/c_epbori/BLE/tools/nRF51_SDK/examples/ble_peripheral/ble_app_hrs/pca10028/s110/armgcc/_build/ble_advdata.o
 .text.sd_ble_l2cap_cid_register
                0x000000000001a600        0x8 /home/c_epbori/BLE/tools/nRF51_SDK/examples/ble_peripheral/ble_app_hrs/pca10028/s110/armgcc/_build/ble_advdata.o
 .text.sd_ble_l2cap_cid_unregister
                0x000000000001a608        0x8 /home/c_epbori/BLE/tools/nRF51_SDK/examples/ble_peripheral/ble_app_hrs/pca10028/s110/armgcc/_build/ble_advdata.o
 .text.sd_ble_l2cap_tx
                0x000000000001a610        0x8 /home/c_epbori/BLE/tools/nRF51_SDK/examples/ble_peripheral/ble_app_hrs/pca10028/s110/armgcc/_build/ble_advdata.o
 .text.sd_ble_gattc_primary_services_discover
                0x000000000001a618        0x8 /home/c_epbori/BLE/tools/nRF51_SDK/examples/ble_peripheral/ble_app_hrs/pca10028/s110/armgcc/_build/ble_advdata.o
 .text.sd_ble_gattc_relationships_discover
                0x000000000001a620        0x8 /home/c_epbori/BLE/tools/nRF51_SDK/examples/ble_peripheral/ble_app_hrs/pca10028/s110/armgcc/_build/ble_advdata.o
 .text.sd_ble_gattc_characteristics_discover
                0x000000000001a628        0x8 /home/c_epbori/BLE/tools/nRF51_SDK/examples/ble_peripheral/ble_app_hrs/pca10028/s110/armgcc/_build/ble_advdata.o
 .text.sd_ble_gattc_descriptors_discover
                0x000000000001a630        0x8 /home/c_epbori/BLE/tools/nRF51_SDK/examples/ble_peripheral/ble_app_hrs/pca10028/s110/armgcc/_build/ble_advdata.o
 .text.sd_ble_gattc_char_value_by_uuid_read
                0x000000000001a638        0x8 /home/c_epbori/BLE/tools/nRF51_SDK/examples/ble_peripheral/ble_app_hrs/pca10028/s110/armgcc/_build/ble_advdata.o
 .text.sd_ble_gattc_read
                0x000000000001a640        0x8 /home/c_epbori/BLE/tools/nRF51_SDK/examples/ble_peripheral/ble_app_hrs/pca10028/s110/armgcc/_build/ble_advdata.o
 .text.sd_ble_gattc_char_values_read
                0x000000000001a648        0x8 /home/c_epbori/BLE/tools/nRF51_SDK/examples/ble_peripheral/ble_app_hrs/pca10028/s110/armgcc/_build/ble_advdata.o
 .text.sd_ble_gattc_write
                0x000000000001a650        0x8 /home/c_epbori/BLE/tools/nRF51_SDK/examples/ble_peripheral/ble_app_hrs/pca10028/s110/armgcc/_build/ble_advdata.o
 .text.sd_ble_gattc_hv_confirm
                0x000000000001a658        0x8 /home/c_epbori/BLE/tools/nRF51_SDK/examples/ble_peripheral/ble_app_hrs/pca10028/s110/armgcc/_build/ble_advdata.o
 .text.sd_ble_gatts_service_add
                0x000000000001a660        0x8 /home/c_epbori/BLE/tools/nRF51_SDK/examples/ble_peripheral/ble_app_hrs/pca10028/s110/armgcc/_build/ble_advdata.o
 .text.sd_ble_gatts_include_add
                0x000000000001a668        0x8 /home/c_epbori/BLE/tools/nRF51_SDK/examples/ble_peripheral/ble_app_hrs/pca10028/s110/armgcc/_build/ble_advdata.o
 .text.sd_ble_gatts_characteristic_add
                0x000000000001a670        0x8 /home/c_epbori/BLE/tools/nRF51_SDK/examples/ble_peripheral/ble_app_hrs/pca10028/s110/armgcc/_build/ble_advdata.o
 .text.sd_ble_gatts_descriptor_add
                0x000000000001a678        0x8 /home/c_epbori/BLE/tools/nRF51_SDK/examples/ble_peripheral/ble_app_hrs/pca10028/s110/armgcc/_build/ble_advdata.o
 .text.sd_ble_gatts_value_set
                0x000000000001a680        0x8 /home/c_epbori/BLE/tools/nRF51_SDK/examples/ble_peripheral/ble_app_hrs/pca10028/s110/armgcc/_build/ble_advdata.o
 .text.sd_ble_gatts_value_get
                0x000000000001a688        0x8 /home/c_epbori/BLE/tools/nRF51_SDK/examples/ble_peripheral/ble_app_hrs/pca10028/s110/armgcc/_build/ble_advdata.o
 .text.sd_ble_gatts_hvx
                0x000000000001a690        0x8 /home/c_epbori/BLE/tools/nRF51_SDK/examples/ble_peripheral/ble_app_hrs/pca10028/s110/armgcc/_build/ble_advdata.o
 .text.sd_ble_gatts_service_changed
                0x000000000001a698        0x8 /home/c_epbori/BLE/tools/nRF51_SDK/examples/ble_peripheral/ble_app_hrs/pca10028/s110/armgcc/_build/ble_advdata.o
 .text.sd_ble_gatts_rw_authorize_reply
                0x000000000001a6a0        0x8 /home/c_epbori/BLE/tools/nRF51_SDK/examples/ble_peripheral/ble_app_hrs/pca10028/s110/armgcc/_build/ble_advdata.o
 .text.sd_ble_gatts_sys_attr_set
                0x000000000001a6a8        0x8 /home/c_epbori/BLE/tools/nRF51_SDK/examples/ble_peripheral/ble_app_hrs/pca10028/s110/armgcc/_build/ble_advdata.o
 .text.sd_ble_gatts_sys_attr_get
                0x000000000001a6b0        0x8 /home/c_epbori/BLE/tools/nRF51_SDK/examples/ble_peripheral/ble_app_hrs/pca10028/s110/armgcc/_build/ble_advdata.o
 .text.sd_ble_enable
                0x000000000001a6b8        0x8 /home/c_epbori/BLE/tools/nRF51_SDK/examples/ble_peripheral/ble_app_hrs/pca10028/s110/armgcc/_build/ble_advdata.o
 .text.sd_ble_evt_get
                0x000000000001a6c0        0x8 /home/c_epbori/BLE/tools/nRF51_SDK/examples/ble_peripheral/ble_app_hrs/pca10028/s110/armgcc/_build/ble_advdata.o
 .text.sd_ble_tx_buffer_count_get
                0x000000000001a6c8        0x8 /home/c_epbori/BLE/tools/nRF51_SDK/examples/ble_peripheral/ble_app_hrs/pca10028/s110/armgcc/_build/ble_advdata.o
 .text.sd_ble_uuid_vs_add
                0x000000000001a6d0        0x8 /home/c_epbori/BLE/tools/nRF51_SDK/examples/ble_peripheral/ble_app_hrs/pca10028/s110/armgcc/_build/ble_advdata.o
 .text.sd_ble_uuid_decode
                0x000000000001a6d8        0x8 /home/c_epbori/BLE/tools/nRF51_SDK/examples/ble_peripheral/ble_app_hrs/pca10028/s110/armgcc/_build/ble_advdata.o
 .text.sd_ble_uuid_encode
                0x000000000001a6e0        0x8 /home/c_epbori/BLE/tools/nRF51_SDK/examples/ble_peripheral/ble_app_hrs/pca10028/s110/armgcc/_build/ble_advdata.o
 .text.sd_ble_version_get
                0x000000000001a6e8        0x8 /home/c_epbori/BLE/tools/nRF51_SDK/examples/ble_peripheral/ble_app_hrs/pca10028/s110/armgcc/_build/ble_advdata.o
 .text.sd_ble_user_mem_reply
                0x000000000001a6f0        0x8 /home/c_epbori/BLE/tools/nRF51_SDK/examples/ble_peripheral/ble_app_hrs/pca10028/s110/armgcc/_build/ble_advdata.o
 .text.sd_ble_opt_set
                0x000000000001a6f8        0x8 /home/c_epbori/BLE/tools/nRF51_SDK/examples/ble_peripheral/ble_app_hrs/pca10028/s110/armgcc/_build/ble_advdata.o
 .text.sd_ble_opt_get
                0x000000000001a700        0x8 /home/c_epbori/BLE/tools/nRF51_SDK/examples/ble_peripheral/ble_app_hrs/pca10028/s110/armgcc/_build/ble_advdata.o
 .text.uint16_encode
                0x000000000001a708       0x32 /home/c_epbori/BLE/tools/nRF51_SDK/examples/ble_peripheral/ble_app_hrs/pca10028/s110/armgcc/_build/ble_advdata.o
 .text.tk_value_encode
                0x000000000001a73a       0xb0 /home/c_epbori/BLE/tools/nRF51_SDK/examples/ble_peripheral/ble_app_hrs/pca10028/s110/armgcc/_build/ble_advdata.o
 .text.le_role_encode
                0x000000000001a7ea       0xda /home/c_epbori/BLE/tools/nRF51_SDK/examples/ble_peripheral/ble_app_hrs/pca10028/s110/armgcc/_build/ble_advdata.o
 .text.ble_device_addr_encode
                0x000000000001a8c4       0xd0 /home/c_epbori/BLE/tools/nRF51_SDK/examples/ble_peripheral/ble_app_hrs/pca10028/s110/armgcc/_build/ble_advdata.o
 .text.name_encode
                0x000000000001a994      0x162 /home/c_epbori/BLE/tools/nRF51_SDK/examples/ble_peripheral/ble_app_hrs/pca10028/s110/armgcc/_build/ble_advdata.o
 .text.appearance_encode
                0x000000000001aaf6       0xa0 /home/c_epbori/BLE/tools/nRF51_SDK/examples/ble_peripheral/ble_app_hrs/pca10028/s110/armgcc/_build/ble_advdata.o
 .text.flags_encode
                0x000000000001ab96       0x8c /home/c_epbori/BLE/tools/nRF51_SDK/examples/ble_peripheral/ble_app_hrs/pca10028/s110/armgcc/_build/ble_advdata.o
 .text.sec_mgr_oob_flags_encode
                0x000000000001ac22       0x8c /home/c_epbori/BLE/tools/nRF51_SDK/examples/ble_peripheral/ble_app_hrs/pca10028/s110/armgcc/_build/ble_advdata.o
 .text.tx_power_level_encode
                0x000000000001acae       0x8c /home/c_epbori/BLE/tools/nRF51_SDK/examples/ble_peripheral/ble_app_hrs/pca10028/s110/armgcc/_build/ble_advdata.o
 .text.uuid_list_sized_encode
                0x000000000001ad3a      0x194 /home/c_epbori/BLE/tools/nRF51_SDK/examples/ble_peripheral/ble_app_hrs/pca10028/s110/armgcc/_build/ble_advdata.o
 .text.uuid_list_encode
                0x000000000001aece       0x80 /home/c_epbori/BLE/tools/nRF51_SDK/examples/ble_peripheral/ble_app_hrs/pca10028/s110/armgcc/_build/ble_advdata.o
 *fill*         0x000000000001af4e        0x2 
 .text.conn_int_check
                0x000000000001af50       0x80 /home/c_epbori/BLE/tools/nRF51_SDK/examples/ble_peripheral/ble_app_hrs/pca10028/s110/armgcc/_build/ble_advdata.o
 .text.conn_int_encode
                0x000000000001afd0       0xc8 /home/c_epbori/BLE/tools/nRF51_SDK/examples/ble_peripheral/ble_app_hrs/pca10028/s110/armgcc/_build/ble_advdata.o
 .text.manuf_specific_data_encode
                0x000000000001b098       0xe4 /home/c_epbori/BLE/tools/nRF51_SDK/examples/ble_peripheral/ble_app_hrs/pca10028/s110/armgcc/_build/ble_advdata.o
 .text.service_data_encode
                0x000000000001b17c      0x116 /home/c_epbori/BLE/tools/nRF51_SDK/examples/ble_peripheral/ble_app_hrs/pca10028/s110/armgcc/_build/ble_advdata.o
 .text.adv_data_encode
                0x000000000001b292      0x286 /home/c_epbori/BLE/tools/nRF51_SDK/examples/ble_peripheral/ble_app_hrs/pca10028/s110/armgcc/_build/ble_advdata.o
                0x000000000001b292                adv_data_encode
 .text.advdata_check
                0x000000000001b518       0x22 /home/c_epbori/BLE/tools/nRF51_SDK/examples/ble_peripheral/ble_app_hrs/pca10028/s110/armgcc/_build/ble_advdata.o
 .text.srdata_check
                0x000000000001b53a       0x1e /home/c_epbori/BLE/tools/nRF51_SDK/examples/ble_peripheral/ble_app_hrs/pca10028/s110/armgcc/_build/ble_advdata.o
 .text.ble_advdata_set
                0x000000000001b558       0xd8 /home/c_epbori/BLE/tools/nRF51_SDK/examples/ble_peripheral/ble_app_hrs/pca10028/s110/armgcc/_build/ble_advdata.o
                0x000000000001b558                ble_advdata_set
 .text          0x000000000001b630        0x0 /home/c_epbori/BLE/tools/nRF51_SDK/examples/ble_peripheral/ble_app_hrs/pca10028/s110/armgcc/_build/ble_advertising.o
 .text.sd_ble_gap_address_set
                0x000000000001b630        0x8 /home/c_epbori/BLE/tools/nRF51_SDK/examples/ble_peripheral/ble_app_hrs/pca10028/s110/armgcc/_build/ble_advertising.o
 .text.sd_ble_gap_address_get
                0x000000000001b638        0x8 /home/c_epbori/BLE/tools/nRF51_SDK/examples/ble_peripheral/ble_app_hrs/pca10028/s110/armgcc/_build/ble_advertising.o
 .text.sd_ble_gap_adv_data_set
                0x000000000001b640        0x8 /home/c_epbori/BLE/tools/nRF51_SDK/examples/ble_peripheral/ble_app_hrs/pca10028/s110/armgcc/_build/ble_advertising.o
 .text.sd_ble_gap_adv_start
                0x000000000001b648        0x8 /home/c_epbori/BLE/tools/nRF51_SDK/examples/ble_peripheral/ble_app_hrs/pca10028/s110/armgcc/_build/ble_advertising.o
 .text.sd_ble_gap_adv_stop
                0x000000000001b650        0x8 /home/c_epbori/BLE/tools/nRF51_SDK/examples/ble_peripheral/ble_app_hrs/pca10028/s110/armgcc/_build/ble_advertising.o
 .text.sd_ble_gap_conn_param_update
                0x000000000001b658        0x8 /home/c_epbori/BLE/tools/nRF51_SDK/examples/ble_peripheral/ble_app_hrs/pca10028/s110/armgcc/_build/ble_advertising.o
 .text.sd_ble_gap_disconnect
                0x000000000001b660        0x8 /home/c_epbori/BLE/tools/nRF51_SDK/examples/ble_peripheral/ble_app_hrs/pca10028/s110/armgcc/_build/ble_advertising.o
 .text.sd_ble_gap_tx_power_set
                0x000000000001b668        0x8 /home/c_epbori/BLE/tools/nRF51_SDK/examples/ble_peripheral/ble_app_hrs/pca10028/s110/armgcc/_build/ble_advertising.o
 .text.sd_ble_gap_appearance_set
                0x000000000001b670        0x8 /home/c_epbori/BLE/tools/nRF51_SDK/examples/ble_peripheral/ble_app_hrs/pca10028/s110/armgcc/_build/ble_advertising.o
 .text.sd_ble_gap_appearance_get
                0x000000000001b678        0x8 /home/c_epbori/BLE/tools/nRF51_SDK/examples/ble_peripheral/ble_app_hrs/pca10028/s110/armgcc/_build/ble_advertising.o
 .text.sd_ble_gap_ppcp_set
                0x000000000001b680        0x8 /home/c_epbori/BLE/tools/nRF51_SDK/examples/ble_peripheral/ble_app_hrs/pca10028/s110/armgcc/_build/ble_advertising.o
 .text.sd_ble_gap_ppcp_get
                0x000000000001b688        0x8 /home/c_epbori/BLE/tools/nRF51_SDK/examples/ble_peripheral/ble_app_hrs/pca10028/s110/armgcc/_build/ble_advertising.o
 .text.sd_ble_gap_device_name_set
                0x000000000001b690        0x8 /home/c_epbori/BLE/tools/nRF51_SDK/examples/ble_peripheral/ble_app_hrs/pca10028/s110/armgcc/_build/ble_advertising.o
 .text.sd_ble_gap_device_name_get
                0x000000000001b698        0x8 /home/c_epbori/BLE/tools/nRF51_SDK/examples/ble_peripheral/ble_app_hrs/pca10028/s110/armgcc/_build/ble_advertising.o
 .text.sd_ble_gap_authenticate
                0x000000000001b6a0        0x8 /home/c_epbori/BLE/tools/nRF51_SDK/examples/ble_peripheral/ble_app_hrs/pca10028/s110/armgcc/_build/ble_advertising.o
 .text.sd_ble_gap_sec_params_reply
                0x000000000001b6a8        0x8 /home/c_epbori/BLE/tools/nRF51_SDK/examples/ble_peripheral/ble_app_hrs/pca10028/s110/armgcc/_build/ble_advertising.o
 .text.sd_ble_gap_auth_key_reply
                0x000000000001b6b0        0x8 /home/c_epbori/BLE/tools/nRF51_SDK/examples/ble_peripheral/ble_app_hrs/pca10028/s110/armgcc/_build/ble_advertising.o
 .text.sd_ble_gap_encrypt
                0x000000000001b6b8        0x8 /home/c_epbori/BLE/tools/nRF51_SDK/examples/ble_peripheral/ble_app_hrs/pca10028/s110/armgcc/_build/ble_advertising.o
 .text.sd_ble_gap_sec_info_reply
                0x000000000001b6c0        0x8 /home/c_epbori/BLE/tools/nRF51_SDK/examples/ble_peripheral/ble_app_hrs/pca10028/s110/armgcc/_build/ble_advertising.o
 .text.sd_ble_gap_conn_sec_get
                0x000000000001b6c8        0x8 /home/c_epbori/BLE/tools/nRF51_SDK/examples/ble_peripheral/ble_app_hrs/pca10028/s110/armgcc/_build/ble_advertising.o
 .text.sd_ble_gap_rssi_start
                0x000000000001b6d0        0x8 /home/c_epbori/BLE/tools/nRF51_SDK/examples/ble_peripheral/ble_app_hrs/pca10028/s110/armgcc/_build/ble_advertising.o
 .text.sd_ble_gap_rssi_stop
                0x000000000001b6d8        0x8 /home/c_epbori/BLE/tools/nRF51_SDK/examples/ble_peripheral/ble_app_hrs/pca10028/s110/armgcc/_build/ble_advertising.o
 .text.sd_ble_gap_rssi_get
                0x000000000001b6e0        0x8 /home/c_epbori/BLE/tools/nRF51_SDK/examples/ble_peripheral/ble_app_hrs/pca10028/s110/armgcc/_build/ble_advertising.o
 .text.sd_ble_gap_scan_start
                0x000000000001b6e8        0x8 /home/c_epbori/BLE/tools/nRF51_SDK/examples/ble_peripheral/ble_app_hrs/pca10028/s110/armgcc/_build/ble_advertising.o
 .text.sd_ble_gap_scan_stop
                0x000000000001b6f0        0x8 /home/c_epbori/BLE/tools/nRF51_SDK/examples/ble_peripheral/ble_app_hrs/pca10028/s110/armgcc/_build/ble_advertising.o
 .text.sd_ble_gap_connect
                0x000000000001b6f8        0x8 /home/c_epbori/BLE/tools/nRF51_SDK/examples/ble_peripheral/ble_app_hrs/pca10028/s110/armgcc/_build/ble_advertising.o
 .text.sd_ble_gap_connect_cancel
                0x000000000001b700        0x8 /home/c_epbori/BLE/tools/nRF51_SDK/examples/ble_peripheral/ble_app_hrs/pca10028/s110/armgcc/_build/ble_advertising.o
 .text.sd_ble_l2cap_cid_register
                0x000000000001b708        0x8 /home/c_epbori/BLE/tools/nRF51_SDK/examples/ble_peripheral/ble_app_hrs/pca10028/s110/armgcc/_build/ble_advertising.o
 .text.sd_ble_l2cap_cid_unregister
                0x000000000001b710        0x8 /home/c_epbori/BLE/tools/nRF51_SDK/examples/ble_peripheral/ble_app_hrs/pca10028/s110/armgcc/_build/ble_advertising.o
 .text.sd_ble_l2cap_tx
                0x000000000001b718        0x8 /home/c_epbori/BLE/tools/nRF51_SDK/examples/ble_peripheral/ble_app_hrs/pca10028/s110/armgcc/_build/ble_advertising.o
 .text.sd_ble_gattc_primary_services_discover
                0x000000000001b720        0x8 /home/c_epbori/BLE/tools/nRF51_SDK/examples/ble_peripheral/ble_app_hrs/pca10028/s110/armgcc/_build/ble_advertising.o
 .text.sd_ble_gattc_relationships_discover
                0x000000000001b728        0x8 /home/c_epbori/BLE/tools/nRF51_SDK/examples/ble_peripheral/ble_app_hrs/pca10028/s110/armgcc/_build/ble_advertising.o
 .text.sd_ble_gattc_characteristics_discover
                0x000000000001b730        0x8 /home/c_epbori/BLE/tools/nRF51_SDK/examples/ble_peripheral/ble_app_hrs/pca10028/s110/armgcc/_build/ble_advertising.o
 .text.sd_ble_gattc_descriptors_discover
                0x000000000001b738        0x8 /home/c_epbori/BLE/tools/nRF51_SDK/examples/ble_peripheral/ble_app_hrs/pca10028/s110/armgcc/_build/ble_advertising.o
 .text.sd_ble_gattc_char_value_by_uuid_read
                0x000000000001b740        0x8 /home/c_epbori/BLE/tools/nRF51_SDK/examples/ble_peripheral/ble_app_hrs/pca10028/s110/armgcc/_build/ble_advertising.o
 .text.sd_ble_gattc_read
                0x000000000001b748        0x8 /home/c_epbori/BLE/tools/nRF51_SDK/examples/ble_peripheral/ble_app_hrs/pca10028/s110/armgcc/_build/ble_advertising.o
 .text.sd_ble_gattc_char_values_read
                0x000000000001b750        0x8 /home/c_epbori/BLE/tools/nRF51_SDK/examples/ble_peripheral/ble_app_hrs/pca10028/s110/armgcc/_build/ble_advertising.o
 .text.sd_ble_gattc_write
                0x000000000001b758        0x8 /home/c_epbori/BLE/tools/nRF51_SDK/examples/ble_peripheral/ble_app_hrs/pca10028/s110/armgcc/_build/ble_advertising.o
 .text.sd_ble_gattc_hv_confirm
                0x000000000001b760        0x8 /home/c_epbori/BLE/tools/nRF51_SDK/examples/ble_peripheral/ble_app_hrs/pca10028/s110/armgcc/_build/ble_advertising.o
 .text.sd_ble_gatts_service_add
                0x000000000001b768        0x8 /home/c_epbori/BLE/tools/nRF51_SDK/examples/ble_peripheral/ble_app_hrs/pca10028/s110/armgcc/_build/ble_advertising.o
 .text.sd_ble_gatts_include_add
                0x000000000001b770        0x8 /home/c_epbori/BLE/tools/nRF51_SDK/examples/ble_peripheral/ble_app_hrs/pca10028/s110/armgcc/_build/ble_advertising.o
 .text.sd_ble_gatts_characteristic_add
                0x000000000001b778        0x8 /home/c_epbori/BLE/tools/nRF51_SDK/examples/ble_peripheral/ble_app_hrs/pca10028/s110/armgcc/_build/ble_advertising.o
 .text.sd_ble_gatts_descriptor_add
                0x000000000001b780        0x8 /home/c_epbori/BLE/tools/nRF51_SDK/examples/ble_peripheral/ble_app_hrs/pca10028/s110/armgcc/_build/ble_advertising.o
 .text.sd_ble_gatts_value_set
                0x000000000001b788        0x8 /home/c_epbori/BLE/tools/nRF51_SDK/examples/ble_peripheral/ble_app_hrs/pca10028/s110/armgcc/_build/ble_advertising.o
 .text.sd_ble_gatts_value_get
                0x000000000001b790        0x8 /home/c_epbori/BLE/tools/nRF51_SDK/examples/ble_peripheral/ble_app_hrs/pca10028/s110/armgcc/_build/ble_advertising.o
 .text.sd_ble_gatts_hvx
                0x000000000001b798        0x8 /home/c_epbori/BLE/tools/nRF51_SDK/examples/ble_peripheral/ble_app_hrs/pca10028/s110/armgcc/_build/ble_advertising.o
 .text.sd_ble_gatts_service_changed
                0x000000000001b7a0        0x8 /home/c_epbori/BLE/tools/nRF51_SDK/examples/ble_peripheral/ble_app_hrs/pca10028/s110/armgcc/_build/ble_advertising.o
 .text.sd_ble_gatts_rw_authorize_reply
                0x000000000001b7a8        0x8 /home/c_epbori/BLE/tools/nRF51_SDK/examples/ble_peripheral/ble_app_hrs/pca10028/s110/armgcc/_build/ble_advertising.o
 .text.sd_ble_gatts_sys_attr_set
                0x000000000001b7b0        0x8 /home/c_epbori/BLE/tools/nRF51_SDK/examples/ble_peripheral/ble_app_hrs/pca10028/s110/armgcc/_build/ble_advertising.o
 .text.sd_ble_gatts_sys_attr_get
                0x000000000001b7b8        0x8 /home/c_epbori/BLE/tools/nRF51_SDK/examples/ble_peripheral/ble_app_hrs/pca10028/s110/armgcc/_build/ble_advertising.o
 .text.sd_ble_enable
                0x000000000001b7c0        0x8 /home/c_epbori/BLE/tools/nRF51_SDK/examples/ble_peripheral/ble_app_hrs/pca10028/s110/armgcc/_build/ble_advertising.o
 .text.sd_ble_evt_get
                0x000000000001b7c8        0x8 /home/c_epbori/BLE/tools/nRF51_SDK/examples/ble_peripheral/ble_app_hrs/pca10028/s110/armgcc/_build/ble_advertising.o
 .text.sd_ble_tx_buffer_count_get
                0x000000000001b7d0        0x8 /home/c_epbori/BLE/tools/nRF51_SDK/examples/ble_peripheral/ble_app_hrs/pca10028/s110/armgcc/_build/ble_advertising.o
 .text.sd_ble_uuid_vs_add
                0x000000000001b7d8        0x8 /home/c_epbori/BLE/tools/nRF51_SDK/examples/ble_peripheral/ble_app_hrs/pca10028/s110/armgcc/_build/ble_advertising.o
 .text.sd_ble_uuid_decode
                0x000000000001b7e0        0x8 /home/c_epbori/BLE/tools/nRF51_SDK/examples/ble_peripheral/ble_app_hrs/pca10028/s110/armgcc/_build/ble_advertising.o
 .text.sd_ble_uuid_encode
                0x000000000001b7e8        0x8 /home/c_epbori/BLE/tools/nRF51_SDK/examples/ble_peripheral/ble_app_hrs/pca10028/s110/armgcc/_build/ble_advertising.o
 .text.sd_ble_version_get
                0x000000000001b7f0        0x8 /home/c_epbori/BLE/tools/nRF51_SDK/examples/ble_peripheral/ble_app_hrs/pca10028/s110/armgcc/_build/ble_advertising.o
 .text.sd_ble_user_mem_reply
                0x000000000001b7f8        0x8 /home/c_epbori/BLE/tools/nRF51_SDK/examples/ble_peripheral/ble_app_hrs/pca10028/s110/armgcc/_build/ble_advertising.o
 .text.sd_ble_opt_set
                0x000000000001b800        0x8 /home/c_epbori/BLE/tools/nRF51_SDK/examples/ble_peripheral/ble_app_hrs/pca10028/s110/armgcc/_build/ble_advertising.o
 .text.sd_ble_opt_get
                0x000000000001b808        0x8 /home/c_epbori/BLE/tools/nRF51_SDK/examples/ble_peripheral/ble_app_hrs/pca10028/s110/armgcc/_build/ble_advertising.o
 .text.sd_mutex_new
                0x000000000001b810        0x8 /home/c_epbori/BLE/tools/nRF51_SDK/examples/ble_peripheral/ble_app_hrs/pca10028/s110/armgcc/_build/ble_advertising.o
 .text.sd_mutex_acquire
                0x000000000001b818        0x8 /home/c_epbori/BLE/tools/nRF51_SDK/examples/ble_peripheral/ble_app_hrs/pca10028/s110/armgcc/_build/ble_advertising.o
 .text.sd_mutex_release
                0x000000000001b820        0x8 /home/c_epbori/BLE/tools/nRF51_SDK/examples/ble_peripheral/ble_app_hrs/pca10028/s110/armgcc/_build/ble_advertising.o
 .text.sd_nvic_EnableIRQ
                0x000000000001b828        0x8 /home/c_epbori/BLE/tools/nRF51_SDK/examples/ble_peripheral/ble_app_hrs/pca10028/s110/armgcc/_build/ble_advertising.o
 .text.sd_nvic_DisableIRQ
                0x000000000001b830        0x8 /home/c_epbori/BLE/tools/nRF51_SDK/examples/ble_peripheral/ble_app_hrs/pca10028/s110/armgcc/_build/ble_advertising.o
 .text.sd_nvic_GetPendingIRQ
                0x000000000001b838        0x8 /home/c_epbori/BLE/tools/nRF51_SDK/examples/ble_peripheral/ble_app_hrs/pca10028/s110/armgcc/_build/ble_advertising.o
 .text.sd_nvic_SetPendingIRQ
                0x000000000001b840        0x8 /home/c_epbori/BLE/tools/nRF51_SDK/examples/ble_peripheral/ble_app_hrs/pca10028/s110/armgcc/_build/ble_advertising.o
 .text.sd_nvic_ClearPendingIRQ
                0x000000000001b848        0x8 /home/c_epbori/BLE/tools/nRF51_SDK/examples/ble_peripheral/ble_app_hrs/pca10028/s110/armgcc/_build/ble_advertising.o
 .text.sd_nvic_SetPriority
                0x000000000001b850        0x8 /home/c_epbori/BLE/tools/nRF51_SDK/examples/ble_peripheral/ble_app_hrs/pca10028/s110/armgcc/_build/ble_advertising.o
 .text.sd_nvic_GetPriority
                0x000000000001b858        0x8 /home/c_epbori/BLE/tools/nRF51_SDK/examples/ble_peripheral/ble_app_hrs/pca10028/s110/armgcc/_build/ble_advertising.o
 .text.sd_nvic_SystemReset
                0x000000000001b860        0x8 /home/c_epbori/BLE/tools/nRF51_SDK/examples/ble_peripheral/ble_app_hrs/pca10028/s110/armgcc/_build/ble_advertising.o
 .text.sd_nvic_critical_region_enter
                0x000000000001b868        0x8 /home/c_epbori/BLE/tools/nRF51_SDK/examples/ble_peripheral/ble_app_hrs/pca10028/s110/armgcc/_build/ble_advertising.o
 .text.sd_nvic_critical_region_exit
                0x000000000001b870        0x8 /home/c_epbori/BLE/tools/nRF51_SDK/examples/ble_peripheral/ble_app_hrs/pca10028/s110/armgcc/_build/ble_advertising.o
 .text.sd_rand_application_pool_capacity_get
                0x000000000001b878        0x8 /home/c_epbori/BLE/tools/nRF51_SDK/examples/ble_peripheral/ble_app_hrs/pca10028/s110/armgcc/_build/ble_advertising.o
 .text.sd_rand_application_bytes_available_get
                0x000000000001b880        0x8 /home/c_epbori/BLE/tools/nRF51_SDK/examples/ble_peripheral/ble_app_hrs/pca10028/s110/armgcc/_build/ble_advertising.o
 .text.sd_rand_application_vector_get
                0x000000000001b888        0x8 /home/c_epbori/BLE/tools/nRF51_SDK/examples/ble_peripheral/ble_app_hrs/pca10028/s110/armgcc/_build/ble_advertising.o
 .text.sd_power_reset_reason_get
                0x000000000001b890        0x8 /home/c_epbori/BLE/tools/nRF51_SDK/examples/ble_peripheral/ble_app_hrs/pca10028/s110/armgcc/_build/ble_advertising.o
 .text.sd_power_reset_reason_clr
                0x000000000001b898        0x8 /home/c_epbori/BLE/tools/nRF51_SDK/examples/ble_peripheral/ble_app_hrs/pca10028/s110/armgcc/_build/ble_advertising.o
 .text.sd_power_mode_set
                0x000000000001b8a0        0x8 /home/c_epbori/BLE/tools/nRF51_SDK/examples/ble_peripheral/ble_app_hrs/pca10028/s110/armgcc/_build/ble_advertising.o
 .text.sd_power_system_off
                0x000000000001b8a8        0x8 /home/c_epbori/BLE/tools/nRF51_SDK/examples/ble_peripheral/ble_app_hrs/pca10028/s110/armgcc/_build/ble_advertising.o
 .text.sd_power_pof_enable
                0x000000000001b8b0        0x8 /home/c_epbori/BLE/tools/nRF51_SDK/examples/ble_peripheral/ble_app_hrs/pca10028/s110/armgcc/_build/ble_advertising.o
 .text.sd_power_pof_threshold_set
                0x000000000001b8b8        0x8 /home/c_epbori/BLE/tools/nRF51_SDK/examples/ble_peripheral/ble_app_hrs/pca10028/s110/armgcc/_build/ble_advertising.o
 .text.sd_power_ramon_set
                0x000000000001b8c0        0x8 /home/c_epbori/BLE/tools/nRF51_SDK/examples/ble_peripheral/ble_app_hrs/pca10028/s110/armgcc/_build/ble_advertising.o
 .text.sd_power_ramon_clr
                0x000000000001b8c8        0x8 /home/c_epbori/BLE/tools/nRF51_SDK/examples/ble_peripheral/ble_app_hrs/pca10028/s110/armgcc/_build/ble_advertising.o
 .text.sd_power_ramon_get
                0x000000000001b8d0        0x8 /home/c_epbori/BLE/tools/nRF51_SDK/examples/ble_peripheral/ble_app_hrs/pca10028/s110/armgcc/_build/ble_advertising.o
 .text.sd_power_gpregret_set
                0x000000000001b8d8        0x8 /home/c_epbori/BLE/tools/nRF51_SDK/examples/ble_peripheral/ble_app_hrs/pca10028/s110/armgcc/_build/ble_advertising.o
 .text.sd_power_gpregret_clr
                0x000000000001b8e0        0x8 /home/c_epbori/BLE/tools/nRF51_SDK/examples/ble_peripheral/ble_app_hrs/pca10028/s110/armgcc/_build/ble_advertising.o
 .text.sd_power_gpregret_get
                0x000000000001b8e8        0x8 /home/c_epbori/BLE/tools/nRF51_SDK/examples/ble_peripheral/ble_app_hrs/pca10028/s110/armgcc/_build/ble_advertising.o
 .text.sd_power_dcdc_mode_set
                0x000000000001b8f0        0x8 /home/c_epbori/BLE/tools/nRF51_SDK/examples/ble_peripheral/ble_app_hrs/pca10028/s110/armgcc/_build/ble_advertising.o
 .text.sd_clock_hfclk_request
                0x000000000001b8f8        0x8 /home/c_epbori/BLE/tools/nRF51_SDK/examples/ble_peripheral/ble_app_hrs/pca10028/s110/armgcc/_build/ble_advertising.o
 .text.sd_clock_hfclk_release
                0x000000000001b900        0x8 /home/c_epbori/BLE/tools/nRF51_SDK/examples/ble_peripheral/ble_app_hrs/pca10028/s110/armgcc/_build/ble_advertising.o
 .text.sd_clock_hfclk_is_running
                0x000000000001b908        0x8 /home/c_epbori/BLE/tools/nRF51_SDK/examples/ble_peripheral/ble_app_hrs/pca10028/s110/armgcc/_build/ble_advertising.o
 .text.sd_app_evt_wait
                0x000000000001b910        0x8 /home/c_epbori/BLE/tools/nRF51_SDK/examples/ble_peripheral/ble_app_hrs/pca10028/s110/armgcc/_build/ble_advertising.o
 .text.sd_ppi_channel_enable_get
                0x000000000001b918        0x8 /home/c_epbori/BLE/tools/nRF51_SDK/examples/ble_peripheral/ble_app_hrs/pca10028/s110/armgcc/_build/ble_advertising.o
 .text.sd_ppi_channel_enable_set
                0x000000000001b920        0x8 /home/c_epbori/BLE/tools/nRF51_SDK/examples/ble_peripheral/ble_app_hrs/pca10028/s110/armgcc/_build/ble_advertising.o
 .text.sd_ppi_channel_enable_clr
                0x000000000001b928        0x8 /home/c_epbori/BLE/tools/nRF51_SDK/examples/ble_peripheral/ble_app_hrs/pca10028/s110/armgcc/_build/ble_advertising.o
 .text.sd_ppi_channel_assign
                0x000000000001b930        0x8 /home/c_epbori/BLE/tools/nRF51_SDK/examples/ble_peripheral/ble_app_hrs/pca10028/s110/armgcc/_build/ble_advertising.o
 .text.sd_ppi_group_task_enable
                0x000000000001b938        0x8 /home/c_epbori/BLE/tools/nRF51_SDK/examples/ble_peripheral/ble_app_hrs/pca10028/s110/armgcc/_build/ble_advertising.o
 .text.sd_ppi_group_task_disable
                0x000000000001b940        0x8 /home/c_epbori/BLE/tools/nRF51_SDK/examples/ble_peripheral/ble_app_hrs/pca10028/s110/armgcc/_build/ble_advertising.o
 .text.sd_ppi_group_assign
                0x000000000001b948        0x8 /home/c_epbori/BLE/tools/nRF51_SDK/examples/ble_peripheral/ble_app_hrs/pca10028/s110/armgcc/_build/ble_advertising.o
 .text.sd_ppi_group_get
                0x000000000001b950        0x8 /home/c_epbori/BLE/tools/nRF51_SDK/examples/ble_peripheral/ble_app_hrs/pca10028/s110/armgcc/_build/ble_advertising.o
 .text.sd_radio_notification_cfg_set
                0x000000000001b958        0x8 /home/c_epbori/BLE/tools/nRF51_SDK/examples/ble_peripheral/ble_app_hrs/pca10028/s110/armgcc/_build/ble_advertising.o
 .text.sd_ecb_block_encrypt
                0x000000000001b960        0x8 /home/c_epbori/BLE/tools/nRF51_SDK/examples/ble_peripheral/ble_app_hrs/pca10028/s110/armgcc/_build/ble_advertising.o
 .text.sd_evt_get
                0x000000000001b968        0x8 /home/c_epbori/BLE/tools/nRF51_SDK/examples/ble_peripheral/ble_app_hrs/pca10028/s110/armgcc/_build/ble_advertising.o
 .text.sd_temp_get
                0x000000000001b970        0x8 /home/c_epbori/BLE/tools/nRF51_SDK/examples/ble_peripheral/ble_app_hrs/pca10028/s110/armgcc/_build/ble_advertising.o
 .text.sd_flash_write
                0x000000000001b978        0x8 /home/c_epbori/BLE/tools/nRF51_SDK/examples/ble_peripheral/ble_app_hrs/pca10028/s110/armgcc/_build/ble_advertising.o
 .text.sd_flash_page_erase
                0x000000000001b980        0x8 /home/c_epbori/BLE/tools/nRF51_SDK/examples/ble_peripheral/ble_app_hrs/pca10028/s110/armgcc/_build/ble_advertising.o
 .text.sd_flash_protect
                0x000000000001b988        0x8 /home/c_epbori/BLE/tools/nRF51_SDK/examples/ble_peripheral/ble_app_hrs/pca10028/s110/armgcc/_build/ble_advertising.o
 .text.sd_radio_session_open
                0x000000000001b990        0x8 /home/c_epbori/BLE/tools/nRF51_SDK/examples/ble_peripheral/ble_app_hrs/pca10028/s110/armgcc/_build/ble_advertising.o
 .text.sd_radio_session_close
                0x000000000001b998        0x8 /home/c_epbori/BLE/tools/nRF51_SDK/examples/ble_peripheral/ble_app_hrs/pca10028/s110/armgcc/_build/ble_advertising.o
 .text.sd_radio_request
                0x000000000001b9a0        0x8 /home/c_epbori/BLE/tools/nRF51_SDK/examples/ble_peripheral/ble_app_hrs/pca10028/s110/armgcc/_build/ble_advertising.o
 .text.whitelist_has_entries
                0x000000000001b9a8       0x26 /home/c_epbori/BLE/tools/nRF51_SDK/examples/ble_peripheral/ble_app_hrs/pca10028/s110/armgcc/_build/ble_advertising.o
 *fill*         0x000000000001b9ce        0x2 
 .text.ble_advertising_peer_address_clear
                0x000000000001b9d0       0x1c /home/c_epbori/BLE/tools/nRF51_SDK/examples/ble_peripheral/ble_app_hrs/pca10028/s110/armgcc/_build/ble_advertising.o
 .text.peer_address_exists
                0x000000000001b9ec       0x34 /home/c_epbori/BLE/tools/nRF51_SDK/examples/ble_peripheral/ble_app_hrs/pca10028/s110/armgcc/_build/ble_advertising.o
 .text.ble_advertising_init
                0x000000000001ba20      0x1fc /home/c_epbori/BLE/tools/nRF51_SDK/examples/ble_peripheral/ble_app_hrs/pca10028/s110/armgcc/_build/ble_advertising.o
                0x000000000001ba20                ble_advertising_init
 .text.ble_advertising_start
                0x000000000001bc1c      0x37c /home/c_epbori/BLE/tools/nRF51_SDK/examples/ble_peripheral/ble_app_hrs/pca10028/s110/armgcc/_build/ble_advertising.o
                0x000000000001bc1c                ble_advertising_start
 .text.ble_advertising_on_ble_evt
                0x000000000001bf98      0x148 /home/c_epbori/BLE/tools/nRF51_SDK/examples/ble_peripheral/ble_app_hrs/pca10028/s110/armgcc/_build/ble_advertising.o
                0x000000000001bf98                ble_advertising_on_ble_evt
 .text.ble_advertising_on_sys_evt
                0x000000000001c0e0       0x64 /home/c_epbori/BLE/tools/nRF51_SDK/examples/ble_peripheral/ble_app_hrs/pca10028/s110/armgcc/_build/ble_advertising.o
                0x000000000001c0e0                ble_advertising_on_sys_evt
 .text.ble_advertising_peer_addr_reply
                0x000000000001c144       0x64 /home/c_epbori/BLE/tools/nRF51_SDK/examples/ble_peripheral/ble_app_hrs/pca10028/s110/armgcc/_build/ble_advertising.o
                0x000000000001c144                ble_advertising_peer_addr_reply
 .text.ble_advertising_whitelist_reply
                0x000000000001c1a8       0xa4 /home/c_epbori/BLE/tools/nRF51_SDK/examples/ble_peripheral/ble_app_hrs/pca10028/s110/armgcc/_build/ble_advertising.o
                0x000000000001c1a8                ble_advertising_whitelist_reply
 .text.ble_advertising_restart_without_whitelist
                0x000000000001c24c       0x7c /home/c_epbori/BLE/tools/nRF51_SDK/examples/ble_peripheral/ble_app_hrs/pca10028/s110/armgcc/_build/ble_advertising.o
                0x000000000001c24c                ble_advertising_restart_without_whitelist
 .text          0x000000000001c2c8        0x0 /home/c_epbori/BLE/tools/nRF51_SDK/examples/ble_peripheral/ble_app_hrs/pca10028/s110/armgcc/_build/ble_bas.o
 .text.sd_ble_gap_address_set
                0x000000000001c2c8        0x8 /home/c_epbori/BLE/tools/nRF51_SDK/examples/ble_peripheral/ble_app_hrs/pca10028/s110/armgcc/_build/ble_bas.o
 .text.sd_ble_gap_address_get
                0x000000000001c2d0        0x8 /home/c_epbori/BLE/tools/nRF51_SDK/examples/ble_peripheral/ble_app_hrs/pca10028/s110/armgcc/_build/ble_bas.o
 .text.sd_ble_gap_adv_data_set
                0x000000000001c2d8        0x8 /home/c_epbori/BLE/tools/nRF51_SDK/examples/ble_peripheral/ble_app_hrs/pca10028/s110/armgcc/_build/ble_bas.o
 .text.sd_ble_gap_adv_start
                0x000000000001c2e0        0x8 /home/c_epbori/BLE/tools/nRF51_SDK/examples/ble_peripheral/ble_app_hrs/pca10028/s110/armgcc/_build/ble_bas.o
 .text.sd_ble_gap_adv_stop
                0x000000000001c2e8        0x8 /home/c_epbori/BLE/tools/nRF51_SDK/examples/ble_peripheral/ble_app_hrs/pca10028/s110/armgcc/_build/ble_bas.o
 .text.sd_ble_gap_conn_param_update
                0x000000000001c2f0        0x8 /home/c_epbori/BLE/tools/nRF51_SDK/examples/ble_peripheral/ble_app_hrs/pca10028/s110/armgcc/_build/ble_bas.o
 .text.sd_ble_gap_disconnect
                0x000000000001c2f8        0x8 /home/c_epbori/BLE/tools/nRF51_SDK/examples/ble_peripheral/ble_app_hrs/pca10028/s110/armgcc/_build/ble_bas.o
 .text.sd_ble_gap_tx_power_set
                0x000000000001c300        0x8 /home/c_epbori/BLE/tools/nRF51_SDK/examples/ble_peripheral/ble_app_hrs/pca10028/s110/armgcc/_build/ble_bas.o
 .text.sd_ble_gap_appearance_set
                0x000000000001c308        0x8 /home/c_epbori/BLE/tools/nRF51_SDK/examples/ble_peripheral/ble_app_hrs/pca10028/s110/armgcc/_build/ble_bas.o
 .text.sd_ble_gap_appearance_get
                0x000000000001c310        0x8 /home/c_epbori/BLE/tools/nRF51_SDK/examples/ble_peripheral/ble_app_hrs/pca10028/s110/armgcc/_build/ble_bas.o
 .text.sd_ble_gap_ppcp_set
                0x000000000001c318        0x8 /home/c_epbori/BLE/tools/nRF51_SDK/examples/ble_peripheral/ble_app_hrs/pca10028/s110/armgcc/_build/ble_bas.o
 .text.sd_ble_gap_ppcp_get
                0x000000000001c320        0x8 /home/c_epbori/BLE/tools/nRF51_SDK/examples/ble_peripheral/ble_app_hrs/pca10028/s110/armgcc/_build/ble_bas.o
 .text.sd_ble_gap_device_name_set
                0x000000000001c328        0x8 /home/c_epbori/BLE/tools/nRF51_SDK/examples/ble_peripheral/ble_app_hrs/pca10028/s110/armgcc/_build/ble_bas.o
 .text.sd_ble_gap_device_name_get
                0x000000000001c330        0x8 /home/c_epbori/BLE/tools/nRF51_SDK/examples/ble_peripheral/ble_app_hrs/pca10028/s110/armgcc/_build/ble_bas.o
 .text.sd_ble_gap_authenticate
                0x000000000001c338        0x8 /home/c_epbori/BLE/tools/nRF51_SDK/examples/ble_peripheral/ble_app_hrs/pca10028/s110/armgcc/_build/ble_bas.o
 .text.sd_ble_gap_sec_params_reply
                0x000000000001c340        0x8 /home/c_epbori/BLE/tools/nRF51_SDK/examples/ble_peripheral/ble_app_hrs/pca10028/s110/armgcc/_build/ble_bas.o
 .text.sd_ble_gap_auth_key_reply
                0x000000000001c348        0x8 /home/c_epbori/BLE/tools/nRF51_SDK/examples/ble_peripheral/ble_app_hrs/pca10028/s110/armgcc/_build/ble_bas.o
 .text.sd_ble_gap_encrypt
                0x000000000001c350        0x8 /home/c_epbori/BLE/tools/nRF51_SDK/examples/ble_peripheral/ble_app_hrs/pca10028/s110/armgcc/_build/ble_bas.o
 .text.sd_ble_gap_sec_info_reply
                0x000000000001c358        0x8 /home/c_epbori/BLE/tools/nRF51_SDK/examples/ble_peripheral/ble_app_hrs/pca10028/s110/armgcc/_build/ble_bas.o
 .text.sd_ble_gap_conn_sec_get
                0x000000000001c360        0x8 /home/c_epbori/BLE/tools/nRF51_SDK/examples/ble_peripheral/ble_app_hrs/pca10028/s110/armgcc/_build/ble_bas.o
 .text.sd_ble_gap_rssi_start
                0x000000000001c368        0x8 /home/c_epbori/BLE/tools/nRF51_SDK/examples/ble_peripheral/ble_app_hrs/pca10028/s110/armgcc/_build/ble_bas.o
 .text.sd_ble_gap_rssi_stop
                0x000000000001c370        0x8 /home/c_epbori/BLE/tools/nRF51_SDK/examples/ble_peripheral/ble_app_hrs/pca10028/s110/armgcc/_build/ble_bas.o
 .text.sd_ble_gap_rssi_get
                0x000000000001c378        0x8 /home/c_epbori/BLE/tools/nRF51_SDK/examples/ble_peripheral/ble_app_hrs/pca10028/s110/armgcc/_build/ble_bas.o
 .text.sd_ble_gap_scan_start
                0x000000000001c380        0x8 /home/c_epbori/BLE/tools/nRF51_SDK/examples/ble_peripheral/ble_app_hrs/pca10028/s110/armgcc/_build/ble_bas.o
 .text.sd_ble_gap_scan_stop
                0x000000000001c388        0x8 /home/c_epbori/BLE/tools/nRF51_SDK/examples/ble_peripheral/ble_app_hrs/pca10028/s110/armgcc/_build/ble_bas.o
 .text.sd_ble_gap_connect
                0x000000000001c390        0x8 /home/c_epbori/BLE/tools/nRF51_SDK/examples/ble_peripheral/ble_app_hrs/pca10028/s110/armgcc/_build/ble_bas.o
 .text.sd_ble_gap_connect_cancel
                0x000000000001c398        0x8 /home/c_epbori/BLE/tools/nRF51_SDK/examples/ble_peripheral/ble_app_hrs/pca10028/s110/armgcc/_build/ble_bas.o
 .text.sd_ble_l2cap_cid_register
                0x000000000001c3a0        0x8 /home/c_epbori/BLE/tools/nRF51_SDK/examples/ble_peripheral/ble_app_hrs/pca10028/s110/armgcc/_build/ble_bas.o
 .text.sd_ble_l2cap_cid_unregister
                0x000000000001c3a8        0x8 /home/c_epbori/BLE/tools/nRF51_SDK/examples/ble_peripheral/ble_app_hrs/pca10028/s110/armgcc/_build/ble_bas.o
 .text.sd_ble_l2cap_tx
                0x000000000001c3b0        0x8 /home/c_epbori/BLE/tools/nRF51_SDK/examples/ble_peripheral/ble_app_hrs/pca10028/s110/armgcc/_build/ble_bas.o
 .text.sd_ble_gattc_primary_services_discover
                0x000000000001c3b8        0x8 /home/c_epbori/BLE/tools/nRF51_SDK/examples/ble_peripheral/ble_app_hrs/pca10028/s110/armgcc/_build/ble_bas.o
 .text.sd_ble_gattc_relationships_discover
                0x000000000001c3c0        0x8 /home/c_epbori/BLE/tools/nRF51_SDK/examples/ble_peripheral/ble_app_hrs/pca10028/s110/armgcc/_build/ble_bas.o
 .text.sd_ble_gattc_characteristics_discover
                0x000000000001c3c8        0x8 /home/c_epbori/BLE/tools/nRF51_SDK/examples/ble_peripheral/ble_app_hrs/pca10028/s110/armgcc/_build/ble_bas.o
 .text.sd_ble_gattc_descriptors_discover
                0x000000000001c3d0        0x8 /home/c_epbori/BLE/tools/nRF51_SDK/examples/ble_peripheral/ble_app_hrs/pca10028/s110/armgcc/_build/ble_bas.o
 .text.sd_ble_gattc_char_value_by_uuid_read
                0x000000000001c3d8        0x8 /home/c_epbori/BLE/tools/nRF51_SDK/examples/ble_peripheral/ble_app_hrs/pca10028/s110/armgcc/_build/ble_bas.o
 .text.sd_ble_gattc_read
                0x000000000001c3e0        0x8 /home/c_epbori/BLE/tools/nRF51_SDK/examples/ble_peripheral/ble_app_hrs/pca10028/s110/armgcc/_build/ble_bas.o
 .text.sd_ble_gattc_char_values_read
                0x000000000001c3e8        0x8 /home/c_epbori/BLE/tools/nRF51_SDK/examples/ble_peripheral/ble_app_hrs/pca10028/s110/armgcc/_build/ble_bas.o
 .text.sd_ble_gattc_write
                0x000000000001c3f0        0x8 /home/c_epbori/BLE/tools/nRF51_SDK/examples/ble_peripheral/ble_app_hrs/pca10028/s110/armgcc/_build/ble_bas.o
 .text.sd_ble_gattc_hv_confirm
                0x000000000001c3f8        0x8 /home/c_epbori/BLE/tools/nRF51_SDK/examples/ble_peripheral/ble_app_hrs/pca10028/s110/armgcc/_build/ble_bas.o
 .text.sd_ble_gatts_service_add
                0x000000000001c400        0x8 /home/c_epbori/BLE/tools/nRF51_SDK/examples/ble_peripheral/ble_app_hrs/pca10028/s110/armgcc/_build/ble_bas.o
 .text.sd_ble_gatts_include_add
                0x000000000001c408        0x8 /home/c_epbori/BLE/tools/nRF51_SDK/examples/ble_peripheral/ble_app_hrs/pca10028/s110/armgcc/_build/ble_bas.o
 .text.sd_ble_gatts_characteristic_add
                0x000000000001c410        0x8 /home/c_epbori/BLE/tools/nRF51_SDK/examples/ble_peripheral/ble_app_hrs/pca10028/s110/armgcc/_build/ble_bas.o
 .text.sd_ble_gatts_descriptor_add
                0x000000000001c418        0x8 /home/c_epbori/BLE/tools/nRF51_SDK/examples/ble_peripheral/ble_app_hrs/pca10028/s110/armgcc/_build/ble_bas.o
 .text.sd_ble_gatts_value_set
                0x000000000001c420        0x8 /home/c_epbori/BLE/tools/nRF51_SDK/examples/ble_peripheral/ble_app_hrs/pca10028/s110/armgcc/_build/ble_bas.o
 .text.sd_ble_gatts_value_get
                0x000000000001c428        0x8 /home/c_epbori/BLE/tools/nRF51_SDK/examples/ble_peripheral/ble_app_hrs/pca10028/s110/armgcc/_build/ble_bas.o
 .text.sd_ble_gatts_hvx
                0x000000000001c430        0x8 /home/c_epbori/BLE/tools/nRF51_SDK/examples/ble_peripheral/ble_app_hrs/pca10028/s110/armgcc/_build/ble_bas.o
 .text.sd_ble_gatts_service_changed
                0x000000000001c438        0x8 /home/c_epbori/BLE/tools/nRF51_SDK/examples/ble_peripheral/ble_app_hrs/pca10028/s110/armgcc/_build/ble_bas.o
 .text.sd_ble_gatts_rw_authorize_reply
                0x000000000001c440        0x8 /home/c_epbori/BLE/tools/nRF51_SDK/examples/ble_peripheral/ble_app_hrs/pca10028/s110/armgcc/_build/ble_bas.o
 .text.sd_ble_gatts_sys_attr_set
                0x000000000001c448        0x8 /home/c_epbori/BLE/tools/nRF51_SDK/examples/ble_peripheral/ble_app_hrs/pca10028/s110/armgcc/_build/ble_bas.o
 .text.sd_ble_gatts_sys_attr_get
                0x000000000001c450        0x8 /home/c_epbori/BLE/tools/nRF51_SDK/examples/ble_peripheral/ble_app_hrs/pca10028/s110/armgcc/_build/ble_bas.o
 .text.sd_ble_enable
                0x000000000001c458        0x8 /home/c_epbori/BLE/tools/nRF51_SDK/examples/ble_peripheral/ble_app_hrs/pca10028/s110/armgcc/_build/ble_bas.o
 .text.sd_ble_evt_get
                0x000000000001c460        0x8 /home/c_epbori/BLE/tools/nRF51_SDK/examples/ble_peripheral/ble_app_hrs/pca10028/s110/armgcc/_build/ble_bas.o
 .text.sd_ble_tx_buffer_count_get
                0x000000000001c468        0x8 /home/c_epbori/BLE/tools/nRF51_SDK/examples/ble_peripheral/ble_app_hrs/pca10028/s110/armgcc/_build/ble_bas.o
 .text.sd_ble_uuid_vs_add
                0x000000000001c470        0x8 /home/c_epbori/BLE/tools/nRF51_SDK/examples/ble_peripheral/ble_app_hrs/pca10028/s110/armgcc/_build/ble_bas.o
 .text.sd_ble_uuid_decode
                0x000000000001c478        0x8 /home/c_epbori/BLE/tools/nRF51_SDK/examples/ble_peripheral/ble_app_hrs/pca10028/s110/armgcc/_build/ble_bas.o
 .text.sd_ble_uuid_encode
                0x000000000001c480        0x8 /home/c_epbori/BLE/tools/nRF51_SDK/examples/ble_peripheral/ble_app_hrs/pca10028/s110/armgcc/_build/ble_bas.o
 .text.sd_ble_version_get
                0x000000000001c488        0x8 /home/c_epbori/BLE/tools/nRF51_SDK/examples/ble_peripheral/ble_app_hrs/pca10028/s110/armgcc/_build/ble_bas.o
 .text.sd_ble_user_mem_reply
                0x000000000001c490        0x8 /home/c_epbori/BLE/tools/nRF51_SDK/examples/ble_peripheral/ble_app_hrs/pca10028/s110/armgcc/_build/ble_bas.o
 .text.sd_ble_opt_set
                0x000000000001c498        0x8 /home/c_epbori/BLE/tools/nRF51_SDK/examples/ble_peripheral/ble_app_hrs/pca10028/s110/armgcc/_build/ble_bas.o
 .text.sd_ble_opt_get
                0x000000000001c4a0        0x8 /home/c_epbori/BLE/tools/nRF51_SDK/examples/ble_peripheral/ble_app_hrs/pca10028/s110/armgcc/_build/ble_bas.o
 .text.uint16_decode
                0x000000000001c4a8       0x26 /home/c_epbori/BLE/tools/nRF51_SDK/examples/ble_peripheral/ble_app_hrs/pca10028/s110/armgcc/_build/ble_bas.o
 .text.ble_srv_is_notification_enabled
                0x000000000001c4ce       0x30 /home/c_epbori/BLE/tools/nRF51_SDK/examples/ble_peripheral/ble_app_hrs/pca10028/s110/armgcc/_build/ble_bas.o
 .text.on_connect
                0x000000000001c4fe       0x1a /home/c_epbori/BLE/tools/nRF51_SDK/examples/ble_peripheral/ble_app_hrs/pca10028/s110/armgcc/_build/ble_bas.o
 .text.on_disconnect
                0x000000000001c518       0x1a /home/c_epbori/BLE/tools/nRF51_SDK/examples/ble_peripheral/ble_app_hrs/pca10028/s110/armgcc/_build/ble_bas.o
 .text.on_write
                0x000000000001c532       0x6a /home/c_epbori/BLE/tools/nRF51_SDK/examples/ble_peripheral/ble_app_hrs/pca10028/s110/armgcc/_build/ble_bas.o
 .text.ble_bas_on_ble_evt
                0x000000000001c59c       0x5a /home/c_epbori/BLE/tools/nRF51_SDK/examples/ble_peripheral/ble_app_hrs/pca10028/s110/armgcc/_build/ble_bas.o
                0x000000000001c59c                ble_bas_on_ble_evt
 *fill*         0x000000000001c5f6        0x2 
 .text.battery_level_char_add
                0x000000000001c5f8      0x2c4 /home/c_epbori/BLE/tools/nRF51_SDK/examples/ble_peripheral/ble_app_hrs/pca10028/s110/armgcc/_build/ble_bas.o
 .text.ble_bas_init
                0x000000000001c8bc       0x80 /home/c_epbori/BLE/tools/nRF51_SDK/examples/ble_peripheral/ble_app_hrs/pca10028/s110/armgcc/_build/ble_bas.o
                0x000000000001c8bc                ble_bas_init
 .text.ble_bas_battery_level_update
                0x000000000001c93c       0xf4 /home/c_epbori/BLE/tools/nRF51_SDK/examples/ble_peripheral/ble_app_hrs/pca10028/s110/armgcc/_build/ble_bas.o
                0x000000000001c93c                ble_bas_battery_level_update
 .text          0x000000000001ca30        0x0 /home/c_epbori/BLE/tools/nRF51_SDK/examples/ble_peripheral/ble_app_hrs/pca10028/s110/armgcc/_build/ble_conn_params.o
 .text.sd_ble_gap_address_set
                0x000000000001ca30        0x8 /home/c_epbori/BLE/tools/nRF51_SDK/examples/ble_peripheral/ble_app_hrs/pca10028/s110/armgcc/_build/ble_conn_params.o
 .text.sd_ble_gap_address_get
                0x000000000001ca38        0x8 /home/c_epbori/BLE/tools/nRF51_SDK/examples/ble_peripheral/ble_app_hrs/pca10028/s110/armgcc/_build/ble_conn_params.o
 .text.sd_ble_gap_adv_data_set
                0x000000000001ca40        0x8 /home/c_epbori/BLE/tools/nRF51_SDK/examples/ble_peripheral/ble_app_hrs/pca10028/s110/armgcc/_build/ble_conn_params.o
 .text.sd_ble_gap_adv_start
                0x000000000001ca48        0x8 /home/c_epbori/BLE/tools/nRF51_SDK/examples/ble_peripheral/ble_app_hrs/pca10028/s110/armgcc/_build/ble_conn_params.o
 .text.sd_ble_gap_adv_stop
                0x000000000001ca50        0x8 /home/c_epbori/BLE/tools/nRF51_SDK/examples/ble_peripheral/ble_app_hrs/pca10028/s110/armgcc/_build/ble_conn_params.o
 .text.sd_ble_gap_conn_param_update
                0x000000000001ca58        0x8 /home/c_epbori/BLE/tools/nRF51_SDK/examples/ble_peripheral/ble_app_hrs/pca10028/s110/armgcc/_build/ble_conn_params.o
 .text.sd_ble_gap_disconnect
                0x000000000001ca60        0x8 /home/c_epbori/BLE/tools/nRF51_SDK/examples/ble_peripheral/ble_app_hrs/pca10028/s110/armgcc/_build/ble_conn_params.o
 .text.sd_ble_gap_tx_power_set
                0x000000000001ca68        0x8 /home/c_epbori/BLE/tools/nRF51_SDK/examples/ble_peripheral/ble_app_hrs/pca10028/s110/armgcc/_build/ble_conn_params.o
 .text.sd_ble_gap_appearance_set
                0x000000000001ca70        0x8 /home/c_epbori/BLE/tools/nRF51_SDK/examples/ble_peripheral/ble_app_hrs/pca10028/s110/armgcc/_build/ble_conn_params.o
 .text.sd_ble_gap_appearance_get
                0x000000000001ca78        0x8 /home/c_epbori/BLE/tools/nRF51_SDK/examples/ble_peripheral/ble_app_hrs/pca10028/s110/armgcc/_build/ble_conn_params.o
 .text.sd_ble_gap_ppcp_set
                0x000000000001ca80        0x8 /home/c_epbori/BLE/tools/nRF51_SDK/examples/ble_peripheral/ble_app_hrs/pca10028/s110/armgcc/_build/ble_conn_params.o
 .text.sd_ble_gap_ppcp_get