Archive member included to satisfy reference by file (symbol)

/home/c_epbori/BLE/tools/gcc-arm-none-eabi-6-2017-q2-update/bin/../lib/gcc/arm-none-eabi/6.3.1/../../../../arm-none-eabi/lib/thumb/v6-m/libc_nano.a(lib_a-exit.o)
                              /home/c_epbori/BLE/tools/gcc-arm-none-eabi-6-2017-q2-update/bin/../lib/gcc/arm-none-eabi/6.3.1/../../../../arm-none-eabi/lib/thumb/v6-m/crt0.o (exit)
/home/c_epbori/BLE/tools/gcc-arm-none-eabi-6-2017-q2-update/bin/../lib/gcc/arm-none-eabi/6.3.1/../../../../arm-none-eabi/lib/thumb/v6-m/libc_nano.a(lib_a-impure.o)
                              /home/c_epbori/BLE/tools/gcc-arm-none-eabi-6-2017-q2-update/bin/../lib/gcc/arm-none-eabi/6.3.1/../../../../arm-none-eabi/lib/thumb/v6-m/libc_nano.a(lib_a-exit.o) (_global_impure_ptr)
/home/c_epbori/BLE/tools/gcc-arm-none-eabi-6-2017-q2-update/bin/../lib/gcc/arm-none-eabi/6.3.1/../../../../arm-none-eabi/lib/thumb/v6-m/libc_nano.a(lib_a-init.o)
                              /home/c_epbori/BLE/tools/gcc-arm-none-eabi-6-2017-q2-update/bin/../lib/gcc/arm-none-eabi/6.3.1/../../../../arm-none-eabi/lib/thumb/v6-m/crt0.o (__libc_init_array)
/home/c_epbori/BLE/tools/gcc-arm-none-eabi-6-2017-q2-update/bin/../lib/gcc/arm-none-eabi/6.3.1/../../../../arm-none-eabi/lib/thumb/v6-m/libc_nano.a(lib_a-memset.o)
                              /home/c_epbori/BLE/tools/gcc-arm-none-eabi-6-2017-q2-update/bin/../lib/gcc/arm-none-eabi/6.3.1/../../../../arm-none-eabi/lib/thumb/v6-m/crt0.o (memset)
/home/c_epbori/BLE/tools/gcc-arm-none-eabi-6-2017-q2-update/bin/../lib/gcc/arm-none-eabi/6.3.1/../../../../arm-none-eabi/lib/thumb/v6-m/libnosys.a(_exit.o)
                              /home/c_epbori/BLE/tools/gcc-arm-none-eabi-6-2017-q2-update/bin/../lib/gcc/arm-none-eabi/6.3.1/../../../../arm-none-eabi/lib/thumb/v6-m/libc_nano.a(lib_a-exit.o) (_exit)
/home/c_epbori/BLE/tools/gcc-arm-none-eabi-6-2017-q2-update/bin/../lib/gcc/arm-none-eabi/6.3.1/thumb/v6-m/libgcc.a(_udivsi3.o)
                              _build/pstorage.o (__aeabi_uidiv)
/home/c_epbori/BLE/tools/gcc-arm-none-eabi-6-2017-q2-update/bin/../lib/gcc/arm-none-eabi/6.3.1/thumb/v6-m/libgcc.a(_divsi3.o)
                              _build/pstorage.o (__aeabi_idiv)
/home/c_epbori/BLE/tools/gcc-arm-none-eabi-6-2017-q2-update/bin/../lib/gcc/arm-none-eabi/6.3.1/thumb/v6-m/libgcc.a(_dvmd_tls.o)
                              /home/c_epbori/BLE/tools/gcc-arm-none-eabi-6-2017-q2-update/bin/../lib/gcc/arm-none-eabi/6.3.1/thumb/v6-m/libgcc.a(_udivsi3.o) (__aeabi_idiv0)
/home/c_epbori/BLE/tools/gcc-arm-none-eabi-6-2017-q2-update/bin/../lib/gcc/arm-none-eabi/6.3.1/../../../../arm-none-eabi/lib/thumb/v6-m/libc_nano.a(lib_a-memcmp.o)
                              _build/device_manager_peripheral.o (memcmp)
/home/c_epbori/BLE/tools/gcc-arm-none-eabi-6-2017-q2-update/bin/../lib/gcc/arm-none-eabi/6.3.1/../../../../arm-none-eabi/lib/thumb/v6-m/libc_nano.a(lib_a-memcpy-stub.o)
                              _build/pstorage.o (memcpy)
/home/c_epbori/BLE/tools/gcc-arm-none-eabi-6-2017-q2-update/bin/../lib/gcc/arm-none-eabi/6.3.1/../../../../arm-none-eabi/lib/thumb/v6-m/libc_nano.a(lib_a-memmove.o)
                              _build/ble_hrs.o (memmove)
/home/c_epbori/BLE/tools/gcc-arm-none-eabi-6-2017-q2-update/bin/../lib/gcc/arm-none-eabi/6.3.1/../../../../arm-none-eabi/lib/thumb/v6-m/libc_nano.a(lib_a-strlen.o)
                              _build/ble_srv_common.o (strlen)

Allocating common symbols
Common symbol       size              file

__stdin             0x68              _build/retarget.o
__stdout            0x68              _build/retarget.o

Discarded input sections

 .text          0x0000000000000000        0x0 /home/c_epbori/BLE/tools/gcc-arm-none-eabi-6-2017-q2-update/bin/../lib/gcc/arm-none-eabi/6.3.1/thumb/v6-m/crti.o
 .data          0x0000000000000000        0x0 /home/c_epbori/BLE/tools/gcc-arm-none-eabi-6-2017-q2-update/bin/../lib/gcc/arm-none-eabi/6.3.1/thumb/v6-m/crti.o
 .bss           0x0000000000000000        0x0 /home/c_epbori/BLE/tools/gcc-arm-none-eabi-6-2017-q2-update/bin/../lib/gcc/arm-none-eabi/6.3.1/thumb/v6-m/crti.o
 .data          0x0000000000000000        0x4 /home/c_epbori/BLE/tools/gcc-arm-none-eabi-6-2017-q2-update/bin/../lib/gcc/arm-none-eabi/6.3.1/thumb/v6-m/crtbegin.o
 .data          0x0000000000000000        0x0 /home/c_epbori/BLE/tools/gcc-arm-none-eabi-6-2017-q2-update/bin/../lib/gcc/arm-none-eabi/6.3.1/../../../../arm-none-eabi/lib/thumb/v6-m/crt0.o
 .bss           0x0000000000000000        0x0 /home/c_epbori/BLE/tools/gcc-arm-none-eabi-6-2017-q2-update/bin/../lib/gcc/arm-none-eabi/6.3.1/../../../../arm-none-eabi/lib/thumb/v6-m/crt0.o
 .ARM.extab     0x0000000000000000        0x0 /home/c_epbori/BLE/tools/gcc-arm-none-eabi-6-2017-q2-update/bin/../lib/gcc/arm-none-eabi/6.3.1/../../../../arm-none-eabi/lib/thumb/v6-m/crt0.o
[...]
Memory Configuration

Name             Origin             Length             Attributes
FLASH            0x0000000000018000 0x0000000000028000 xr
RAM              0x0000000020002000 0x0000000000006000 xrw
*default*        0x0000000000000000 0xffffffffffffffff

Linker script and memory map

LOAD /home/c_epbori/BLE/tools/gcc-arm-none-eabi-6-2017-q2-update/bin/../lib/gcc/arm-none-eabi/6.3.1/thumb/v6-m/crti.o
LOAD /home/c_epbori/BLE/tools/gcc-arm-none-eabi-6-2017-q2-update/bin/../lib/gcc/arm-none-eabi/6.3.1/thumb/v6-m/crtbegin.o
LOAD /home/c_epbori/BLE/tools/gcc-arm-none-eabi-6-2017-q2-update/bin/../lib/gcc/arm-none-eabi/6.3.1/../../../../arm-none-eabi/lib/thumb/v6-m/crt0.o
LOAD /home/c_epbori/BLE/tools/gcc-arm-none-eabi-6-2017-q2-update/bin/../lib/gcc/arm-none-eabi/6.3.1/../../../../arm-none-eabi/lib/thumb/v6-m/libc_nano.a
LOAD /home/c_epbori/BLE/tools/gcc-arm-none-eabi-6-2017-q2-update/bin/../lib/gcc/arm-none-eabi/6.3.1/../../../../arm-none-eabi/lib/thumb/v6-m/libnosys.a
LOAD _build/app_button.o
LOAD _build/app_error.o
LOAD _build/app_fifo.o
LOAD _build/app_timer.o
LOAD _build/app_trace.o
LOAD _build/nrf_assert.o
LOAD _build/retarget.o
LOAD _build/sensorsim.o
LOAD _build/app_uart_fifo.o
LOAD _build/nrf_delay.o
LOAD _build/nrf_drv_common.o
LOAD _build/nrf_drv_gpiote.o
LOAD _build/nrf_drv_uart.o
LOAD _build/pstorage.o
LOAD _build/bsp.o
LOAD _build/bsp_btn_ble.o
LOAD _build/main.o
LOAD _build/ble_advdata.o
LOAD _build/ble_advertising.o
LOAD _build/ble_bas.o
LOAD _build/ble_conn_params.o
LOAD _build/ble_dis.o
LOAD _build/ble_hrs.o
LOAD _build/ble_srv_common.o
LOAD _build/device_manager_peripheral.o
LOAD _build/system_nrf51.o
LOAD _build/softdevice_handler.o
LOAD _build/gcc_startup_nrf51.o
START GROUP
LOAD /home/c_epbori/BLE/tools/gcc-arm-none-eabi-6-2017-q2-update/bin/../lib/gcc/arm-none-eabi/6.3.1/thumb/v6-m/libgcc.a
LOAD /home/c_epbori/BLE/tools/gcc-arm-none-eabi-6-2017-q2-update/bin/../lib/gcc/arm-none-eabi/6.3.1/../../../../arm-none-eabi/lib/thumb/v6-m/libc_nano.a
END GROUP
START GROUP
LOAD /home/c_epbori/BLE/tools/gcc-arm-none-eabi-6-2017-q2-update/bin/../lib/gcc/arm-none-eabi/6.3.1/thumb/v6-m/libgcc.a
LOAD /home/c_epbori/BLE/tools/gcc-arm-none-eabi-6-2017-q2-update/bin/../lib/gcc/arm-none-eabi/6.3.1/../../../../arm-none-eabi/lib/thumb/v6-m/libc_nano.a
END GROUP
LOAD /home/c_epbori/BLE/tools/gcc-arm-none-eabi-6-2017-q2-update/bin/../lib/gcc/arm-none-eabi/6.3.1/thumb/v6-m/crtend.o
LOAD /home/c_epbori/BLE/tools/gcc-arm-none-eabi-6-2017-q2-update/bin/../lib/gcc/arm-none-eabi/6.3.1/thumb/v6-m/crtn.o
START GROUP
LOAD /home/c_epbori/BLE/tools/gcc-arm-none-eabi-6-2017-q2-update/bin/../lib/gcc/arm-none-eabi/6.3.1/thumb/v6-m/libgcc.a
LOAD /home/c_epbori/BLE/tools/gcc-arm-none-eabi-6-2017-q2-update/bin/../lib/gcc/arm-none-eabi/6.3.1/../../../../arm-none-eabi/lib/thumb/v6-m/libc.a
LOAD /home/c_epbori/BLE/tools/gcc-arm-none-eabi-6-2017-q2-update/bin/../lib/gcc/arm-none-eabi/6.3.1/../../../../arm-none-eabi/lib/thumb/v6-m/libnosys.a
END GROUP

.fs_data_out    0x0000000000000000        0x0
                [!provide]                        PROVIDE (__start_fs_data, .)
 *(fs_data)
                [!provide]                        PROVIDE (__stop_fs_data, .)

.text           0x0000000000018000     0xad14
 *(.Vectors)
 .Vectors       0x0000000000018000       0xc0 _build/gcc_startup_nrf51.o
                0x0000000000018000                __Vectors
 *(.text*)
 .text          0x00000000000180c0       0x60 /home/c_epbori/BLE/tools/gcc-arm-none-eabi-6-2017-q2-update/bin/../lib/gcc/arm-none-eabi/6.3.1/thumb/v6-m/crtbegin.o
 .text          0x0000000000018120       0x78 /home/c_epbori/BLE/tools/gcc-arm-none-eabi-6-2017-q2-update/bin/../lib/gcc/arm-none-eabi/6.3.1/../../../../arm-none-eabi/lib/thumb/v6-m/crt0.o
                0x0000000000018120                _mainCRTStartup
                0x0000000000018120                _start
 .text.exit     0x0000000000018198       0x2c /home/c_epbori/BLE/tools/gcc-arm-none-eabi-6-2017-q2-update/bin/../lib/gcc/arm-none-eabi/6.3.1/../../../../arm-none-eabi/lib/thumb/v6-m/libc_nano.a(lib_a-exit.o)
                0x0000000000018198                exit
 .text.__libc_init_array
                0x00000000000181c4       0x48 /home/c_epbori/BLE/tools/gcc-arm-none-eabi-6-2017-q2-update/bin/../lib/gcc/arm-none-eabi/6.3.1/../../../../arm-none-eabi/lib/thumb/v6-m/libc_nano.a(lib_a-init.o)
                0x00000000000181c4                __libc_init_array
 .text.memset   0x000000000001820c       0x10 /home/c_epbori/BLE/tools/gcc-arm-none-eabi-6-2017-q2-update/bin/../lib/gcc/arm-none-eabi/6.3.1/../../../../arm-none-eabi/lib/thumb/v6-m/libc_nano.a(lib_a-memset.o)
                0x000000000001820c                memset
 .text._exit    0x000000000001821c        0x4 /home/c_epbori/BLE/tools/gcc-arm-none-eabi-6-2017-q2-update/bin/../lib/gcc/arm-none-eabi/6.3.1/../../../../arm-none-eabi/lib/thumb/v6-m/libnosys.a(_exit.o)
                0x000000000001821c                _exit
 .text.detection_delay_timeout_handler
                0x0000000000018220       0xe4 _build/app_button.o
 .text.gpiote_event_handler
                0x0000000000018304       0xa4 _build/app_button.o
 .text.app_button_init
                0x00000000000183a8      0x104 _build/app_button.o
                0x00000000000183a8                app_button_init
 .text.app_button_enable
                0x00000000000184ac       0x44 _build/app_button.o
                0x00000000000184ac                app_button_enable
 .text.NVIC_SystemReset
                0x00000000000184f0       0x1c _build/app_error.o
 .text.app_error_handler
                0x000000000001850c       0x18 _build/app_error.o
                0x000000000001850c                app_error_handler
 .text.is_word_aligned
                0x0000000000018524       0x1c _build/app_timer.o
 .text.NVIC_EnableIRQ
                0x0000000000018540       0x2c _build/app_timer.o
 .text.NVIC_DisableIRQ
                0x000000000001856c       0x30 _build/app_timer.o
 .text.NVIC_SetPendingIRQ
                0x000000000001859c       0x34 _build/app_timer.o
 .text.NVIC_ClearPendingIRQ
                0x00000000000185d0       0x34 _build/app_timer.o
 .text.NVIC_SetPriority
                0x0000000000018604       0xdc _build/app_timer.o
 .text.NVIC_GetPriority
                0x00000000000186e0       0x7c _build/app_timer.o
 .text.current_int_priority_get
                0x000000000001875c       0x3c _build/app_timer.o
 .text.rtc1_init
                0x0000000000018798       0x28 _build/app_timer.o
 .text.rtc1_start
                0x00000000000187c0       0x6c _build/app_timer.o
 .text.rtc1_stop
                0x000000000001882c       0x98 _build/app_timer.o
 .text.rtc1_counter_get
                0x00000000000188c4       0x18 _build/app_timer.o
 .text.ticks_diff_get
                0x00000000000188dc       0x1c _build/app_timer.o
 .text.rtc1_compare0_set
                0x00000000000188f8       0x20 _build/app_timer.o
 .text.timer_list_insert
                0x0000000000018918       0xb0 _build/app_timer.o
 .text.timer_list_remove
                0x00000000000189c8       0xa4 _build/app_timer.o
 .text.timer_timeouts_check_sched
                0x0000000000018a6c       0x10 _build/app_timer.o
 .text.timer_list_handler_sched
                0x0000000000018a7c       0x10 _build/app_timer.o
 .text.timeout_handler_exec
                0x0000000000018a8c       0x54 _build/app_timer.o
 .text.timer_timeouts_check
                0x0000000000018ae0       0xcc _build/app_timer.o
 .text.elapsed_ticks_acquire
                0x0000000000018bac       0x7c _build/app_timer.o
 .text.list_deletions_handler
                0x0000000000018c28       0xec _build/app_timer.o
 .text.expired_timers_handler
                0x0000000000018d14       0x98 _build/app_timer.o
 .text.list_insertions_handler
                0x0000000000018dac      0x194 _build/app_timer.o
 .text.compare_reg_update
                0x0000000000018f40       0xe4 _build/app_timer.o
 .text.timer_list_handler
                0x0000000000019024       0x90 _build/app_timer.o
 .text.user_op_enque
                0x00000000000190b4       0x1e _build/app_timer.o
 .text.user_op_alloc
                0x00000000000190d2       0x68 _build/app_timer.o
 *fill*         0x000000000001913a        0x2 
 .text.timer_start_op_schedule
                0x000000000001913c       0x84 _build/app_timer.o
 .text.timer_stop_op_schedule
                0x00000000000191c0       0x64 _build/app_timer.o
 .text.RTC1_IRQHandler
                0x0000000000019224       0x50 _build/app_timer.o
                0x0000000000019224                RTC1_IRQHandler
 .text.SWI0_IRQHandler
                0x0000000000019274        0xe _build/app_timer.o
                0x0000000000019274                SWI0_IRQHandler
 *fill*         0x0000000000019282        0x2 
 .text.app_timer_init
                0x0000000000019284      0x108 _build/app_timer.o
                0x0000000000019284                app_timer_init
 .text.app_timer_create
                0x000000000001938c       0x6c _build/app_timer.o
                0x000000000001938c                app_timer_create
 .text.user_id_get
                0x00000000000193f8       0x32 _build/app_timer.o
 *fill*         0x000000000001942a        0x2 
 .text.app_timer_start
                0x000000000001942c       0x74 _build/app_timer.o
                0x000000000001942c                app_timer_start
 .text.app_timer_stop
                0x00000000000194a0       0x50 _build/app_timer.o
                0x00000000000194a0                app_timer_stop
 .text.sensorsim_init
                0x00000000000194f0       0x38 _build/sensorsim.o
                0x00000000000194f0                sensorsim_init
 .text.sensorsim_measure
                0x0000000000019528       0x38 _build/sensorsim.o
                0x0000000000019528                sensorsim_measure
 .text.sensorsim_increment
                0x0000000000019560       0x42 _build/sensorsim.o
                0x0000000000019560                sensorsim_increment
 .text.sensorsim_decrement
                0x00000000000195a2       0x42 _build/sensorsim.o
                0x00000000000195a2                sensorsim_decrement
 .text.NVIC_EnableIRQ
                0x00000000000195e4       0x2c _build/nrf_drv_common.o
 .text.NVIC_ClearPendingIRQ
                0x0000000000019610       0x34 _build/nrf_drv_common.o
 .text.NVIC_SetPriority
                0x0000000000019644       0xdc _build/nrf_drv_common.o
 .text.nrf_drv_common_irq_enable
                0x0000000000019720       0x44 _build/nrf_drv_common.o
                0x0000000000019720                nrf_drv_common_irq_enable
 .text.nrf_gpiote_event_is_set
                0x0000000000019764       0x2a _build/nrf_drv_gpiote.o
 .text.nrf_gpiote_event_clear
                0x000000000001978e       0x24 _build/nrf_drv_gpiote.o
 *fill*         0x00000000000197b2        0x2 
 .text.nrf_gpiote_event_addr_get
                0x00000000000197b4       0x24 _build/nrf_drv_gpiote.o
 .text.nrf_gpiote_int_enable
                0x00000000000197d8       0x20 _build/nrf_drv_gpiote.o
 .text.nrf_gpiote_int_is_enabled
                0x00000000000197f8       0x20 _build/nrf_drv_gpiote.o
 .text.nrf_gpiote_event_enable
                0x0000000000019818       0x30 _build/nrf_drv_gpiote.o
 .text.nrf_gpiote_event_configure
                0x0000000000019848       0x70 _build/nrf_drv_gpiote.o
 .text.nrf_gpiote_event_pin_get
                0x00000000000198b8       0x28 _build/nrf_drv_gpiote.o
 .text.nrf_gpiote_event_polarity_get
                0x00000000000198e0       0x28 _build/nrf_drv_gpiote.o
 .text.nrf_gpio_cfg
                0x0000000000019908       0x5e _build/nrf_drv_gpiote.o
 .text.nrf_gpio_cfg_input
                0x0000000000019966       0x2e _build/nrf_drv_gpiote.o
 .text.nrf_gpio_cfg_watcher
                0x0000000000019994       0x34 _build/nrf_drv_gpiote.o
 .text.nrf_gpio_cfg_sense_set
                0x00000000000199c8       0x60 _build/nrf_drv_gpiote.o
 .text.nrf_gpio_pin_read
                0x0000000000019a28       0x24 _build/nrf_drv_gpiote.o
 .text.nrf_gpio_pins_read
                0x0000000000019a4c       0x14 _build/nrf_drv_gpiote.o
 .text.nrf_gpio_pin_sense_get
                0x0000000000019a60       0x26 _build/nrf_drv_gpiote.o
 *fill*         0x0000000000019a86        0x2 
 .text.pin_in_use_by_te
                0x0000000000019a88       0x48 _build/nrf_drv_gpiote.o
 .text.pin_in_use_by_port
                0x0000000000019ad0       0x30 _build/nrf_drv_gpiote.o
 .text.pin_in_use_by_gpiote
                0x0000000000019b00       0x2c _build/nrf_drv_gpiote.o
 .text.pin_in_use_by_te_set
                0x0000000000019b2c       0x5c _build/nrf_drv_gpiote.o
 .text.pin_in_use_clear
                0x0000000000019b88       0x24 _build/nrf_drv_gpiote.o
 .text.channel_port_get
                0x0000000000019bac       0x24 _build/nrf_drv_gpiote.o
 .text.channel_handler_get
                0x0000000000019bd0       0x1c _build/nrf_drv_gpiote.o
 .text.channel_port_alloc
                0x0000000000019bec       0x84 _build/nrf_drv_gpiote.o
 .text.channel_free
                0x0000000000019c70       0x40 _build/nrf_drv_gpiote.o
 .text.nrf_drv_gpiote_init
                0x0000000000019cb0       0x84 _build/nrf_drv_gpiote.o
                0x0000000000019cb0                nrf_drv_gpiote_init
 .text.nrf_drv_gpiote_is_init
                0x0000000000019d34       0x1c _build/nrf_drv_gpiote.o
                0x0000000000019d34                nrf_drv_gpiote_is_init
 .text.nrf_drv_gpiote_in_init
                0x0000000000019d50       0xd0 _build/nrf_drv_gpiote.o
                0x0000000000019d50                nrf_drv_gpiote_in_init
 .text.nrf_drv_gpiote_in_event_enable
                0x0000000000019e20      0x110 _build/nrf_drv_gpiote.o
                0x0000000000019e20                nrf_drv_gpiote_in_event_enable
 .text.nrf_drv_gpiote_in_is_set
                0x0000000000019f30       0x20 _build/nrf_drv_gpiote.o
                0x0000000000019f30                nrf_drv_gpiote_in_is_set
 .text.GPIOTE_IRQHandler
                0x0000000000019f50      0x1e8 _build/nrf_drv_gpiote.o
                0x0000000000019f50                GPIOTE_IRQHandler
 .text.nrf_uart_event_clear
                0x000000000001a138       0x22 _build/nrf_drv_uart.o
 .text.nrf_uart_event_check
                0x000000000001a15a       0x26 _build/nrf_drv_uart.o
 .text.nrf_uart_int_enable_check
                0x000000000001a180       0x24 _build/nrf_drv_uart.o
 .text.nrf_uart_int_disable
                0x000000000001a1a4       0x1c _build/nrf_drv_uart.o
 .text.nrf_uart_errorsrc_get_and_clear
                0x000000000001a1c0       0x26 _build/nrf_drv_uart.o
 .text.nrf_uart_rxd_get
                0x000000000001a1e6       0x1a _build/nrf_drv_uart.o
 .text.nrf_uart_txd_set
                0x000000000001a200       0x24 _build/nrf_drv_uart.o
 .text.nrf_uart_task_trigger
                0x000000000001a224       0x22 _build/nrf_drv_uart.o
 *fill*         0x000000000001a246        0x2 
 .text.tx_byte  0x000000000001a248       0x54 _build/nrf_drv_uart.o
 .text.rx_byte  0x000000000001a29c       0x48 _build/nrf_drv_uart.o
 .text.rx_done_event
                0x000000000001a2e4       0x4c _build/nrf_drv_uart.o
 .text.tx_done_event
                0x000000000001a330       0x4c _build/nrf_drv_uart.o
 .text.UART0_IRQHandler
                0x000000000001a37c      0x19c _build/nrf_drv_uart.o
                0x000000000001a37c                UART0_IRQHandler
 .text.pstorage_flash_page_size
                0x000000000001a518       0x12 _build/pstorage.o
 *fill*         0x000000000001a52a        0x2 
 .text.pstorage_flash_page_end
                0x000000000001a52c       0x38 _build/pstorage.o
 .text.sd_flash_write
                0x000000000001a564        0x8 _build/pstorage.o
 .text.sd_flash_page_erase
                0x000000000001a56c        0x8 _build/pstorage.o
 .text.is_word_aligned
                0x000000000001a574       0x1c _build/pstorage.o
 .text.command_queue_element_consume
                0x000000000001a590       0x40 _build/pstorage.o
 .text.command_end_procedure_run
                0x000000000001a5d0       0x34 _build/pstorage.o
 .text.state_idle_entry_run
                0x000000000001a604       0x24 _build/pstorage.o
 .text.app_notify_error_state_transit
                0x000000000001a628       0x38 _build/pstorage.o
 .text.flash_api_err_code_process
                0x000000000001a660       0x38 _build/pstorage.o
 .text.flash_write
                0x000000000001a698       0x28 _build/pstorage.o
 .text.store_cmd_flash_write_execute
                0x000000000001a6c0       0xac _build/pstorage.o
 .text.state_store_entry_run
                0x000000000001a76c        0xe _build/pstorage.o
 *fill*         0x000000000001a77a        0x2 
 .text.state_data_erase_swap_entry_run
                0x000000000001a77c       0xc4 _build/pstorage.o
 .text.flash_page_erase
                0x000000000001a840       0x20 _build/pstorage.o
 .text.state_data_erase_entry_run
                0x000000000001a860       0x18 _build/pstorage.o
 .text.state_entry_action_run
                0x000000000001a878       0x40 _build/pstorage.o
 .text.sm_state_change
                0x000000000001a8b8       0x24 _build/pstorage.o
 .text.state_swap_erase_entry_run
                0x000000000001a8dc       0x30 _build/pstorage.o
 .text.state_write_data_swap_entry_run
                0x000000000001a90c       0x44 _build/pstorage.o
 .text.state_erase_data_page_entry_run
                0x000000000001a950       0x18 _build/pstorage.o
 .text.state_restore_tail_entry_run
                0x000000000001a968       0x8c _build/pstorage.o
 .text.state_restore_head_entry_run
                0x000000000001a9f4       0x40 _build/pstorage.o
 .text.swap_sub_state_entry_action_run
                0x000000000001aa34       0x20 _build/pstorage.o
 .text.swap_sub_state_state_change
                0x000000000001aa54       0x24 _build/pstorage.o
 .text.cmd_queue_element_init
                0x000000000001aa78       0x8c _build/pstorage.o
 .text.cmd_queue_init
                0x000000000001ab04       0x38 _build/pstorage.o
 .text.cmd_queue_enqueue
                0x000000000001ab3c       0xe8 _build/pstorage.o
 .text.cmd_queue_dequeue
                0x000000000001ac24       0x1c _build/pstorage.o
 .text.app_notify
                0x000000000001ac40       0x58 _build/pstorage.o
 .text.is_tail_data_page_swap_required
                0x000000000001ac98       0x84 _build/pstorage.o
 .text.clear_post_processing_run
                0x000000000001ad1c       0x3c _build/pstorage.o
 .text.swap_sub_sm_exit_action_run
                0x000000000001ad58        0xe _build/pstorage.o
 *fill*         0x000000000001ad66        0x2 
 .text.is_page_erase_required
                0x000000000001ad68       0x90 _build/pstorage.o
 .text.swap_sub_state_err_busy_process
                0x000000000001adf8       0x2c _build/pstorage.o
 .text.head_restore_state_run
                0x000000000001ae24       0x74 _build/pstorage.o
 .text.tail_restore_state_run
                0x000000000001ae98       0x24 _build/pstorage.o
 .text.data_page_erase_state_run
                0x000000000001aebc       0x88 _build/pstorage.o
 .text.data_to_swap_write_state_run
                0x000000000001af44       0x3c _build/pstorage.o
 .text.swap_erase_state_run
                0x000000000001af80       0x24 _build/pstorage.o
 .text.swap_sub_state_sm_run
                0x000000000001afa4       0x20 _build/pstorage.o
 .text.main_state_err_busy_process
                0x000000000001afc4       0x2c _build/pstorage.o
 .text.erase_sub_state_sm_run
                0x000000000001aff0       0x54 _build/pstorage.o
 .text.store_sub_state_sm_run
                0x000000000001b044       0x64 _build/pstorage.o
 .text.flash_operation_success_run
                0x000000000001b0a8       0x34 _build/pstorage.o
 .text.flash_operation_failure_run
                0x000000000001b0dc       0x50 _build/pstorage.o
 .text.pstorage_sys_event_handler
                0x000000000001b12c       0x50 _build/pstorage.o
                0x000000000001b12c                pstorage_sys_event_handler
 .text.tail_word_size_calculate
                0x000000000001b17c       0x94 _build/pstorage.o
 .text.clear_operation_execute
                0x000000000001b210      0x198 _build/pstorage.o
 .text.store_operation_execute
                0x000000000001b3a8       0x10 _build/pstorage.o
 .text.update_operation_execute
                0x000000000001b3b8        0xe _build/pstorage.o
 *fill*         0x000000000001b3c6        0x2 
 .text.cmd_process
                0x000000000001b3c8       0x5c _build/pstorage.o
 .text.pstorage_init
                0x000000000001b424       0xc4 _build/pstorage.o
                0x000000000001b424                pstorage_init
 .text.pstorage_register
                0x000000000001b4e8      0x184 _build/pstorage.o
                0x000000000001b4e8                pstorage_register
 .text.pstorage_block_identifier_get
                0x000000000001b66c       0xfc _build/pstorage.o
                0x000000000001b66c                pstorage_block_identifier_get
 .text.pstorage_store
                0x000000000001b768      0x168 _build/pstorage.o
                0x000000000001b768                pstorage_store
 .text.pstorage_update
                0x000000000001b8d0      0x168 _build/pstorage.o
                0x000000000001b8d0                pstorage_update
 .text.pstorage_load
                0x000000000001ba38      0x18c _build/pstorage.o
                0x000000000001ba38                pstorage_load
 .text.pstorage_clear
                0x000000000001bbc4      0x1a8 _build/pstorage.o
                0x000000000001bbc4                pstorage_clear
 .text.pstorage_access_status_get
                0x000000000001bd6c       0x3c _build/pstorage.o
                0x000000000001bd6c                pstorage_access_status_get
 .text.bsp_button_is_pressed
                0x000000000001bda8       0x54 _build/bsp.o
                0x000000000001bda8                bsp_button_is_pressed
 .text.bsp_button_event_handler
                0x000000000001bdfc      0x15c _build/bsp.o
 .text.button_timer_handler
                0x000000000001bf58       0x1c _build/bsp.o
 .text.bsp_led_indication
                0x000000000001bf74      0x6f8 _build/bsp.o
 .text.leds_timer_handler
                0x000000000001c66c       0x2c _build/bsp.o
 .text.alert_timer_handler
                0x000000000001c698       0x48 _build/bsp.o
 .text.bsp_indication_set
                0x000000000001c6e0       0x38 _build/bsp.o
                0x000000000001c6e0                bsp_indication_set
 .text.bsp_init
                0x000000000001c718      0x120 _build/bsp.o
                0x000000000001c718                bsp_init
 .text.bsp_event_to_button_action_assign
                0x000000000001c838       0xac _build/bsp.o
                0x000000000001c838                bsp_event_to_button_action_assign
 .text.bsp_wakeup_buttons_set
                0x000000000001c8e4       0x84 _build/bsp.o
                0x000000000001c8e4                bsp_wakeup_buttons_set
 .text.connection_buttons_configure
                0x000000000001c968       0x6a _build/bsp_btn_ble.o
 .text.advertising_buttons_configure
                0x000000000001c9d2       0x6a _build/bsp_btn_ble.o
 .text.startup_event_extract
                0x000000000001ca3c       0x70 _build/bsp_btn_ble.o
 .text.bsp_btn_ble_sleep_mode_prepare
                0x000000000001caac       0x2a _build/bsp_btn_ble.o
                0x000000000001caac                bsp_btn_ble_sleep_mode_prepare
 *fill*         0x000000000001cad6        0x2 
 .text.bsp_btn_ble_on_ble_evt
                0x000000000001cad8       0x90 _build/bsp_btn_ble.o
                0x000000000001cad8                bsp_btn_ble_on_ble_evt
 .text.bsp_btn_ble_init
                0x000000000001cb68       0x54 _build/bsp_btn_ble.o
                0x000000000001cb68                bsp_btn_ble_init
 .text.sd_ble_gap_disconnect
                0x000000000001cbbc        0x8 _build/main.o
 .text.sd_ble_gap_appearance_set
                0x000000000001cbc4        0x8 _build/main.o
 .text.sd_ble_gap_ppcp_set
                0x000000000001cbcc        0x8 _build/main.o
 .text.sd_ble_gap_device_name_set
                0x000000000001cbd4        0x8 _build/main.o
 .text.sd_ble_enable
                0x000000000001cbdc        0x8 _build/main.o
 .text.sd_power_system_off
                0x000000000001cbe4        0x8 _build/main.o
 .text.sd_app_evt_wait
                0x000000000001cbec        0x8 _build/main.o
 .text.assert_nrf_callback
                0x000000000001cbf4       0x28 _build/main.o
                0x000000000001cbf4                assert_nrf_callback
 .text.battery_level_update
                0x000000000001cc1c       0x70 _build/main.o
 .text.battery_level_meas_timeout_handler
                0x000000000001cc8c       0x14 _build/main.o
 .text.heart_rate_meas_timeout_handler
                0x000000000001cca0       0xa0 _build/main.o
 .text.rr_interval_timeout_handler
                0x000000000001cd40       0x4c _build/main.o
 .text.sensor_contact_detected_timeout_handler
                0x000000000001cd8c       0x44 _build/main.o
 .text.timers_init
                0x000000000001cdd0       0xf0 _build/main.o
 .text.gap_params_init
                0x000000000001cec0       0xd8 _build/main.o
 .text.services_init
                0x000000000001cf98      0x25c _build/main.o
 .text.sensor_simulator_init
                0x000000000001d1f4       0x94 _build/main.o
 .text.application_timers_start
                0x000000000001d288       0xc0 _build/main.o
 .text.on_conn_params_evt
                0x000000000001d348       0x44 _build/main.o
 .text.conn_params_error_handler
                0x000000000001d38c       0x1c _build/main.o
 .text.conn_params_init
                0x000000000001d3a8       0x80 _build/main.o
 .text.sleep_mode_enter
                0x000000000001d428       0x6a _build/main.o
 .text.on_adv_evt
                0x000000000001d492       0x4c _build/main.o
 *fill*         0x000000000001d4de        0x2 
 .text.on_ble_evt
                0x000000000001d4e0       0x58 _build/main.o
 .text.ble_evt_dispatch
                0x000000000001d538       0x58 _build/main.o
 .text.sys_evt_dispatch
                0x000000000001d590       0x20 _build/main.o
 .text.ble_stack_init
                0x000000000001d5b0       0xbc _build/main.o
 .text.bsp_event_handler
                0x000000000001d66c       0x8c _build/main.o
                0x000000000001d66c                bsp_event_handler
 .text.device_manager_evt_handler
                0x000000000001d6f8       0x2c _build/main.o
 .text.device_manager_init
                0x000000000001d724       0xf8 _build/main.o
 .text.advertising_init
                0x000000000001d81c       0x9c _build/main.o
 .text.buttons_leds_init
                0x000000000001d8b8       0x78 _build/main.o
 .text.power_manage
                0x000000000001d930       0x2c _build/main.o
 .text.main     0x000000000001d95c       0x5e _build/main.o
                0x000000000001d95c                main
 .text.sd_ble_gap_address_get
                0x000000000001d9ba        0x8 _build/ble_advdata.o
 .text.sd_ble_gap_adv_data_set
                0x000000000001d9c2        0x8 _build/ble_advdata.o
 .text.sd_ble_gap_appearance_get
                0x000000000001d9ca        0x8 _build/ble_advdata.o
 .text.sd_ble_gap_device_name_get
                0x000000000001d9d2        0x8 _build/ble_advdata.o
 .text.sd_ble_uuid_encode
                0x000000000001d9da        0x8 _build/ble_advdata.o
 .text.uint16_encode
                0x000000000001d9e2       0x32 _build/ble_advdata.o
 .text.tk_value_encode
                0x000000000001da14       0xb0 _build/ble_advdata.o
 .text.le_role_encode
                0x000000000001dac4       0xda _build/ble_advdata.o
 .text.ble_device_addr_encode
                0x000000000001db9e       0xd0 _build/ble_advdata.o
 .text.name_encode
                0x000000000001dc6e      0x162 _build/ble_advdata.o
 .text.appearance_encode
                0x000000000001ddd0       0xa0 _build/ble_advdata.o
 .text.flags_encode
                0x000000000001de70       0x8c _build/ble_advdata.o
 .text.sec_mgr_oob_flags_encode
                0x000000000001defc       0x8c _build/ble_advdata.o
 .text.tx_power_level_encode
                0x000000000001df88       0x8c _build/ble_advdata.o
 .text.uuid_list_sized_encode
                0x000000000001e014      0x194 _build/ble_advdata.o
 .text.uuid_list_encode
                0x000000000001e1a8       0x80 _build/ble_advdata.o
 .text.conn_int_check
                0x000000000001e228       0x80 _build/ble_advdata.o
 .text.conn_int_encode
                0x000000000001e2a8       0xc8 _build/ble_advdata.o
 .text.manuf_specific_data_encode
                0x000000000001e370       0xe4 _build/ble_advdata.o
 .text.service_data_encode
                0x000000000001e454      0x116 _build/ble_advdata.o
 .text.adv_data_encode
                0x000000000001e56a      0x286 _build/ble_advdata.o
                0x000000000001e56a                adv_data_encode
 .text.advdata_check
                0x000000000001e7f0       0x22 _build/ble_advdata.o
 .text.srdata_check
                0x000000000001e812       0x1e _build/ble_advdata.o
 .text.ble_advdata_set
                0x000000000001e830       0xd8 _build/ble_advdata.o
                0x000000000001e830                ble_advdata_set
 .text.sd_ble_gap_adv_start
                0x000000000001e908        0x8 _build/ble_advertising.o
 .text.sd_ble_gap_adv_stop
                0x000000000001e910        0x8 _build/ble_advertising.o
 .text.whitelist_has_entries
                0x000000000001e918       0x26 _build/ble_advertising.o
 *fill*         0x000000000001e93e        0x2 
 .text.ble_advertising_peer_address_clear
                0x000000000001e940       0x1c _build/ble_advertising.o
 .text.peer_address_exists
                0x000000000001e95c       0x34 _build/ble_advertising.o
 .text.ble_advertising_init
                0x000000000001e990      0x1fc _build/ble_advertising.o
                0x000000000001e990                ble_advertising_init
 .text.ble_advertising_start
                0x000000000001eb8c      0x37c _build/ble_advertising.o
                0x000000000001eb8c                ble_advertising_start
 .text.ble_advertising_on_ble_evt
                0x000000000001ef08      0x148 _build/ble_advertising.o
                0x000000000001ef08                ble_advertising_on_ble_evt
 .text.ble_advertising_on_sys_evt
                0x000000000001f050       0x64 _build/ble_advertising.o
                0x000000000001f050                ble_advertising_on_sys_evt
 .text.ble_advertising_restart_without_whitelist
                0x000000000001f0b4       0x7c _build/ble_advertising.o
                0x000000000001f0b4                ble_advertising_restart_without_whitelist
 .text.sd_ble_gatts_service_add
                0x000000000001f130        0x8 _build/ble_bas.o
 .text.sd_ble_gatts_characteristic_add
                0x000000000001f138        0x8 _build/ble_bas.o
 .text.sd_ble_gatts_descriptor_add
                0x000000000001f140        0x8 _build/ble_bas.o
 .text.sd_ble_gatts_value_set
                0x000000000001f148        0x8 _build/ble_bas.o
 .text.sd_ble_gatts_hvx
                0x000000000001f150        0x8 _build/ble_bas.o
 .text.uint16_decode
                0x000000000001f158       0x26 _build/ble_bas.o
 .text.ble_srv_is_notification_enabled
                0x000000000001f17e       0x30 _build/ble_bas.o
 .text.on_connect
                0x000000000001f1ae       0x1a _build/ble_bas.o
 .text.on_disconnect
                0x000000000001f1c8       0x1a _build/ble_bas.o
 .text.on_write
                0x000000000001f1e2       0x6a _build/ble_bas.o
 .text.ble_bas_on_ble_evt
                0x000000000001f24c       0x5a _build/ble_bas.o
                0x000000000001f24c                ble_bas_on_ble_evt
 *fill*         0x000000000001f2a6        0x2 
 .text.battery_level_char_add
                0x000000000001f2a8      0x2c4 _build/ble_bas.o
 .text.ble_bas_init
                0x000000000001f56c       0x80 _build/ble_bas.o
                0x000000000001f56c                ble_bas_init
 .text.ble_bas_battery_level_update
                0x000000000001f5ec       0xf4 _build/ble_bas.o
                0x000000000001f5ec                ble_bas_battery_level_update
 .text.sd_ble_gap_conn_param_update
                0x000000000001f6e0        0x8 _build/ble_conn_params.o
 .text.sd_ble_gap_disconnect
                0x000000000001f6e8        0x8 _build/ble_conn_params.o
 .text.sd_ble_gap_ppcp_set
                0x000000000001f6f0        0x8 _build/ble_conn_params.o
 .text.sd_ble_gap_ppcp_get
                0x000000000001f6f8        0x8 _build/ble_conn_params.o
 .text.uint16_decode
                0x000000000001f700       0x26 _build/ble_conn_params.o
 .text.ble_srv_is_notification_enabled
                0x000000000001f726       0x30 _build/ble_conn_params.o
 *fill*         0x000000000001f756        0x2 
 .text.is_conn_params_ok
                0x000000000001f758       0x34 _build/ble_conn_params.o
 .text.update_timeout_handler
                0x000000000001f78c       0xc4 _build/ble_conn_params.o
 .text.ble_conn_params_init
                0x000000000001f850       0xa4 _build/ble_conn_params.o
                0x000000000001f850                ble_conn_params_init
 .text.conn_params_negotiation
                0x000000000001f8f4       0xb8 _build/ble_conn_params.o
 .text.on_connect
                0x000000000001f9ac       0x4c _build/ble_conn_params.o
 .text.on_disconnect
                0x000000000001f9f8       0x54 _build/ble_conn_params.o
 .text.on_write
                0x000000000001fa4c       0x6c _build/ble_conn_params.o
 .text.on_conn_params_update
                0x000000000001fab8       0x2c _build/ble_conn_params.o
 .text.ble_conn_params_on_ble_evt
                0x000000000001fae4       0x52 _build/ble_conn_params.o
                0x000000000001fae4                ble_conn_params_on_ble_evt
 .text.uint16_encode
                0x000000000001fb36       0x32 _build/ble_dis.o
 .text.sd_ble_gatts_service_add
                0x000000000001fb68        0x8 _build/ble_dis.o
 .text.sd_ble_gatts_characteristic_add
                0x000000000001fb70        0x8 _build/ble_dis.o
 .text.sys_id_encode
                0x000000000001fb78       0xe2 _build/ble_dis.o
 .text.pnp_id_encode
                0x000000000001fc5a       0xfa _build/ble_dis.o
 .text.char_add
                0x000000000001fd54      0x16c _build/ble_dis.o
 .text.ble_dis_init
                0x000000000001fec0      0x270 _build/ble_dis.o
                0x000000000001fec0                ble_dis_init
 .text.sd_ble_gatts_service_add
                0x0000000000020130        0x8 _build/ble_hrs.o
 .text.sd_ble_gatts_characteristic_add
                0x0000000000020138        0x8 _build/ble_hrs.o
 .text.sd_ble_gatts_hvx
                0x0000000000020140        0x8 _build/ble_hrs.o
 .text.uint16_encode
                0x0000000000020148       0x32 _build/ble_hrs.o
 .text.uint16_decode
                0x000000000002017a       0x26 _build/ble_hrs.o
 .text.ble_srv_is_notification_enabled
                0x00000000000201a0       0x30 _build/ble_hrs.o
 .text.on_connect
                0x00000000000201d0       0x1a _build/ble_hrs.o
 .text.on_disconnect
                0x00000000000201ea       0x1a _build/ble_hrs.o
 .text.on_hrm_cccd_write
                0x0000000000020204       0x50 _build/ble_hrs.o
 .text.on_write
                0x0000000000020254       0x30 _build/ble_hrs.o
 .text.ble_hrs_on_ble_evt
                0x0000000000020284       0x4e _build/ble_hrs.o
                0x0000000000020284                ble_hrs_on_ble_evt
 .text.hrm_encode
                0x00000000000202d2      0x17c _build/ble_hrs.o
 *fill*         0x000000000002044e        0x2 
 .text.heart_rate_measurement_char_add
                0x0000000000020450      0x17c _build/ble_hrs.o
 .text.body_sensor_location_char_add
                0x00000000000205cc      0x11c _build/ble_hrs.o
 .text.ble_hrs_init
                0x00000000000206e8       0xac _build/ble_hrs.o
                0x00000000000206e8                ble_hrs_init
 .text.ble_hrs_heart_rate_measurement_send
                0x0000000000020794       0xbc _build/ble_hrs.o
                0x0000000000020794                ble_hrs_heart_rate_measurement_send
 .text.ble_hrs_rr_interval_add
                0x0000000000020850       0x62 _build/ble_hrs.o
                0x0000000000020850                ble_hrs_rr_interval_add
 .text.ble_hrs_sensor_contact_detected_update
                0x00000000000208b2       0x20 _build/ble_hrs.o
                0x00000000000208b2                ble_hrs_sensor_contact_detected_update
 .text.ble_srv_report_ref_encode
                0x00000000000208d2       0x74 _build/ble_srv_common.o
                0x00000000000208d2                ble_srv_report_ref_encode
 .text.ble_srv_ascii_to_utf8
                0x0000000000020946       0x28 _build/ble_srv_common.o
                0x0000000000020946                ble_srv_ascii_to_utf8
 .text.sd_ble_gap_sec_params_reply
                0x000000000002096e        0x8 _build/device_manager_peripheral.o
 .text.sd_ble_gap_sec_info_reply
                0x0000000000020976        0x8 _build/device_manager_peripheral.o
 .text.sd_ble_gatts_service_changed
                0x000000000002097e        0x8 _build/device_manager_peripheral.o
 .text.sd_ble_gatts_sys_attr_set
                0x0000000000020986        0x8 _build/device_manager_peripheral.o
 .text.sd_ble_gatts_sys_attr_get
                0x000000000002098e        0x8 _build/device_manager_peripheral.o
 *fill*         0x0000000000020996        0x2 
 .text.update_status_bit_reset
                0x0000000000020998       0x28 _build/device_manager_peripheral.o
 .text.update_status_bit_is_set
                0x00000000000209c0       0x2c _build/device_manager_peripheral.o
 .text.application_instance_init
                0x00000000000209ec       0x4c _build/device_manager_peripheral.o
 .text.connection_instance_init
                0x0000000000020a38       0x6c _build/device_manager_peripheral.o
 .text.peer_instance_init
                0x0000000000020aa4       0xa0 _build/device_manager_peripheral.o
 .text.connection_instance_find
                0x0000000000020b44       0x90 _build/device_manager_peripheral.o
 .text.device_instance_allocate
                0x0000000000020bd4       0xd8 _build/device_manager_peripheral.o
 .text.device_instance_free
                0x0000000000020cac       0x50 _build/device_manager_peripheral.o
 .text.device_instance_find
                0x0000000000020cfc       0x84 _build/device_manager_peripheral.o
 .text.app_evt_notify
                0x0000000000020d80       0x28 _build/device_manager_peripheral.o
 .text.connection_instance_allocate
                0x0000000000020da8       0x4c _build/device_manager_peripheral.o
 .text.connection_instance_free
                0x0000000000020df4       0x38 _build/device_manager_peripheral.o
 .text.storage_operation_dummy_handler
                0x0000000000020e2c       0x20 _build/device_manager_peripheral.o
 .text.device_context_store
                0x0000000000020e4c      0x150 _build/device_manager_peripheral.o
 .text.no_service_context_store
                0x0000000000020f9c       0x14 _build/device_manager_peripheral.o
 .text.gatts_context_store
                0x0000000000020fb0      0x168 _build/device_manager_peripheral.o
 .text.gattc_context_store
                0x0000000000021118       0x14 _build/device_manager_peripheral.o
 .text.gattsc_context_store
                0x000000000002112c       0x3a _build/device_manager_peripheral.o
 .text.no_service_context_load
                0x0000000000021166       0x14 _build/device_manager_peripheral.o
 *fill*         0x000000000002117a        0x2 
 .text.gatts_context_load
                0x000000000002117c       0x70 _build/device_manager_peripheral.o
 .text.gattc_context_load
                0x00000000000211ec       0x14 _build/device_manager_peripheral.o
 .text.gattsc_context_load
                0x0000000000021200       0x3a _build/device_manager_peripheral.o
 .text.no_service_context_apply
                0x000000000002123a       0x12 _build/device_manager_peripheral.o
 .text.gatts_context_apply
                0x000000000002124c      0x194 _build/device_manager_peripheral.o
 .text.gattc_context_apply
                0x00000000000213e0       0x12 _build/device_manager_peripheral.o
 .text.gattsc_context_apply
                0x00000000000213f2       0x30 _build/device_manager_peripheral.o
 *fill*         0x0000000000021422        0x2 
 .text.dm_pstorage_cb_handler
                0x0000000000021424      0x370 _build/device_manager_peripheral.o
 .text.dm_init  0x0000000000021794      0x160 _build/device_manager_peripheral.o
                0x0000000000021794                dm_init
 .text.dm_register
                0x00000000000218f4       0xd0 _build/device_manager_peripheral.o
                0x00000000000218f4                dm_register
 .text.dm_handle_initialize
                0x00000000000219c4       0x38 _build/device_manager_peripheral.o
                0x00000000000219c4                dm_handle_initialize
 .text.bond_data_load
                0x00000000000219fc       0x78 _build/device_manager_peripheral.o
                0x00000000000219fc                bond_data_load
 .text.dm_ble_evt_handler
                0x0000000000021a74      0x904 _build/device_manager_peripheral.o
                0x0000000000021a74                dm_ble_evt_handler
 .text.SystemInit
                0x0000000000022378       0x40 _build/system_nrf51.o
                0x0000000000022378                SystemInit
 .text.is_manual_peripheral_setup_needed
                0x00000000000223b8       0x80 _build/system_nrf51.o
 .text.is_disabled_in_debug_needed
                0x0000000000022438       0x4c _build/system_nrf51.o
 .text.sd_nvic_EnableIRQ
                0x0000000000022484        0x8 _build/softdevice_handler.o
 .text.sd_evt_get
                0x000000000002248c        0x8 _build/softdevice_handler.o
 .text.sd_softdevice_enable
                0x0000000000022494        0x8 _build/softdevice_handler.o
 .text.is_word_aligned
                0x000000000002249c       0x1c _build/softdevice_handler.o
 .text.sd_ble_evt_get
                0x00000000000224b8        0x8 _build/softdevice_handler.o
 .text.softdevice_assertion_handler
                0x00000000000224c0       0x2a _build/softdevice_handler.o
                0x00000000000224c0                softdevice_assertion_handler
 *fill*         0x00000000000224ea        0x2 
 .text.intern_softdevice_events_execute
                0x00000000000224ec      0x110 _build/softdevice_handler.o
                0x00000000000224ec                intern_softdevice_events_execute
 .text.softdevice_handler_init
                0x00000000000225fc       0x8c _build/softdevice_handler.o
                0x00000000000225fc                softdevice_handler_init
 .text.softdevice_ble_evt_handler_set
                0x0000000000022688       0x28 _build/softdevice_handler.o
                0x0000000000022688                softdevice_ble_evt_handler_set
 .text.softdevice_sys_evt_handler_set
                0x00000000000226b0       0x28 _build/softdevice_handler.o
                0x00000000000226b0                softdevice_sys_evt_handler_set
 .text.SWI2_IRQHandler
                0x00000000000226d8       0x40 _build/softdevice_handler.o
                0x00000000000226d8                SWI2_IRQHandler
 .text          0x0000000000022718       0x54 _build/gcc_startup_nrf51.o
                0x0000000000022718                Reset_Handler
                0x0000000000022760                NMI_Handler
                0x0000000000022762                HardFault_Handler
                0x0000000000022764                SVC_Handler
                0x0000000000022766                PendSV_Handler
                0x0000000000022768                SysTick_Handler
                0x000000000002276a                TIMER2_IRQHandler
                0x000000000002276a                SPI0_TWI0_IRQHandler
                0x000000000002276a                RTC0_IRQHandler
                0x000000000002276a                POWER_CLOCK_IRQHandler
                0x000000000002276a                RADIO_IRQHandler
                0x000000000002276a                LPCOMP_IRQHandler
                0x000000000002276a                SWI4_IRQHandler
                0x000000000002276a                TEMP_IRQHandler
                0x000000000002276a                QDEC_IRQHandler
                0x000000000002276a                SWI5_IRQHandler
                0x000000000002276a                TIMER0_IRQHandler
                0x000000000002276a                TIMER1_IRQHandler
                0x000000000002276a                ECB_IRQHandler
                0x000000000002276a                Default_Handler
                0x000000000002276a                ADC_IRQHandler
                0x000000000002276a                SWI3_IRQHandler
                0x000000000002276a                CCM_AAR_IRQHandler
                0x000000000002276a                WDT_IRQHandler
                0x000000000002276a                RNG_IRQHandler
                0x000000000002276a                SPI1_TWI1_IRQHandler
                0x000000000002276a                SWI1_IRQHandler
 .text          0x000000000002276c      0x114 /home/c_epbori/BLE/tools/gcc-arm-none-eabi-6-2017-q2-update/bin/../lib/gcc/arm-none-eabi/6.3.1/thumb/v6-m/libgcc.a(_udivsi3.o)
                0x000000000002276c                __udivsi3
                0x000000000002276c                __aeabi_uidiv
                0x0000000000022878                __aeabi_uidivmod
 .text          0x0000000000022880      0x1d4 /home/c_epbori/BLE/tools/gcc-arm-none-eabi-6-2017-q2-update/bin/../lib/gcc/arm-none-eabi/6.3.1/thumb/v6-m/libgcc.a(_divsi3.o)
                0x0000000000022880                __aeabi_idiv
                0x0000000000022880                __divsi3
                0x0000000000022a4c                __aeabi_idivmod
 .text          0x0000000000022a54        0x4 /home/c_epbori/BLE/tools/gcc-arm-none-eabi-6-2017-q2-update/bin/../lib/gcc/arm-none-eabi/6.3.1/thumb/v6-m/libgcc.a(_dvmd_tls.o)
                0x0000000000022a54                __aeabi_ldiv0
                0x0000000000022a54                __aeabi_idiv0
 .text.memcmp   0x0000000000022a58       0x1e /home/c_epbori/BLE/tools/gcc-arm-none-eabi-6-2017-q2-update/bin/../lib/gcc/arm-none-eabi/6.3.1/../../../../arm-none-eabi/lib/thumb/v6-m/libc_nano.a(lib_a-memcmp.o)
                0x0000000000022a58                memcmp
 .text.memcpy   0x0000000000022a76       0x12 /home/c_epbori/BLE/tools/gcc-arm-none-eabi-6-2017-q2-update/bin/../lib/gcc/arm-none-eabi/6.3.1/../../../../arm-none-eabi/lib/thumb/v6-m/libc_nano.a(lib_a-memcpy-stub.o)
                0x0000000000022a76                memcpy
 .text.memmove  0x0000000000022a88       0x24 /home/c_epbori/BLE/tools/gcc-arm-none-eabi-6-2017-q2-update/bin/../lib/gcc/arm-none-eabi/6.3.1/../../../../arm-none-eabi/lib/thumb/v6-m/libc_nano.a(lib_a-memmove.o)
                0x0000000000022a88                memmove
 .text          0x0000000000022aac        0xe /home/c_epbori/BLE/tools/gcc-arm-none-eabi-6-2017-q2-update/bin/../lib/gcc/arm-none-eabi/6.3.1/../../../../arm-none-eabi/lib/thumb/v6-m/libc_nano.a(lib_a-strlen.o)
                0x0000000000022aac                strlen
 *(.init)
 *fill*         0x0000000000022aba        0x2 
 .init          0x0000000000022abc        0x4 /home/c_epbori/BLE/tools/gcc-arm-none-eabi-6-2017-q2-update/bin/../lib/gcc/arm-none-eabi/6.3.1/thumb/v6-m/crti.o
                0x0000000000022abc                _init
 .init          0x0000000000022ac0        0x8 /home/c_epbori/BLE/tools/gcc-arm-none-eabi-6-2017-q2-update/bin/../lib/gcc/arm-none-eabi/6.3.1/thumb/v6-m/crtn.o
 *(.fini)
 .fini          0x0000000000022ac8        0x4 /home/c_epbori/BLE/tools/gcc-arm-none-eabi-6-2017-q2-update/bin/../lib/gcc/arm-none-eabi/6.3.1/thumb/v6-m/crti.o
                0x0000000000022ac8                _fini
 .fini          0x0000000000022acc        0x8 /home/c_epbori/BLE/tools/gcc-arm-none-eabi-6-2017-q2-update/bin/../lib/gcc/arm-none-eabi/6.3.1/thumb/v6-m/crtn.o
 *crtbegin.o(.ctors)
 *crtbegin?.o(.ctors)
 *(EXCLUDE_FILE(*crtend.o *crtend?.o) .ctors)
 *(SORT(.ctors.*))
 *(.ctors)
 *crtbegin.o(.dtors)
 *crtbegin?.o(.dtors)
 *(EXCLUDE_FILE(*crtend.o *crtend?.o) .dtors)
 *(SORT(.dtors.*))
 *(.dtors)
 *(.rodata*)
 .rodata._global_impure_ptr
                0x0000000000022ad4        0x4 /home/c_epbori/BLE/tools/gcc-arm-none-eabi-6-2017-q2-update/bin/../lib/gcc/arm-none-eabi/6.3.1/../../../../arm-none-eabi/lib/thumb/v6-m/libc_nano.a(lib_a-impure.o)
                0x0000000000022ad4                _global_impure_ptr
 .rodata.m_detection_delay_timer_id
                0x0000000000022ad8        0x4 _build/app_button.o
 .rodata.swap_sub_state_sm_lut.6424
                0x0000000000022adc       0x14 _build/pstorage.o
 .rodata.swap_sub_state_sm_lut.6499
                0x0000000000022af0       0x14 _build/pstorage.o
 .rodata.m_leds_timer_id
                0x0000000000022b04        0x4 _build/bsp.o
 .rodata.m_alert_timer_id
                0x0000000000022b08        0x4 _build/bsp.o
 .rodata.m_button_timer_id
                0x0000000000022b0c        0x4 _build/bsp.o
 .rodata.m_buttons_list
                0x0000000000022b10       0x10 _build/bsp.o
 .rodata.app_buttons
                0x0000000000022b20       0x20 _build/bsp.o
 .rodata.bsp_led_indication
                0x0000000000022b40       0x60 _build/bsp.o
 .rodata.m_battery_timer_id
                0x0000000000022ba0        0x4 _build/main.o
 .rodata.m_heart_rate_timer_id
                0x0000000000022ba4        0x4 _build/main.o
 .rodata.m_rr_interval_timer_id
                0x0000000000022ba8        0x4 _build/main.o
 .rodata.m_sensor_contact_timer_id
                0x0000000000022bac        0x4 _build/main.o
 .rodata        0x0000000000022bb0       0x20 _build/main.o
 .rodata.m_conn_params_timer_id
                0x0000000000022bd0        0x4 _build/ble_conn_params.o
 .rodata.m_service_context_store
                0x0000000000022bd4       0x10 _build/device_manager_peripheral.o
                0x0000000000022bd4                m_service_context_store
 .rodata.m_service_context_load
                0x0000000000022be4       0x10 _build/device_manager_peripheral.o
                0x0000000000022be4                m_service_context_load
 .rodata.m_service_context_apply
                0x0000000000022bf4       0x10 _build/device_manager_peripheral.o
                0x0000000000022bf4                m_service_context_apply
 .rodata.m_context_init_len
                0x0000000000022c04        0x4 _build/device_manager_peripheral.o
                0x0000000000022c04                m_context_init_len
 .rodata.dm_ble_evt_handler
                0x0000000000022c08      0x10c _build/device_manager_peripheral.o
 *(.eh_frame*)
 .eh_frame      0x0000000000022d14        0x0 /home/c_epbori/BLE/tools/gcc-arm-none-eabi-6-2017-q2-update/bin/../lib/gcc/arm-none-eabi/6.3.1/thumb/v6-m/crtbegin.o
                0x0000000000022d14                . = ALIGN (0x4)

.glue_7         0x0000000000022d14        0x0
 .glue_7        0x0000000000022d14        0x0 linker stubs

.glue_7t        0x0000000000022d14        0x0
 .glue_7t       0x0000000000022d14        0x0 linker stubs

.vfp11_veneer   0x0000000000022d14        0x0
 .vfp11_veneer  0x0000000000022d14        0x0 linker stubs

.v4_bx          0x0000000000022d14        0x0
 .v4_bx         0x0000000000022d14        0x0 linker stubs

.iplt           0x0000000000022d14        0x0
 .iplt          0x0000000000022d14        0x0 /home/c_epbori/BLE/tools/gcc-arm-none-eabi-6-2017-q2-update/bin/../lib/gcc/arm-none-eabi/6.3.1/thumb/v6-m/crtbegin.o

.ARM.extab      0x0000000000022d14        0x0
 *(.ARM.extab* .gnu.linkonce.armextab.*)
                0x0000000000022d14                . = ALIGN (0x4)
                0x0000000000022d14                __exidx_start = .

.ARM.exidx      0x0000000000022d14        0x8
 *(.ARM.exidx* .gnu.linkonce.armexidx.*)
 .ARM.exidx     0x0000000000022d14        0x8 /home/c_epbori/BLE/tools/gcc-arm-none-eabi-6-2017-q2-update/bin/../lib/gcc/arm-none-eabi/6.3.1/../../../../arm-none-eabi/lib/thumb/v6-m/crt0.o
 .ARM.exidx     0x0000000000022d1c        0x0 _build/gcc_startup_nrf51.o
                                          0x8 (size before relaxing)
                0x0000000000022d1c                . = ALIGN (0x4)
                0x0000000000022d1c                __exidx_end = .
                0x0000000000022d1c                __etext = .

.rel.dyn        0x0000000000022d1c        0x0
 .rel.iplt      0x0000000000022d1c        0x0 /home/c_epbori/BLE/tools/gcc-arm-none-eabi-6-2017-q2-update/bin/../lib/gcc/arm-none-eabi/6.3.1/thumb/v6-m/crtbegin.o

.data           0x0000000020002000       0x7c load address 0x0000000000022d1c
                0x0000000020002000                __data_start__ = .
 *(vtable)
 *(.data*)
 .data.impure_data
                0x0000000020002000       0x60 /home/c_epbori/BLE/tools/gcc-arm-none-eabi-6-2017-q2-update/bin/../lib/gcc/arm-none-eabi/6.3.1/../../../../arm-none-eabi/lib/thumb/v6-m/libc_nano.a(lib_a-impure.o)
 .data.m_conn_handle
                0x0000000020002060        0x2 _build/main.o
 .data.m_rr_interval_enabled
                0x0000000020002062        0x1 _build/main.o
 *fill*         0x0000000020002063        0x1 
 .data.m_adv_uuids
                0x0000000020002064        0xc _build/main.o
 .data.current_slave_link_conn_handle.7737
                0x0000000020002070        0x2 _build/ble_advertising.o
                0x0000000020002074                . = ALIGN (0x4)
 *fill*         0x0000000020002072        0x2 
                0x0000000020002074                PROVIDE (__preinit_array_start, .)
 *(.preinit_array)
                0x0000000020002074                PROVIDE (__preinit_array_end, .)
                0x0000000020002074                . = ALIGN (0x4)
                0x0000000020002074                PROVIDE (__init_array_start, .)
 *(SORT(.init_array.*))
 *(.init_array)
 .init_array    0x0000000020002074        0x4 /home/c_epbori/BLE/tools/gcc-arm-none-eabi-6-2017-q2-update/bin/../lib/gcc/arm-none-eabi/6.3.1/thumb/v6-m/crtbegin.o
                0x0000000020002078                PROVIDE (__init_array_end, .)
                0x0000000020002078                . = ALIGN (0x4)
                [!provide]                        PROVIDE (__fini_array_start, .)
 *(SORT(.fini_array.*))
 *(.fini_array)
 .fini_array    0x0000000020002078        0x4 /home/c_epbori/BLE/tools/gcc-arm-none-eabi-6-2017-q2-update/bin/../lib/gcc/arm-none-eabi/6.3.1/thumb/v6-m/crtbegin.o
                [!provide]                        PROVIDE (__fini_array_end, .)
 *(.jcr)
 .jcr           0x000000002000207c        0x0 /home/c_epbori/BLE/tools/gcc-arm-none-eabi-6-2017-q2-update/bin/../lib/gcc/arm-none-eabi/6.3.1/thumb/v6-m/crtbegin.o
                0x000000002000207c                . = ALIGN (0x4)
                0x000000002000207c                __data_end__ = .

.igot.plt       0x000000002000207c        0x0 load address 0x0000000000022d98
 .igot.plt      0x000000002000207c        0x0 /home/c_epbori/BLE/tools/gcc-arm-none-eabi-6-2017-q2-update/bin/../lib/gcc/arm-none-eabi/6.3.1/thumb/v6-m/crtbegin.o

.bss            0x000000002000207c      0x8f4 load address 0x0000000000022d98
                0x000000002000207c                . = ALIGN (0x4)
                0x000000002000207c                __bss_start__ = .
 *(.bss*)
 .bss           0x000000002000207c       0x1c /home/c_epbori/BLE/tools/gcc-arm-none-eabi-6-2017-q2-update/bin/../lib/gcc/arm-none-eabi/6.3.1/thumb/v6-m/crtbegin.o
 .bss.mp_buttons
                0x0000000020002098        0x4 _build/app_button.o
 .bss.m_button_count
                0x000000002000209c        0x1 _build/app_button.o
 *fill*         0x000000002000209d        0x3 
 .bss.m_detection_delay
                0x00000000200020a0        0x4 _build/app_button.o
 .bss.m_detection_delay_timer_id_data
                0x00000000200020a4       0x20 _build/app_button.o
 .bss.m_pin_state
                0x00000000200020c4        0x4 _build/app_button.o
 .bss.m_pin_transition
                0x00000000200020c8        0x4 _build/app_button.o
 .bss.m_user_array_size
                0x00000000200020cc        0x1 _build/app_timer.o
 *fill*         0x00000000200020cd        0x3 
 .bss.mp_users  0x00000000200020d0        0x4 _build/app_timer.o
 .bss.mp_timer_id_head
                0x00000000200020d4        0x4 _build/app_timer.o
 .bss.m_ticks_latest
                0x00000000200020d8        0x4 _build/app_timer.o
 .bss.m_ticks_elapsed
                0x00000000200020dc        0x8 _build/app_timer.o
 .bss.m_ticks_elapsed_q_read_ind
                0x00000000200020e4        0x1 _build/app_timer.o
 .bss.m_ticks_elapsed_q_write_ind
                0x00000000200020e5        0x1 _build/app_timer.o
 *fill*         0x00000000200020e6        0x2 
 .bss.m_evt_schedule_func
                0x00000000200020e8        0x4 _build/app_timer.o
 .bss.m_rtc1_running
                0x00000000200020ec        0x1 _build/app_timer.o
 .bss.m_rtc1_reset
                0x00000000200020ed        0x1 _build/app_timer.o
 *fill*         0x00000000200020ee        0x2 
 .bss.m_cb      0x00000000200020f0       0x48 _build/nrf_drv_gpiote.o
 .bss.m_cb      0x0000000020002138       0x18 _build/nrf_drv_uart.o
 .bss.m_cmd_queue
                0x0000000020002150       0xcc _build/pstorage.o
 .bss.m_next_app_instance
                0x000000002000221c        0x2 _build/pstorage.o
 *fill*         0x000000002000221e        0x2 
 .bss.m_next_page_addr
                0x0000000020002220        0x4 _build/pstorage.o
 .bss.m_state   0x0000000020002224        0x1 _build/pstorage.o
 .bss.m_swap_sub_state
                0x0000000020002225        0x1 _build/pstorage.o
 *fill*         0x0000000020002226        0x2 
 .bss.m_head_word_size
                0x0000000020002228        0x4 _build/pstorage.o
 .bss.m_tail_word_size
                0x000000002000222c        0x4 _build/pstorage.o
 .bss.m_current_page_id
                0x0000000020002230        0x4 _build/pstorage.o
 .bss.m_num_of_command_retries
                0x0000000020002234        0x4 _build/pstorage.o
 .bss.m_app_table
                0x0000000020002238        0xc _build/pstorage.o
 .bss.m_num_of_bytes_written
                0x0000000020002244        0x4 _build/pstorage.o
 .bss.m_app_data_size
                0x0000000020002248        0x4 _build/pstorage.o
 .bss.m_flags   0x000000002000224c        0x4 _build/pstorage.o
 .bss.m_stable_state
                0x0000000020002250        0x1 _build/bsp.o
 *fill*         0x0000000020002251        0x3 
 .bss.m_app_ticks_per_100ms
                0x0000000020002254        0x4 _build/bsp.o
 .bss.m_indication_type
                0x0000000020002258        0x4 _build/bsp.o
 .bss.m_alert_mask
                0x000000002000225c        0x4 _build/bsp.o
 .bss.m_leds_timer_id_data
                0x0000000020002260       0x20 _build/bsp.o
 .bss.m_alert_timer_id_data
                0x0000000020002280       0x20 _build/bsp.o
 .bss.m_registered_callback
                0x00000000200022a0        0x4 _build/bsp.o
 .bss.m_events_list
                0x00000000200022a4        0xc _build/bsp.o
 .bss.m_button_timer_id_data
                0x00000000200022b0       0x20 _build/bsp.o
 .bss.current_long_push_pin_no.6506
                0x00000000200022d0        0x1 _build/bsp.o
 *fill*         0x00000000200022d1        0x3 
 .bss.release_event_at_push.6507
                0x00000000200022d4        0x4 _build/bsp.o
 .bss.m_error_handler
                0x00000000200022d8        0x4 _build/bsp_btn_ble.o
 .bss.m_num_connections
                0x00000000200022dc        0x4 _build/bsp_btn_ble.o
 .bss.m_bas     0x00000000200022e0       0x18 _build/main.o
 .bss.m_hrs     0x00000000200022f8       0x50 _build/main.o
 .bss.m_battery_sim_cfg
                0x0000000020002348       0x10 _build/main.o
 .bss.m_battery_sim_state
                0x0000000020002358        0x8 _build/main.o
 .bss.m_heart_rate_sim_cfg
                0x0000000020002360       0x10 _build/main.o
 .bss.m_heart_rate_sim_state
                0x0000000020002370        0x8 _build/main.o
 .bss.m_rr_interval_sim_cfg
                0x0000000020002378       0x10 _build/main.o
 .bss.m_rr_interval_sim_state
                0x0000000020002388        0x8 _build/main.o
 .bss.m_battery_timer_id_data
                0x0000000020002390       0x20 _build/main.o
 .bss.m_heart_rate_timer_id_data
                0x00000000200023b0       0x20 _build/main.o
 .bss.m_rr_interval_timer_id_data
                0x00000000200023d0       0x20 _build/main.o
 .bss.m_sensor_contact_timer_id_data
                0x00000000200023f0       0x20 _build/main.o
 .bss.m_app_handle
                0x0000000020002410        0x1 _build/main.o
 *fill*         0x0000000020002411        0x3 
 .bss.cnt.8957  0x0000000020002414        0x4 _build/main.o
 .bss.sensor_contact_detected.8967
                0x0000000020002418        0x1 _build/main.o
 *fill*         0x0000000020002419        0x3 
 .bss.APP_TIMER_BUF.8972
                0x000000002000241c      0x1c8 _build/main.o
 .bss.BLE_EVT_BUFFER.9059
                0x00000000200025e4       0x48 _build/main.o
 .bss.m_advertising_start_pending
                0x000000002000262c        0x1 _build/ble_advertising.o
 *fill*         0x000000002000262d        0x3 
 .bss.m_peer_address
                0x0000000020002630        0x7 _build/ble_advertising.o
 *fill*         0x0000000020002637        0x1 
 .bss.m_advdata
                0x0000000020002638       0x38 _build/ble_advertising.o
 .bss.m_adv_evt
                0x0000000020002670        0x1 _build/ble_advertising.o
 *fill*         0x0000000020002671        0x3 
 .bss.m_evt_handler
                0x0000000020002674        0x4 _build/ble_advertising.o
 .bss.m_error_handler
                0x0000000020002678        0x4 _build/ble_advertising.o
 .bss.m_adv_mode_current
                0x000000002000267c        0x1 _build/ble_advertising.o
 *fill*         0x000000002000267d        0x3 
 .bss.m_adv_modes_config
                0x0000000020002680       0x24 _build/ble_advertising.o
 .bss.m_whitelist
                0x00000000200026a4       0x10 _build/ble_advertising.o
 .bss.mp_whitelist_addr
                0x00000000200026b4       0x20 _build/ble_advertising.o
 .bss.mp_whitelist_irk
                0x00000000200026d4       0x20 _build/ble_advertising.o
 .bss.m_whitelist_temporarily_disabled
                0x00000000200026f4        0x1 _build/ble_advertising.o
 .bss.m_whitelist_reply_expected
                0x00000000200026f5        0x1 _build/ble_advertising.o
 .bss.m_peer_addr_reply_expected
                0x00000000200026f6        0x1 _build/ble_advertising.o
 *fill*         0x00000000200026f7        0x1 
 .bss.m_manuf_specific_data
                0x00000000200026f8        0xc _build/ble_advertising.o
 .bss.m_manuf_data_array
                0x0000000020002704       0x1f _build/ble_advertising.o
 *fill*         0x0000000020002723        0x1 
 .bss.m_service_data
                0x0000000020002724        0xc _build/ble_advertising.o
 .bss.m_service_data_array
                0x0000000020002730       0x1f _build/ble_advertising.o
 *fill*         0x000000002000274f        0x1 
 .bss.m_slave_conn_int
                0x0000000020002750        0x4 _build/ble_advertising.o
 .bss.m_tx_power_level
                0x0000000020002754        0x1 _build/ble_advertising.o
 *fill*         0x0000000020002755        0x3 
 .bss.m_conn_params_config
                0x0000000020002758       0x1c _build/ble_conn_params.o
 .bss.m_preferred_conn_params
                0x0000000020002774        0x8 _build/ble_conn_params.o
 .bss.m_update_count
                0x000000002000277c        0x1 _build/ble_conn_params.o
 *fill*         0x000000002000277d        0x1 
 .bss.m_conn_handle
                0x000000002000277e        0x2 _build/ble_conn_params.o
 .bss.m_current_conn_params
                0x0000000020002780        0x8 _build/ble_conn_params.o
 .bss.m_conn_params_timer_id_data
                0x0000000020002788       0x20 _build/ble_conn_params.o
 .bss.m_change_param
                0x00000000200027a8        0x1 _build/ble_conn_params.o
 *fill*         0x00000000200027a9        0x1 
 .bss.service_handle
                0x00000000200027aa        0x2 _build/ble_dis.o
 .bss.manufact_name_handles
                0x00000000200027ac        0x8 _build/ble_dis.o
 .bss.model_num_handles
                0x00000000200027b4        0x8 _build/ble_dis.o
 .bss.serial_num_handles
                0x00000000200027bc        0x8 _build/ble_dis.o
 .bss.hw_rev_handles
                0x00000000200027c4        0x8 _build/ble_dis.o
 .bss.fw_rev_handles
                0x00000000200027cc        0x8 _build/ble_dis.o
 .bss.sw_rev_handles
                0x00000000200027d4        0x8 _build/ble_dis.o
 .bss.sys_id_handles
                0x00000000200027dc        0x8 _build/ble_dis.o
 .bss.reg_cert_data_list_handles
                0x00000000200027e4        0x8 _build/ble_dis.o
 .bss.pnp_id_handles
                0x00000000200027ec        0x8 _build/ble_dis.o
 .bss.m_app_context_table
                0x00000000200027f4       0x1c _build/device_manager_peripheral.o
 .bss.m_peer_table
                0x0000000020002810       0xc4 _build/device_manager_peripheral.o
 .bss.m_bond_table
                0x00000000200028d4       0x1c _build/device_manager_peripheral.o
 .bss.m_gatts_table
                0x00000000200028f0       0x24 _build/device_manager_peripheral.o
 .bss.m_connection_table
                0x0000000020002914        0xc _build/device_manager_peripheral.o
 .bss.m_application_table
                0x0000000020002920        0xc _build/device_manager_peripheral.o
 .bss.m_storage_handle
                0x000000002000292c        0x8 _build/device_manager_peripheral.o
 .bss.m_peer_addr_update
                0x0000000020002934        0x4 _build/device_manager_peripheral.o
 .bss.m_local_id_info
                0x0000000020002938       0x17 _build/device_manager_peripheral.o
 .bss.m_module_initialized
                0x000000002000294f        0x1 _build/device_manager_peripheral.o
 .bss.m_irk_index_table
                0x0000000020002950        0x7 _build/device_manager_peripheral.o
 *fill*         0x0000000020002957        0x1 
 .bss.m_evt_schedule_func
                0x0000000020002958        0x4 _build/softdevice_handler.o
 .bss.m_softdevice_enabled
                0x000000002000295c        0x1 _build/softdevice_handler.o
 *fill*         0x000000002000295d        0x3 
 .bss.mp_ble_evt_buffer
                0x0000000020002960        0x4 _build/softdevice_handler.o
 .bss.m_ble_evt_buffer_size
                0x0000000020002964        0x2 _build/softdevice_handler.o
 *fill*         0x0000000020002966        0x2 
 .bss.m_ble_evt_handler
                0x0000000020002968        0x4 _build/softdevice_handler.o
 .bss.m_sys_evt_handler
                0x000000002000296c        0x4 _build/softdevice_handler.o
 *(COMMON)
                0x0000000020002970                . = ALIGN (0x4)
                0x0000000020002970                __bss_end__ = .

.heap           0x0000000020002970      0x800
                0x0000000020002970                __end__ = .
                0x0000000020002970                end = __end__
 *(.heap*)
 .heap          0x0000000020002970      0x800 _build/gcc_startup_nrf51.o
                0x0000000020002970                __HeapBase
                0x0000000020003170                __HeapLimit = .

.stack_dummy    0x0000000020002970      0x800
 *(.stack*)
 .stack         0x0000000020002970      0x800 _build/gcc_startup_nrf51.o
                0x0000000020008000                __StackTop = (ORIGIN (RAM) + LENGTH (RAM))
                0x0000000020007800                __StackLimit = (__StackTop - SIZEOF (.stack_dummy))
                0x0000000020008000                PROVIDE (__stack, __StackTop)
                0x0000000000000001                ASSERT ((__StackLimit >= __HeapLimit), region RAM overflowed with stack)
OUTPUT(_build/nrf51422_xxac_s110.out elf32-littlearm)

.ARM.attributes
                0x0000000000000000       0x28
 .ARM.attributes
                0x0000000000000000       0x1e /home/c_epbori/BLE/tools/gcc-arm-none-eabi-6-2017-q2-update/bin/../lib/gcc/arm-none-eabi/6.3.1/thumb/v6-m/crti.o
 .ARM.attributes
                0x000000000000001e       0x2c /home/c_epbori/BLE/tools/gcc-arm-none-eabi-6-2017-q2-update/bin/../lib/gcc/arm-none-eabi/6.3.1/thumb/v6-m/crtbegin.o
 .ARM.attributes
                0x000000000000004a       0x1b /home/c_epbori/BLE/tools/gcc-arm-none-eabi-6-2017-q2-update/bin/../lib/gcc/arm-none-eabi/6.3.1/../../../../arm-none-eabi/lib/thumb/v6-m/crt0.o
 .ARM.attributes
                0x0000000000000065       0x2c /home/c_epbori/BLE/tools/gcc-arm-none-eabi-6-2017-q2-update/bin/../lib/gcc/arm-none-eabi/6.3.1/../../../../arm-none-eabi/lib/thumb/v6-m/libc_nano.a(lib_a-exit.o)
 .ARM.attributes
                0x0000000000000091       0x2c /home/c_epbori/BLE/tools/gcc-arm-none-eabi-6-2017-q2-update/bin/../lib/gcc/arm-none-eabi/6.3.1/../../../../arm-none-eabi/lib/thumb/v6-m/libc_nano.a(lib_a-impure.o)
 .ARM.attributes
                0x00000000000000bd       0x2c /home/c_epbori/BLE/tools/gcc-arm-none-eabi-6-2017-q2-update/bin/../lib/gcc/arm-none-eabi/6.3.1/../../../../arm-none-eabi/lib/thumb/v6-m/libc_nano.a(lib_a-init.o)
 .ARM.attributes
                0x00000000000000e9       0x2c /home/c_epbori/BLE/tools/gcc-arm-none-eabi-6-2017-q2-update/bin/../lib/gcc/arm-none-eabi/6.3.1/../../../../arm-none-eabi/lib/thumb/v6-m/libc_nano.a(lib_a-memset.o)
 .ARM.attributes
                0x0000000000000115       0x2c /home/c_epbori/BLE/tools/gcc-arm-none-eabi-6-2017-q2-update/bin/../lib/gcc/arm-none-eabi/6.3.1/../../../../arm-none-eabi/lib/thumb/v6-m/libnosys.a(_exit.o)
 .ARM.attributes
                0x0000000000000141       0x31 _build/app_button.o
 .ARM.attributes
                0x0000000000000172       0x31 _build/app_error.o
 .ARM.attributes
                0x00000000000001a3       0x31 _build/app_timer.o
 .ARM.attributes
                0x00000000000001d4       0x31 _build/sensorsim.o
 .ARM.attributes
                0x0000000000000205       0x31 _build/nrf_drv_common.o
 .ARM.attributes
                0x0000000000000236       0x31 _build/nrf_drv_gpiote.o
 .ARM.attributes
                0x0000000000000267       0x31 _build/nrf_drv_uart.o
 .ARM.attributes
                0x0000000000000298       0x31 _build/pstorage.o
 .ARM.attributes
                0x00000000000002c9       0x31 _build/bsp.o
 .ARM.attributes
                0x00000000000002fa       0x31 _build/bsp_btn_ble.o
 .ARM.attributes
                0x000000000000032b       0x31 _build/main.o
 .ARM.attributes
                0x000000000000035c       0x31 _build/ble_advdata.o
 .ARM.attributes
                0x000000000000038d       0x31 _build/ble_advertising.o
 .ARM.attributes
                0x00000000000003be       0x31 _build/ble_bas.o
 .ARM.attributes
                0x00000000000003ef       0x31 _build/ble_conn_params.o
 .ARM.attributes
                0x0000000000000420       0x31 _build/ble_dis.o
 .ARM.attributes
                0x0000000000000451       0x31 _build/ble_hrs.o
 .ARM.attributes
                0x0000000000000482       0x31 _build/ble_srv_common.o
 .ARM.attributes
                0x00000000000004b3       0x31 _build/device_manager_peripheral.o
 .ARM.attributes
                0x00000000000004e4       0x31 _build/system_nrf51.o
 .ARM.attributes
                0x0000000000000515       0x31 _build/softdevice_handler.o
 .ARM.attributes
                0x0000000000000546       0x1b _build/gcc_startup_nrf51.o
 .ARM.attributes
                0x0000000000000561       0x1e /home/c_epbori/BLE/tools/gcc-arm-none-eabi-6-2017-q2-update/bin/../lib/gcc/arm-none-eabi/6.3.1/thumb/v6-m/libgcc.a(_udivsi3.o)
 .ARM.attributes
                0x000000000000057f       0x1e /home/c_epbori/BLE/tools/gcc-arm-none-eabi-6-2017-q2-update/bin/../lib/gcc/arm-none-eabi/6.3.1/thumb/v6-m/libgcc.a(_divsi3.o)
 .ARM.attributes
                0x000000000000059d       0x1e /home/c_epbori/BLE/tools/gcc-arm-none-eabi-6-2017-q2-update/bin/../lib/gcc/arm-none-eabi/6.3.1/thumb/v6-m/libgcc.a(_dvmd_tls.o)
 .ARM.attributes
                0x00000000000005bb       0x2c /home/c_epbori/BLE/tools/gcc-arm-none-eabi-6-2017-q2-update/bin/../lib/gcc/arm-none-eabi/6.3.1/../../../../arm-none-eabi/lib/thumb/v6-m/libc_nano.a(lib_a-memcmp.o)
 .ARM.attributes
                0x00000000000005e7       0x2c /home/c_epbori/BLE/tools/gcc-arm-none-eabi-6-2017-q2-update/bin/../lib/gcc/arm-none-eabi/6.3.1/../../../../arm-none-eabi/lib/thumb/v6-m/libc_nano.a(lib_a-memcpy-stub.o)
 .ARM.attributes
                0x0000000000000613       0x2c /home/c_epbori/BLE/tools/gcc-arm-none-eabi-6-2017-q2-update/bin/../lib/gcc/arm-none-eabi/6.3.1/../../../../arm-none-eabi/lib/thumb/v6-m/libc_nano.a(lib_a-memmove.o)
 .ARM.attributes
                0x000000000000063f       0x1c /home/c_epbori/BLE/tools/gcc-arm-none-eabi-6-2017-q2-update/bin/../lib/gcc/arm-none-eabi/6.3.1/../../../../arm-none-eabi/lib/thumb/v6-m/libc_nano.a(lib_a-strlen.o)
 .ARM.attributes
                0x000000000000065b       0x1e /home/c_epbori/BLE/tools/gcc-arm-none-eabi-6-2017-q2-update/bin/../lib/gcc/arm-none-eabi/6.3.1/thumb/v6-m/crtn.o

.comment        0x0000000000000000       0x7f
 .comment       0x0000000000000000       0x7f _build/app_button.o
                                         0x80 (size before relaxing)
 .comment       0x000000000000007f       0x80 _build/app_error.o
 .comment       0x000000000000007f       0x80 _build/app_timer.o
 .comment       0x000000000000007f       0x80 _build/sensorsim.o
 .comment       0x000000000000007f       0x80 _build/nrf_drv_common.o
 .comment       0x000000000000007f       0x80 _build/nrf_drv_gpiote.o
 .comment       0x000000000000007f       0x80 _build/nrf_drv_uart.o
 .comment       0x000000000000007f       0x80 _build/pstorage.o
 .comment       0x000000000000007f       0x80 _build/bsp.o
 .comment       0x000000000000007f       0x80 _build/bsp_btn_ble.o
 .comment       0x000000000000007f       0x80 _build/main.o
 .comment       0x000000000000007f       0x80 _build/ble_advdata.o
 .comment       0x000000000000007f       0x80 _build/ble_advertising.o
 .comment       0x000000000000007f       0x80 _build/ble_bas.o
 .comment       0x000000000000007f       0x80 _build/ble_conn_params.o
 .comment       0x000000000000007f       0x80 _build/ble_dis.o
 .comment       0x000000000000007f       0x80 _build/ble_hrs.o
 .comment       0x000000000000007f       0x80 _build/ble_srv_common.o
 .comment       0x000000000000007f       0x80 _build/device_manager_peripheral.o
 .comment       0x000000000000007f       0x80 _build/system_nrf51.o
 .comment       0x000000000000007f       0x80 _build/softdevice_handler.o

.debug_frame    0x0000000000000000     0x7920
 .debug_frame   0x0000000000000000       0x28 /home/c_epbori/BLE/tools/gcc-arm-none-eabi-6-2017-q2-update/bin/../lib/gcc/arm-none-eabi/6.3.1/../../../../arm-none-eabi/lib/thumb/v6-m/libc_nano.a(lib_a-exit.o)
 .debug_frame   0x0000000000000028       0x2c /home/c_epbori/BLE/tools/gcc-arm-none-eabi-6-2017-q2-update/bin/../lib/gcc/arm-none-eabi/6.3.1/../../../../arm-none-eabi/lib/thumb/v6-m/libc_nano.a(lib_a-init.o)
 .debug_frame   0x0000000000000054       0x20 /home/c_epbori/BLE/tools/gcc-arm-none-eabi-6-2017-q2-update/bin/../lib/gcc/arm-none-eabi/6.3.1/../../../../arm-none-eabi/lib/thumb/v6-m/libc_nano.a(lib_a-memset.o)
 .debug_frame   0x0000000000000074       0x20 /home/c_epbori/BLE/tools/gcc-arm-none-eabi-6-2017-q2-update/bin/../lib/gcc/arm-none-eabi/6.3.1/../../../../arm-none-eabi/lib/thumb/v6-m/libnosys.a(_exit.o)
 .debug_frame   0x0000000000000094       0xd0 _build/app_button.o
 .debug_frame   0x0000000000000164       0x4c _build/app_error.o
 .debug_frame   0x00000000000001b0      0x84c _build/app_timer.o
 .debug_frame   0x00000000000009fc       0x90 _build/sensorsim.o
 .debug_frame   0x0000000000000a8c      0x3c4 _build/nrf_drv_common.o
 .debug_frame   0x0000000000000e50      0xaf8 _build/nrf_drv_gpiote.o
 .debug_frame   0x0000000000001948      0x93c _build/nrf_drv_uart.o
 .debug_frame   0x0000000000002284      0xa44 _build/pstorage.o
 .debug_frame   0x0000000000002cc8      0x1c8 _build/bsp.o
 .debug_frame   0x0000000000002e90      0x490 _build/bsp_btn_ble.o
 .debug_frame   0x0000000000003320      0xa9c _build/main.o
 .debug_frame   0x0000000000003dbc      0x630 _build/ble_advdata.o
 .debug_frame   0x00000000000043ec      0x83c _build/ble_advertising.o
 .debug_frame   0x0000000000004c28      0x4f0 _build/ble_bas.o
 .debug_frame   0x0000000000005118      0x56c _build/ble_conn_params.o
 .debug_frame   0x0000000000005684      0x474 _build/ble_dis.o
 .debug_frame   0x0000000000005af8      0x610 _build/ble_hrs.o
 .debug_frame   0x0000000000006108      0x470 _build/ble_srv_common.o
 .debug_frame   0x0000000000006578      0xa10 _build/device_manager_peripheral.o
 .debug_frame   0x0000000000006f88       0x80 _build/system_nrf51.o
 .debug_frame   0x0000000000007008      0x85c _build/softdevice_handler.o
 .debug_frame   0x0000000000007864       0x20 /home/c_epbori/BLE/tools/gcc-arm-none-eabi-6-2017-q2-update/bin/../lib/gcc/arm-none-eabi/6.3.1/thumb/v6-m/libgcc.a(_udivsi3.o)
 .debug_frame   0x0000000000007884       0x20 /home/c_epbori/BLE/tools/gcc-arm-none-eabi-6-2017-q2-update/bin/../lib/gcc/arm-none-eabi/6.3.1/thumb/v6-m/libgcc.a(_divsi3.o)
 .debug_frame   0x00000000000078a4       0x2c /home/c_epbori/BLE/tools/gcc-arm-none-eabi-6-2017-q2-update/bin/../lib/gcc/arm-none-eabi/6.3.1/../../../../arm-none-eabi/lib/thumb/v6-m/libc_nano.a(lib_a-memcmp.o)
 .debug_frame   0x00000000000078d0       0x28 /home/c_epbori/BLE/tools/gcc-arm-none-eabi-6-2017-q2-update/bin/../lib/gcc/arm-none-eabi/6.3.1/../../../../arm-none-eabi/lib/thumb/v6-m/libc_nano.a(lib_a-memcpy-stub.o)
 .debug_frame   0x00000000000078f8       0x28 /home/c_epbori/BLE/tools/gcc-arm-none-eabi-6-2017-q2-update/bin/../lib/gcc/arm-none-eabi/6.3.1/../../../../arm-none-eabi/lib/thumb/v6-m/libc_nano.a(lib_a-memmove.o)

.debug_info     0x0000000000000000    0x352bb
 .debug_info    0x0000000000000000      0xcab _build/app_button.o
 .debug_info    0x0000000000000cab      0x1df _build/app_error.o
 .debug_info    0x0000000000000e8a     0x280e _build/app_timer.o
 .debug_info    0x0000000000003698      0x1d2 _build/sensorsim.o
 .debug_info    0x000000000000386a      0xffa _build/nrf_drv_common.o
 .debug_info    0x0000000000004864     0x20c4 _build/nrf_drv_gpiote.o
 .debug_info    0x0000000000006928     0x208b _build/nrf_drv_uart.o
 .debug_info    0x00000000000089b3     0x2687 _build/pstorage.o
 .debug_info    0x000000000000b03a     0x11f3 _build/bsp.o
 .debug_info    0x000000000000c22d     0x2d0b _build/bsp_btn_ble.o
 .debug_info    0x000000000000ef38     0x5a9d _build/main.o
 .debug_info    0x00000000000149d5     0x300e _build/ble_advdata.o
 .debug_info    0x00000000000179e3     0x486f _build/ble_advertising.o
 .debug_info    0x000000000001c252     0x37ce _build/ble_bas.o
 .debug_info    0x000000000001fa20     0x382b _build/ble_conn_params.o
 .debug_info    0x000000000002324b     0x2afd _build/ble_dis.o
 .debug_info    0x0000000000025d48     0x3a48 _build/ble_hrs.o
 .debug_info    0x0000000000029790     0x2a9a _build/ble_srv_common.o
 .debug_info    0x000000000002c22a     0x4b48 _build/device_manager_peripheral.o
 .debug_info    0x0000000000030d72      0x1b9 _build/system_nrf51.o
 .debug_info    0x0000000000030f2b     0x4390 _build/softdevice_handler.o

.debug_abbrev   0x0000000000000000     0x3ed1
 .debug_abbrev  0x0000000000000000      0x239 _build/app_button.o
 .debug_abbrev  0x0000000000000239      0x109 _build/app_error.o
 .debug_abbrev  0x0000000000000342      0x473 _build/app_timer.o
 .debug_abbrev  0x00000000000007b5       0xd0 _build/sensorsim.o
 .debug_abbrev  0x0000000000000885      0x1d0 _build/nrf_drv_common.o
 .debug_abbrev  0x0000000000000a55      0x365 _build/nrf_drv_gpiote.o
 .debug_abbrev  0x0000000000000dba      0x33a _build/nrf_drv_uart.o
 .debug_abbrev  0x00000000000010f4      0x37b _build/pstorage.o
 .debug_abbrev  0x000000000000146f      0x314 _build/bsp.o
 .debug_abbrev  0x0000000000001783      0x2ab _build/bsp_btn_ble.o
 .debug_abbrev  0x0000000000001a2e      0x3ea _build/main.o
 .debug_abbrev  0x0000000000001e18      0x32b _build/ble_advdata.o
 .debug_abbrev  0x0000000000002143      0x3ba _build/ble_advertising.o
 .debug_abbrev  0x00000000000024fd      0x382 _build/ble_bas.o
 .debug_abbrev  0x000000000000287f      0x3c9 _build/ble_conn_params.o
 .debug_abbrev  0x0000000000002c48      0x327 _build/ble_dis.o
 .debug_abbrev  0x0000000000002f6f      0x3df _build/ble_hrs.o
 .debug_abbrev  0x000000000000334e      0x30b _build/ble_srv_common.o
 .debug_abbrev  0x0000000000003659      0x3a2 _build/device_manager_peripheral.o
 .debug_abbrev  0x00000000000039fb       0xff _build/system_nrf51.o
 .debug_abbrev  0x0000000000003afa      0x3d7 _build/softdevice_handler.o

.debug_aranges  0x0000000000000000     0x3090
 .debug_aranges
                0x0000000000000000       0x48 _build/app_button.o
 .debug_aranges
                0x0000000000000048       0x28 _build/app_error.o
 .debug_aranges
                0x0000000000000070      0x2f8 _build/app_timer.o
 .debug_aranges
                0x0000000000000368       0x38 _build/sensorsim.o
 .debug_aranges
                0x00000000000003a0      0x1d0 _build/nrf_drv_common.o
 .debug_aranges
                0x0000000000000570      0x3a0 _build/nrf_drv_gpiote.o
 .debug_aranges
                0x0000000000000910      0x338 _build/nrf_drv_uart.o
 .debug_aranges
                0x0000000000000c48      0x380 _build/pstorage.o
 .debug_aranges
                0x0000000000000fc8       0x88 _build/bsp.o
 .debug_aranges
                0x0000000000001050      0x228 _build/bsp_btn_ble.o
 .debug_aranges
                0x0000000000001278      0x488 _build/main.o
 .debug_aranges
                0x0000000000001700      0x290 _build/ble_advdata.o
 .debug_aranges
                0x0000000000001990      0x3e0 _build/ble_advertising.o
 .debug_aranges
                0x0000000000001d70      0x240 _build/ble_bas.o
 .debug_aranges
                0x0000000000001fb0      0x260 _build/ble_conn_params.o
 .debug_aranges
                0x0000000000002210      0x220 _build/ble_dis.o
 .debug_aranges
                0x0000000000002430      0x288 _build/ble_hrs.o
 .debug_aranges
                0x00000000000026b8      0x220 _build/ble_srv_common.o
 .debug_aranges
                0x00000000000028d8      0x388 _build/device_manager_peripheral.o
 .debug_aranges
                0x0000000000002c60       0x38 _build/system_nrf51.o
 .debug_aranges
                0x0000000000002c98      0x3f8 _build/softdevice_handler.o

.debug_ranges   0x0000000000000000     0x2fa0
 .debug_ranges  0x0000000000000000       0x38 _build/app_button.o
 .debug_ranges  0x0000000000000038       0x18 _build/app_error.o
 .debug_ranges  0x0000000000000050      0x2e8 _build/app_timer.o
 .debug_ranges  0x0000000000000338       0x28 _build/sensorsim.o
 .debug_ranges  0x0000000000000360      0x1c0 _build/nrf_drv_common.o
 .debug_ranges  0x0000000000000520      0x390 _build/nrf_drv_gpiote.o
 .debug_ranges  0x00000000000008b0      0x328 _build/nrf_drv_uart.o
 .debug_ranges  0x0000000000000bd8      0x388 _build/pstorage.o
 .debug_ranges  0x0000000000000f60       0x78 _build/bsp.o
 .debug_ranges  0x0000000000000fd8      0x218 _build/bsp_btn_ble.o
 .debug_ranges  0x00000000000011f0      0x478 _build/main.o
 .debug_ranges  0x0000000000001668      0x280 _build/ble_advdata.o
 .debug_ranges  0x00000000000018e8      0x400 _build/ble_advertising.o
 .debug_ranges  0x0000000000001ce8      0x230 _build/ble_bas.o
 .debug_ranges  0x0000000000001f18      0x250 _build/ble_conn_params.o
 .debug_ranges  0x0000000000002168      0x210 _build/ble_dis.o
 .debug_ranges  0x0000000000002378      0x278 _build/ble_hrs.o
 .debug_ranges  0x00000000000025f0      0x210 _build/ble_srv_common.o
 .debug_ranges  0x0000000000002800      0x378 _build/device_manager_peripheral.o
 .debug_ranges  0x0000000000002b78       0x28 _build/system_nrf51.o
 .debug_ranges  0x0000000000002ba0      0x400 _build/softdevice_handler.o

.debug_macro    0x0000000000000000     0xed4b
 .debug_macro   0x0000000000000000      0x2de _build/app_button.o
 .debug_macro   0x00000000000002de      0x8b6 _build/app_button.o
 .debug_macro   0x0000000000000b94       0x22 _build/app_button.o
 .debug_macro   0x0000000000000bb6       0x87 _build/app_button.o
 .debug_macro   0x0000000000000c3d       0x51 _build/app_button.o
 .debug_macro   0x0000000000000c8e       0xef _build/app_button.o
 .debug_macro   0x0000000000000d7d       0x6a _build/app_button.o
 .debug_macro   0x0000000000000de7      0x1df _build/app_button.o
 .debug_macro   0x0000000000000fc6       0x22 _build/app_button.o
 .debug_macro   0x0000000000000fe8       0x22 _build/app_button.o
 .debug_macro   0x000000000000100a       0x3a _build/app_button.o
 .debug_macro   0x0000000000001044       0x1f _build/app_button.o
 .debug_macro   0x0000000000001063      0x242 _build/app_button.o
 .debug_macro   0x00000000000012a5      0x1d2 _build/app_button.o
 .debug_macro   0x0000000000001477     0x745a _build/app_button.o
 .debug_macro   0x00000000000088d1      0x976 _build/app_button.o
 .debug_macro   0x0000000000009247       0x1c _build/app_button.o
 .debug_macro   0x0000000000009263       0x8e _build/app_button.o
 .debug_macro   0x00000000000092f1       0x16 _build/app_button.o
 .debug_macro   0x0000000000009307       0x10 _build/app_button.o
 .debug_macro   0x0000000000009317       0x1c _build/app_button.o
 .debug_macro   0x0000000000009333       0x58 _build/app_button.o
 .debug_macro   0x000000000000938b       0x35 _build/app_button.o
 .debug_macro   0x00000000000093c0       0x9c _build/app_button.o
 .debug_macro   0x000000000000945c      0x16d _build/app_button.o
 .debug_macro   0x00000000000095c9       0x58 _build/app_button.o
 .debug_macro   0x0000000000009621       0x1f _build/app_button.o
 .debug_macro   0x0000000000009640       0x43 _build/app_button.o
 .debug_macro   0x0000000000009683       0x20 _build/app_button.o
 .debug_macro   0x00000000000096a3      0x187 _build/app_button.o
 .debug_macro   0x000000000000982a      0x353 _build/app_button.o
 .debug_macro   0x0000000000009b7d       0x10 _build/app_button.o
 .debug_macro   0x0000000000009b8d       0x35 _build/app_button.o
 .debug_macro   0x0000000000009bc2      0x118 _build/app_button.o
 .debug_macro   0x0000000000009cda       0x37 _build/app_button.o
 .debug_macro   0x0000000000009d11       0x1c _build/app_button.o
 .debug_macro   0x0000000000009d2d       0x10 _build/app_button.o
 .debug_macro   0x0000000000009d3d       0x10 _build/app_button.o
 .debug_macro   0x0000000000009d4d       0x1c _build/app_button.o
 .debug_macro   0x0000000000009d69       0x52 _build/app_button.o
 .debug_macro   0x0000000000009dbb       0x40 _build/app_button.o
 .debug_macro   0x0000000000009dfb       0x10 _build/app_button.o
 .debug_macro   0x0000000000009e0b       0x40 _build/app_button.o
 .debug_macro   0x0000000000009e4b       0xd7 _build/app_button.o
 .debug_macro   0x0000000000009f22       0x16 _build/app_button.o
 .debug_macro   0x0000000000009f38      0x18b _build/app_button.o
 .debug_macro   0x000000000000a0c3       0x41 _build/app_button.o
 .debug_macro   0x000000000000a104       0x10 _build/app_button.o
 .debug_macro   0x000000000000a114      0x14d _build/app_button.o
 .debug_macro   0x000000000000a261       0x76 _build/app_button.o
 .debug_macro   0x000000000000a2d7       0x2e _build/app_button.o
 .debug_macro   0x000000000000a305       0x10 _build/app_button.o
 .debug_macro   0x000000000000a315       0xf2 _build/app_error.o
 .debug_macro   0x000000000000a407      0x312 _build/app_timer.o
 .debug_macro   0x000000000000a719       0x16 _build/app_timer.o
 .debug_macro   0x000000000000a72f       0x97 _build/app_timer.o
 .debug_macro   0x000000000000a7c6       0xf6 _build/app_timer.o
 .debug_macro   0x000000000000a8bc       0x10 _build/app_timer.o
 .debug_macro   0x000000000000a8cc       0x40 _build/app_timer.o
 .debug_macro   0x000000000000a90c       0x64 _build/app_timer.o
 .debug_macro   0x000000000000a970       0x22 _build/app_timer.o
 .debug_macro   0x000000000000a992       0x76 _build/sensorsim.o
 .debug_macro   0x000000000000aa08      0x125 _build/nrf_drv_common.o
 .debug_macro   0x000000000000ab2d      0x1b2 _build/nrf_drv_gpiote.o
 .debug_macro   0x000000000000acdf       0x70 _build/nrf_drv_gpiote.o
 .debug_macro   0x000000000000ad4f       0x10 _build/nrf_drv_gpiote.o
 .debug_macro   0x000000000000ad5f       0x1c _build/nrf_drv_gpiote.o
 .debug_macro   0x000000000000ad7b      0x1b2 _build/nrf_drv_uart.o
 .debug_macro   0x000000000000af2d      0x29b _build/pstorage.o
 .debug_macro   0x000000000000b1c8       0x46 _build/pstorage.o
 .debug_macro   0x000000000000b20e       0x1c _build/pstorage.o
 .debug_macro   0x000000000000b22a       0x3d _build/pstorage.o
 .debug_macro   0x000000000000b267      0x307 _build/bsp.o
 .debug_macro   0x000000000000b56e      0x263 _build/bsp.o
 .debug_macro   0x000000000000b7d1       0x22 _build/bsp.o
 .debug_macro   0x000000000000b7f3       0x5e _build/bsp.o
 .debug_macro   0x000000000000b851      0x1fb _build/bsp_btn_ble.o
 .debug_macro   0x000000000000ba4c       0xd6 _build/bsp_btn_ble.o
 .debug_macro   0x000000000000bb22      0x1f7 _build/bsp_btn_ble.o
 .debug_macro   0x000000000000bd19      0x375 _build/bsp_btn_ble.o
 .debug_macro   0x000000000000c08e       0x3a _build/bsp_btn_ble.o
 .debug_macro   0x000000000000c0c8       0x22 _build/bsp_btn_ble.o
 .debug_macro   0x000000000000c0ea      0x1f0 _build/bsp_btn_ble.o
 .debug_macro   0x000000000000c2da       0x16 _build/bsp_btn_ble.o
 .debug_macro   0x000000000000c2f0       0xd9 _build/bsp_btn_ble.o
 .debug_macro   0x000000000000c3c9       0x1c _build/bsp_btn_ble.o
 .debug_macro   0x000000000000c3e5      0x56b _build/main.o
 .debug_macro   0x000000000000c950       0xa6 _build/main.o
 .debug_macro   0x000000000000c9f6      0x274 _build/main.o
 .debug_macro   0x000000000000cc6a       0xbe _build/main.o
 .debug_macro   0x000000000000cd28       0x40 _build/main.o
 .debug_macro   0x000000000000cd68       0x3a _build/main.o
 .debug_macro   0x000000000000cda2       0x16 _build/main.o
 .debug_macro   0x000000000000cdb8       0x46 _build/main.o
 .debug_macro   0x000000000000cdfe       0x1c _build/main.o
 .debug_macro   0x000000000000ce1a       0x34 _build/main.o
 .debug_macro   0x000000000000ce4e       0x16 _build/main.o
 .debug_macro   0x000000000000ce64       0x10 _build/main.o
 .debug_macro   0x000000000000ce74       0x16 _build/main.o
 .debug_macro   0x000000000000ce8a       0x22 _build/main.o
 .debug_macro   0x000000000000ceac       0x28 _build/main.o
 .debug_macro   0x000000000000ced4       0x98 _build/main.o
 .debug_macro   0x000000000000cf6c       0x4c _build/main.o
 .debug_macro   0x000000000000cfb8       0x1c _build/main.o
 .debug_macro   0x000000000000cfd4       0x22 _build/main.o
 .debug_macro   0x000000000000cff6      0x1fa _build/ble_advdata.o
 .debug_macro   0x000000000000d1f0       0xb8 _build/ble_advdata.o
 .debug_macro   0x000000000000d2a8      0x33d _build/ble_advertising.o
 .debug_macro   0x000000000000d5e5       0x16 _build/ble_advertising.o
 .debug_macro   0x000000000000d5fb      0x1eb _build/ble_bas.o
 .debug_macro   0x000000000000d7e6      0x2d4 _build/ble_conn_params.o
 .debug_macro   0x000000000000daba      0x23b _build/ble_dis.o
 .debug_macro   0x000000000000dcf5       0x10 _build/ble_dis.o
 .debug_macro   0x000000000000dd05      0x224 _build/ble_hrs.o
 .debug_macro   0x000000000000df29       0x34 _build/ble_hrs.o
 .debug_macro   0x000000000000df5d      0x1ee _build/ble_srv_common.o
 .debug_macro   0x000000000000e14b      0x4bf _build/device_manager_peripheral.o
 .debug_macro   0x000000000000e60a       0xd6 _build/system_nrf51.o
 .debug_macro   0x000000000000e6e0      0x2a0 _build/softdevice_handler.o
 .debug_macro   0x000000000000e980      0x37b _build/softdevice_handler.o
 .debug_macro   0x000000000000ecfb       0x40 _build/softdevice_handler.o
 .debug_macro   0x000000000000ed3b       0x10 _build/softdevice_handler.o

.debug_line     0x0000000000000000    0x1020b
 .debug_line    0x0000000000000000      0x868 _build/app_button.o
 .debug_line    0x0000000000000868      0x43e _build/app_error.o
 .debug_line    0x0000000000000ca6      0xefe _build/app_timer.o
 .debug_line    0x0000000000001ba4      0x2a9 _build/sensorsim.o
 .debug_line    0x0000000000001e4d      0x88f _build/nrf_drv_common.o
 .debug_line    0x00000000000026dc     0x1065 _build/nrf_drv_gpiote.o
 .debug_line    0x0000000000003741      0xf59 _build/nrf_drv_uart.o
 .debug_line    0x000000000000469a     0x1191 _build/pstorage.o
 .debug_line    0x000000000000582b      0x8d4 _build/bsp.o
 .debug_line    0x00000000000060ff      0xae9 _build/bsp_btn_ble.o
 .debug_line    0x0000000000006be8     0x18dd _build/main.o
 .debug_line    0x00000000000084c5      0xbeb _build/ble_advdata.o
 .debug_line    0x00000000000090b0     0x1219 _build/ble_advertising.o
 .debug_line    0x000000000000a2c9      0xaac _build/ble_bas.o
 .debug_line    0x000000000000ad75      0xb6b _build/ble_conn_params.o
 .debug_line    0x000000000000b8e0      0xa5e _build/ble_dis.o
 .debug_line    0x000000000000c33e      0xb13 _build/ble_hrs.o
 .debug_line    0x000000000000ce51      0x9da _build/ble_srv_common.o
 .debug_line    0x000000000000d82b     0x16c9 _build/device_manager_peripheral.o
 .debug_line    0x000000000000eef4      0x3cc _build/system_nrf51.o
 .debug_line    0x000000000000f2c0      0xf4b _build/softdevice_handler.o

.debug_str      0x0000000000000000    0x47e28
 .debug_str     0x0000000000000000    0x34eec _build/app_button.o
                                      0x351f0 (size before relaxing)
 .debug_str     0x0000000000034eec       0xc6 _build/app_error.o
                                      0x2f971 (size before relaxing)